11-09 16:49:39.355  3082  4233 I AudioFlinger: AudioFlinger's thread 0xf3983940 tid=4233 ready to run
11-09 16:49:39.355  3083  3083 I ExynosCamera: [CAM_ID(0)][]-INFO(m_stopCompanion[19072]): wait m_companionThread end
11-09 16:49:39.355  3083  3083 D ExynosCameraNode: [CAM_ID(0)][companion]-DEBUG(close[269]): close
11-09 16:49:39.367  3082  3082 I bt_a2dp_hw: adev_open:  adev_open in A2dp_hw module
11-09 16:49:39.367  3082  3082 I AudioFlinger: loadHwModule() Loaded a2dp audio interface, handle 18
11-09 16:49:39.368  3082  3082 I vndksupport: sphal namespace is not configured for this process. Loading /vendor/lib/hw/audio.usb.default.so from the current namespace instead.
11-09 16:49:39.370  3082  3082 I AudioFlinger: loadHwModule() Loaded usb audio interface, handle 26
11-09 16:49:39.370  3082  3082 I vndksupport: sphal namespace is not configured for this process. Loading /vendor/lib/hw/audio.r_submix.default.so from the current namespace instead.
11-09 16:49:39.371  3082  3082 I r_submix: adev_open(name=audio_hw_if)
11-09 16:49:39.371  3082  3082 I r_submix: adev_init_check()
11-09 16:49:39.371  3082  3082 W DeviceHAL: Device 0xf3983280 set_master_mute: Function not implemented
11-09 16:49:39.371  3082  3082 I AudioFlinger: loadHwModule() Loaded r_submix audio interface, handle 34
11-09 16:49:39.371  3082  3082 D r_submix: adev_open_input_stream(addr=0)
11-09 16:49:39.371  3082  3082 D r_submix: submix_audio_device_create_pipe_l(addr=0, idx=9)
11-09 16:49:39.371  3082  3082 D r_submix:   now using address 0 for route 9
11-09 16:49:39.372  3082  4237 I AudioFlinger: AudioFlinger's thread 0xf39a1680 tid=4237 ready to run
11-09 16:49:39.372  3082  3082 D r_submix: adev_close_input_stream()
11-09 16:49:39.372  3082  3082 D r_submix: submix_audio_device_release_pipe_l(idx=9) addr=0
11-09 16:49:39.372  3082  3082 D r_submix: submix_audio_device_destroy_pipe_l(): pipe destroyed
11-09 16:49:39.372  3018  3018 I Zygote  : Preloading shared libraries...
11-09 16:49:39.372  3082  3082 I RadioService: RadioService
11-09 16:49:39.372  3082  3082 I RadioService: onFirstRef
11-09 16:49:39.373  2933  2933 W /system/bin/hwservicemanager: getTransportFromManifest: Cannot find entry android.hardware.broadcastradio@1.0::IBroadcastRadioFactory in either framework or device manifest, using default transport.
11-09 16:49:39.373  3082  3082 E RadioService: could not read implementation properties
11-09 16:49:39.374  2933  2933 W /system/bin/hwservicemanager: getTransportFromManifest: Cannot find entry android.hardware.soundtrigger@2.0::ISoundTriggerHw in either framework or device manifest, using default transport.
11-09 16:49:39.374  3082  3082 E SoundTriggerHwService: could not read implementation properties
11-09 16:49:39.384  3099  4168 D bauth_FPBAuthService: pcf : 0x1011
11-09 16:49:39.384  3099  4168 I TLC_BAUTH: Call FP cmd 0xc (30);1557
11-09 16:49:39.384  3099  4168 I tlc_communication: Send Trustlet TCI Message;214
11-09 16:49:39.384  3099  4168 I tlc_communication: mcNotify is completed;224
11-09 16:49:39.395  3018  3018 I Zygote  : Uninstalled ICU cache reference pinning...
11-09 16:49:39.402  3018  3018 I Zygote  : Installed AndroidKeyStoreProvider in 7ms.
11-09 16:49:39.407  3018  3018 I Zygote  : Warmed up JCA providers in 5ms.
11-09 16:49:39.407  3018  3018 D Zygote  : end preload
11-09 16:49:39.407  3018  3018 D Zygote64Timing: ZygotePreload took to complete: 915ms
11-09 16:49:39.407  3099  4168 I tlc_communication: mcWaitNotification is completed;237
11-09 16:49:39.407  3099  4168 I TLC_BAUTH: Check the Trustlet return code is completed;1665
11-09 16:49:39.407  3099  4168 D bauth_FPBAuthService: check_opcode status = 5, opcode = 0, func_ret_val = 0, function_status = 0, timeout = 0
11-09 16:49:39.421  3099  4168 D bauth_FPBAuthService: FPBAuthService, 7363
11-09 16:49:39.421  3099  4168 I TLC_BAUTH: Call FUNC ID 0x4;693
11-09 16:49:39.423  3099  4168 I tlc_communication: tlc_close() called;149
11-09 16:49:39.423  3099  4168 I tlc_communication: Closing the session;153
11-09 16:49:39.426  3018  3018 I zygote64: Explicit concurrent copying GC freed 33476(1827KB) AllocSpace objects, 4(104KB) LOS objects, 84% free, 1111KB/7MB, paused 247us total 18.970ms
11-09 16:49:39.441  3018  3018 I zygote64: Explicit concurrent copying GC freed 6063(221KB) AllocSpace objects, 0(0B) LOS objects, 86% free, 922KB/6MB, paused 90us total 9.408ms
11-09 16:49:39.441  3018  3018 D Zygote64Timing: PostZygoteInitGC took to complete: 35ms
11-09 16:49:39.441  3018  3018 D Zygote64Timing: ZygoteInit took to complete: 951ms
11-09 16:49:39.441  3099  4168 I tlc_communication: Free WSM;171
11-09 16:49:39.441  3099  4168 I tlc_communication: Closing MobiCore device;189
11-09 16:49:39.442  3018  3018 I zygote64: Global filter of size 170 installed
11-09 16:49:39.452  3099  4168 I tlc_communication: tlc_close() successed;202
11-09 16:49:39.452  3099  4168 I TLC_BAUTH: FUNC ID 0x4 is completed;823
11-09 16:49:39.452  3099  4168 D bauth_FPBAuthSensorControl: FPBAuthSensorControl, 304
11-09 16:49:39.452  3099  4168 D bauth_FPBAuthService: FPBAuthService, 674
11-09 16:49:39.452  3099  4168 D bauth_FPBAuthService: FPBAuthService, 7403
11-09 16:49:39.452  3099  4168 D bauth_service: BAuthService, 85
11-09 16:49:39.452  3099  4168 D bauth_FPBAuthService: FPBAuthService, 7198
11-09 16:49:39.456  3083  3083 D ExynosCamera: [CAM_ID(0)][]-DEBUG(m_stopCompanion):Companion Node(109) closed
11-09 16:49:39.456  3083  3083 D ExynosCamera: [CAM_ID(0)][]-DEBUG(m_stopCompanion[19091]):duration time(  101 msec)
11-09 16:49:39.456  3083  3083 D ExynosCameraFrameManager: [CAM_ID(0)][FRAME MANAGER]-stop(736): frameManager already stop!!
11-09 16:49:39.456  3083  3083 I ExynosCamera: [CAM_ID(0)][]-INFO(m_deinitFrameFactory[944]): -IN-
11-09 16:49:39.456  3083  3083 D ExynosCamera: [CAM_ID(0)][]-DEBUG(m_deinitFrameFactory[958]): m_frameFactory index(0) and index(1) are same instance, set index(1) = NULL
11-09 16:49:39.456  3083  3083 D ExynosCamera: [CAM_ID(0)][]-DEBUG(m_deinitFrameFactory[958]): m_frameFactory index(0) and index(6) are same instance, set index(6) = NULL
11-09 16:49:39.456  3083  3083 I ExynosCameraFrameFactory: [CAM_ID(0)][ExynosCameraFrameFactory3aaIspTpu]-INFO(destroy[51])
11-09 16:49:39.456  3083  3083 D ExynosCameraFrameFactory: [CAM_ID(0)][ExynosCameraFrameFactory3aaIspTpu]-DEBUG(m_setCreate[104]) setCreate old(false) new(false)
11-09 16:49:39.456  3083  3083 I ExynosCameraFrameFactory: [CAM_ID(0)][ExynosCameraFrameFactory3aaIspTpu]-INFO(destroy[51])
11-09 16:49:39.456  3083  3083 D ExynosCameraFrameFactory: [CAM_ID(0)][ExynosCameraFrameFactory3aaIspTpu]-DEBUG(m_setCreate[104]) setCreate old(false) new(false)
11-09 16:49:39.456  3083  3083 I ExynosCameraFrameFactory: [CAM_ID(0)][ExynosCameraFrameFactory3aaIspTpu]-INFO(destroy[51])
11-09 16:49:39.456  3083  3083 D ExynosCameraFrameFactory: [CAM_ID(0)][ExynosCameraFrameFactory3aaIspTpu]-DEBUG(m_setCreate[104]) setCreate old(false) new(false)
11-09 16:49:39.456  3083  3083 D ExynosCamera: [CAM_ID(0)][]-DEBUG(m_deinitFrameFactory[971]):m_frameFactory[0] destroyed
11-09 16:49:39.456  3083  3083 I ExynosCameraFrameFactory: [CAM_ID(0)][ExynosCameraFrameFactory3aaIspOtf]-INFO(destroy[51])
11-09 16:49:39.456  3083  3083 D ExynosCameraFrameFactory: [CAM_ID(0)][ExynosCameraFrameFactory3aaIspOtf]-DEBUG(m_setCreate[104]) setCreate old(false) new(false)
11-09 16:49:39.456  3083  3083 I ExynosCameraFrameFactory: [CAM_ID(0)][ExynosCameraFrameFactory3aaIspOtf]-INFO(destroy[51])
11-09 16:49:39.456  3083  3083 D ExynosCameraFrameFactory: [CAM_ID(0)][ExynosCameraFrameFactory3aaIspOtf]-DEBUG(m_setCreate[104]) setCreate old(false) new(false)
11-09 16:49:39.456  3083  3083 I ExynosCameraFrameFactory: [CAM_ID(0)][ExynosCameraFrameFactory3aaIspOtf]-INFO(destroy[51])
11-09 16:49:39.456  3083  3083 D ExynosCameraFrameFactory: [CAM_ID(0)][ExynosCameraFrameFactory3aaIspOtf]-DEBUG(m_setCreate[104]) setCreate old(false) new(false)
11-09 16:49:39.456  3083  3083 D ExynosCamera: [CAM_ID(0)][]-DEBUG(m_deinitFrameFactory[971]):m_frameFactory[2] destroyed
11-09 16:49:39.456  3083  3083 I ExynosCameraFrameFactory: [CAM_ID(0)][ExynosCameraFrameFactory3aaIspOtfTpu]-INFO(destroy[51])
11-09 16:49:39.456  3083  3083 D ExynosCameraFrameFactory: [CAM_ID(0)][ExynosCameraFrameFactory3aaIspOtfTpu]-DEBUG(m_setCreate[104]) setCreate old(false) new(false)
11-09 16:49:39.456  3083  3083 I ExynosCameraFrameFactory: [CAM_ID(0)][ExynosCameraFrameFactory3aaIspOtfTpu]-INFO(destroy[51])
11-09 16:49:39.456  3083  3083 D ExynosCameraFrameFactory: [CAM_ID(0)][ExynosCameraFrameFactory3aaIspOtfTpu]-DEBUG(m_setCreate[104]) setCreate old(false) new(false)
11-09 16:49:39.456  3083  3083 I ExynosCameraFrameFactory: [CAM_ID(0)][ExynosCameraFrameFactory3aaIspOtfTpu]-INFO(destroy[51])
11-09 16:49:39.456  3083  3083 D ExynosCameraFrameFactory: [CAM_ID(0)][ExynosCameraFrameFactory3aaIspOtfTpu]-DEBUG(m_setCreate[104]) setCreate old(false) new(false)
11-09 16:49:39.456  3083  3083 D ExynosCamera: [CAM_ID(0)][]-DEBUG(m_deinitFrameFactory[971]):m_frameFactory[3] destroyed
11-09 16:49:39.456  3083  3083 I ExynosCameraFrameFactory: [CAM_ID(0)][FrameFactoryReprocessing]-INFO(destroy[51])
11-09 16:49:39.456  3083  3083 D ExynosCameraFrameFactory: [CAM_ID(0)][FrameFactoryReprocessing]-DEBUG(m_setCreate[104]) setCreate old(false) new(false)
11-09 16:49:39.457  3083  3083 D ExynosCameraFrameFactory: [CAM_ID(0)][FrameFactoryReprocessing]-DEBUG(m_setCreate[104]) setCreate old(false) new(false)
11-09 16:49:39.457  3083  3083 I ExynosCameraFrameFactory: [CAM_ID(0)][FrameFactoryReprocessing]-INFO(destroy[51])
11-09 16:49:39.457  3083  3083 D ExynosCameraFrameFactory: [CAM_ID(0)][FrameFactoryReprocessing]-DEBUG(m_setCreate[104]) setCreate old(false) new(false)
11-09 16:49:39.457  3083  3083 D ExynosCamera: [CAM_ID(0)][]-DEBUG(m_deinitFrameFactory[971]):m_frameFactory[7] destroyed
11-09 16:49:39.457  3083  3083 I ExynosCamera: [CAM_ID(0)][]-INFO(m_deinitFrameFactory[980]): -OUT-
11-09 16:49:39.457  3083  3083 D ExynosCamera: DEBUG:duration time(    1 msec):(m_deinitFrameFactory)
11-09 16:49:39.457  3083  3083 D ExynosCamera: [CAM_ID(0)][]-DEBUG(release):Parameters(Id=0) destroyed
11-09 16:49:39.457  3083  3083 I ExynosCamera: [CAM_ID(0)][]-INFO(m_releaseBuffers[16673]):release buffer
11-09 16:49:39.457  3083  3083 D ExynosCameraBufferManager: [CAM_ID(0)][BAYER_BUF]-DEBUG(deinit[116]):IN..
11-09 16:49:39.457  3083  3083 I ExynosCameraBufferManager: [CAM_ID(0)][BAYER_BUF]-INFO(deinit[119]:OUT.. Buffer is not allocated
11-09 16:49:39.457  3083  3083 D ExynosCameraBufferManager: [CAM_ID(0)][FLITE_BUF]-DEBUG(deinit[116]):IN..
11-09 16:49:39.457  3083  3083 I ExynosCameraBufferManager: [CAM_ID(0)][FLITE_BUF]-INFO(deinit[119]:OUT.. Buffer is not allocated
11-09 16:49:39.457  3083  3083 D ExynosCameraBufferManager: [CAM_ID(0)][3A1_BUF]-DEBUG(deinit[116]):IN..
11-09 16:49:39.457  3083  3083 I ExynosCameraBufferManager: [CAM_ID(0)][3A1_BUF]-INFO(deinit[119]:OUT.. Buffer is not allocated
11-09 16:49:39.457  3083  3083 D ExynosCameraBufferManager: [CAM_ID(0)][ISP_BUF]-DEBUG(deinit[116]):IN..
11-09 16:49:39.457  3083  3083 I ExynosCameraBufferManager: [CAM_ID(0)][ISP_BUF]-INFO(deinit[119]:OUT.. Buffer is not allocated
11-09 16:49:39.457  3083  3083 D ExynosCameraBufferManager: [CAM_ID(0)][HW_DIS_BUF]-DEBUG(deinit[116]):IN..
11-09 16:49:39.457  3083  3083 I ExynosCameraBufferManager: [CAM_ID(0)][HW_DIS_BUF]-INFO(deinit[119]:OUT.. Buffer is not allocated
11-09 16:49:39.457  3083  3083 D ExynosCameraBufferManager: [CAM_ID(0)][ISP_RE_BUF]-DEBUG(deinit[116]):IN..
11-09 16:49:39.457  3083  3083 I ExynosCameraBufferManager: [CAM_ID(0)][ISP_RE_BUF]-INFO(deinit[119]:OUT.. Buffer is not allocated
11-09 16:49:39.457  3083  3083 D ExynosCameraBufferManager: [CAM_ID(0)][SCC_RE_BUF]-DEBUG(deinit[116]):IN..
11-09 16:49:39.457  3083  3083 I ExynosCameraBufferManager: [CAM_ID(0)][SCC_RE_BUF]-INFO(deinit[119]:OUT.. Buffer is not allocated
11-09 16:49:39.457  3083  3083 D ExynosCameraBufferManager: [CAM_ID(0)][SCC_BUF]-DEBUG(deinit[116]):IN..
11-09 16:49:39.457  3083  3083 I ExynosCameraBufferManager: [CAM_ID(0)][SCC_BUF]-INFO(deinit[119]:OUT.. Buffer is not allocated
11-09 16:49:39.457  3083  3083 D ExynosCameraBufferManager: [CAM_ID(0)][GSC_BUF]-DEBUG(deinit[116]):IN..
11-09 16:49:39.457  3083  3083 I ExynosCameraBufferManager: [CAM_ID(0)][GSC_BUF]-INFO(deinit[119]:OUT.. Buffer is not allocated
11-09 16:49:39.457  3083  3083 D ExynosCameraBufferManager: [CAM_ID(0)][POSTPICTURE_GSC_BUF]-DEBUG(deinit[116]):IN..
11-09 16:49:39.457  3083  3083 I ExynosCameraBufferManager: [CAM_ID(0)][POSTPICTURE_GSC_BUF]-INFO(deinit[119]:OUT.. Buffer is not allocated
11-09 16:49:39.457  3083  3083 D ExynosCameraBufferManager: [CAM_ID(0)][THUMBNAIL_GSC_BUF]-DEBUG(deinit[116]):IN..
11-09 16:49:39.457  3083  3083 I ExynosCameraBufferManager: [CAM_ID(0)][THUMBNAIL_GSC_BUF]-INFO(deinit[119]:OUT.. Buffer is not allocated
11-09 16:49:39.457  3083  3083 D ExynosCameraBufferManager: [CAM_ID(0)][JPEG_BUF]-DEBUG(deinit[116]):IN..
11-09 16:49:39.457  3083  3083 I ExynosCameraBufferManager: [CAM_ID(0)][JPEG_BUF]-INFO(deinit[119]:OUT.. Buffer is not allocated
11-09 16:49:39.457  3083  3083 D ExynosCameraBufferManager: [CAM_ID(0)][REC_BUF]-DEBUG(deinit[116]):IN..
11-09 16:49:39.457  3083  3083 I ExynosCameraBufferManager: [CAM_ID(0)][REC_BUF]-INFO(deinit[119]:OUT.. Buffer is not allocated
11-09 16:49:39.457  3083  3083 D ExynosCameraBufferManager: [CAM_ID(0)][PREVIEW_CB_BUF]-DEBUG(deinit[116]):IN..
11-09 16:49:39.457  3083  3083 I ExynosCameraBufferManager: [CAM_ID(0)][PREVIEW_CB_BUF]-INFO(deinit[119]:OUT.. Buffer is not allocated
11-09 16:49:39.457  3083  3083 D ExynosCameraBufferManager: [CAM_ID(0)][HIGH_RESOLUTION_CB_BUF]-DEBUG(deinit[116]):IN..
11-09 16:49:39.457  3083  3083 I ExynosCameraBufferManager: [CAM_ID(0)][HIGH_RESOLUTION_CB_BUF]-INFO(deinit[119]:OUT.. Buffer is not allocated
11-09 16:49:39.457  3083  3083 D ExynosCameraBufferManager: [CAM_ID(0)][VDIS_BUF]-DEBUG(deinit[116]):IN..
11-09 16:49:39.457  3083  3083 I ExynosCameraBufferManager: [CAM_ID(0)][VDIS_BUF]-INFO(deinit[119]:OUT.. Buffer is not allocated
11-09 16:49:39.457  3083  3083 I ExynosCamera: [CAM_ID(0)][]-INFO(m_releaseBuffers[16741]):free buffer done
11-09 16:49:39.458  3083  3083 D ExynosCamera: [CAM_ID(0)][]-DEBUG(release):FrameFactoryQ destroyed
11-09 16:49:39.458  3083  3083 D ExynosCameraBufferManager: [CAM_ID(0)][BAYER_BUF]-DEBUG(deinit[116]):IN..
11-09 16:49:39.458  3083  3083 I ExynosCameraBufferManager: [CAM_ID(0)][BAYER_BUF]-INFO(deinit[119]:OUT.. Buffer is not allocated
11-09 16:49:39.458  3083  3083 D ExynosCameraBufferManager: [CAM_ID(0)][BAYER_BUF]-DEBUG(deinit[116]):IN..
11-09 16:49:39.458  3083  3083 I ExynosCameraBufferManager: [CAM_ID(0)][BAYER_BUF]-INFO(deinit[119]:OUT.. Buffer is not allocated
11-09 16:49:39.458  3083  3083 D ExynosCamera: [CAM_ID(0)][]-DEBUG(release):BufferManager(bayerBufferMgr) destroyed
11-09 16:49:39.458  3083  3083 D ExynosCameraBufferManager: [CAM_ID(0)][FLITE_BUF]-DEBUG(deinit[116]):IN..
11-09 16:49:39.458  3083  3083 I ExynosCameraBufferManager: [CAM_ID(0)][FLITE_BUF]-INFO(deinit[119]:OUT.. Buffer is not allocated
11-09 16:49:39.458  3083  3083 D ExynosCameraBufferManager: [CAM_ID(0)][FLITE_BUF]-DEBUG(deinit[116]):IN..
11-09 16:49:39.458  3083  3083 I ExynosCameraBufferManager: [CAM_ID(0)][FLITE_BUF]-INFO(deinit[119]:OUT.. Buffer is not allocated
11-09 16:49:39.458  3083  3083 D ExynosCamera: [CAM_ID(0)][]-DEBUG(release):BufferManager(m_fliteBufferMgr) destroyed
11-09 16:49:39.458  3083  3083 D ExynosCameraBufferManager: [CAM_ID(0)][3A1_BUF]-DEBUG(deinit[116]):IN..
11-09 16:49:39.458  3083  3083 I ExynosCameraBufferManager: [CAM_ID(0)][3A1_BUF]-INFO(deinit[119]:OUT.. Buffer is not allocated
11-09 16:49:39.458  3083  3083 D ExynosCameraBufferManager: [CAM_ID(0)][3A1_BUF]-DEBUG(deinit[116]):IN..
11-09 16:49:39.458  3083  3083 I ExynosCameraBufferManager: [CAM_ID(0)][3A1_BUF]-INFO(deinit[119]:OUT.. Buffer is not allocated
11-09 16:49:39.458  3083  3083 D ExynosCamera: [CAM_ID(0)][]-DEBUG(release):BufferManager(3aaBufferMgr) destroyed
11-09 16:49:39.458  3083  3083 D ExynosCameraBufferManager: [CAM_ID(0)][ISP_BUF]-DEBUG(deinit[116]):IN..
11-09 16:49:39.458  3083  3083 I ExynosCameraBufferManager: [CAM_ID(0)][ISP_BUF]-INFO(deinit[119]:OUT.. Buffer is not allocated
11-09 16:49:39.458  3083  3083 D ExynosCameraBufferManager: [CAM_ID(0)][ISP_BUF]-DEBUG(deinit[116]):IN..
11-09 16:49:39.458  3083  3083 I ExynosCameraBufferManager: [CAM_ID(0)][ISP_BUF]-INFO(deinit[119]:OUT.. Buffer is not allocated
11-09 16:49:39.458  3083  3083 D ExynosCamera: [CAM_ID(0)][]-DEBUG(release):BufferManager(ispBufferMgr) destroyed
11-09 16:49:39.458  3083  3083 D ExynosCameraBufferManager: [CAM_ID(0)][HW_DIS_BUF]-DEBUG(deinit[116]):IN..
11-09 16:49:39.458  3083  3083 I ExynosCameraBufferManager: [CAM_ID(0)][HW_DIS_BUF]-INFO(deinit[119]:OUT.. Buffer is not allocated
11-09 16:49:39.458  3083  3083 D ExynosCameraBufferManager: [CAM_ID(0)][HW_DIS_BUF]-DEBUG(deinit[116]):IN..
11-09 16:49:39.458  3083  3083 I ExynosCameraBufferManager: [CAM_ID(0)][HW_DIS_BUF]-INFO(deinit[119]:OUT.. Buffer is not allocated
11-09 16:49:39.458  3083  3083 D ExynosCamera: [CAM_ID(0)][]-DEBUG(release):BufferManager(m_hwDisBufferMgr) destroyed
11-09 16:49:39.458  3083  3083 D ExynosCameraBufferManager: [CAM_ID(0)][DZOOM_SCALER_BUF]-DEBUG(deinit[116]):IN..
11-09 16:49:39.458  3083  3083 I ExynosCameraBufferManager: [CAM_ID(0)][DZOOM_SCALER_BUF]-INFO(deinit[119]:OUT.. Buffer is not allocated
11-09 16:49:39.458  3083  3083 D ExynosCameraBufferManager: [CAM_ID(0)][DZOOM_SCALER_BUF]-DEBUG(deinit[116]):IN..
11-09 16:49:39.458  3083  3083 I ExynosCameraBufferManager: [CAM_ID(0)][DZOOM_SCALER_BUF]-INFO(deinit[119]:OUT.. Buffer is not allocated
11-09 16:49:39.458  3083  3083 D ExynosCamera: [CAM_ID(0)][]-DEBUG(release):BufferManager(m_zoomScalerBufferMgr) destroyed
11-09 16:49:39.458  3083  3083 D ExynosCameraBufferManager: [CAM_ID(0)][ISP_RE_BUF]-DEBUG(deinit[116]):IN..
11-09 16:49:39.458  3083  3083 I ExynosCameraBufferManager: [CAM_ID(0)][ISP_RE_BUF]-INFO(deinit[119]:OUT.. Buffer is not allocated
11-09 16:49:39.458  3083  3083 D ExynosCameraBufferManager: [CAM_ID(0)][ISP_RE_BUF]-DEBUG(deinit[116]):IN..
11-09 16:49:39.458  3083  3083 I ExynosCameraBufferManager: [CAM_ID(0)][ISP_RE_BUF]-INFO(deinit[119]:OUT.. Buffer is not allocated
11-09 16:49:39.458  3083  3083 D ExynosCamera: [CAM_ID(0)][]-DEBUG(release):BufferManager(ispReprocessingBufferMgr) destroyed
11-09 16:49:39.458  3083  3083 D ExynosCameraBufferManager: [CAM_ID(0)][SCC_RE_BUF]-DEBUG(deinit[116]):IN..
11-09 16:49:39.458  3083  3083 I ExynosCameraBufferManager: [CAM_ID(0)][SCC_RE_BUF]-INFO(deinit[119]:OUT.. Buffer is not allocated
11-09 16:49:39.458  3083  3083 D ExynosCameraBufferManager: [CAM_ID(0)][SCC_RE_BUF]-DEBUG(deinit[116]):IN..
11-09 16:49:39.458  3083  3083 I ExynosCameraBufferManager: [CAM_ID(0)][SCC_RE_BUF]-INFO(deinit[119]:OUT.. Buffer is not allocated
11-09 16:49:39.458  3083  3083 D ExynosCamera: [CAM_ID(0)][]-DEBUG(release):BufferManager(sccReprocessingBufferMgr) destroyed
11-09 16:49:39.458  3083  3083 D ExynosCameraBufferManager: [CAM_ID(0)][SCC_BUF]-DEBUG(deinit[116]):IN..
11-09 16:49:39.458  3083  3083 I ExynosCameraBufferManager: [CAM_ID(0)][SCC_BUF]-INFO(deinit[119]:OUT.. Buffer is not allocated
11-09 16:49:39.458  3083  3083 D ExynosCameraBufferManager: [CAM_ID(0)][SCC_BUF]-DEBUG(deinit[116]):IN..
11-09 16:49:39.458  3083  3083 I ExynosCameraBufferManager: [CAM_ID(0)][SCC_BUF]-INFO(deinit[119]:OUT.. Buffer is not allocated
11-09 16:49:39.459  3083  3083 D ExynosCamera: [CAM_ID(0)][]-DEBUG(release):BufferManager(sccBufferMgr) destroyed
11-09 16:49:39.459  3083  3083 D ExynosCameraBufferManager: [CAM_ID(0)][GSC_BUF]-DEBUG(deinit[116]):IN..
11-09 16:49:39.459  3083  3083 I ExynosCameraBufferManager: [CAM_ID(0)][GSC_BUF]-INFO(deinit[119]:OUT.. Buffer is not allocated
11-09 16:49:39.459  3083  3083 D ExynosCameraBufferManager: [CAM_ID(0)][GSC_BUF]-DEBUG(deinit[116]):IN..
11-09 16:49:39.459  3083  3083 I ExynosCameraBufferManager: [CAM_ID(0)][GSC_BUF]-INFO(deinit[119]:OUT.. Buffer is not allocated
11-09 16:49:39.459  3083  3083 D ExynosCamera: [CAM_ID(0)][]-DEBUG(release):BufferManager(gscBufferMgr) destroyed
11-09 16:49:39.459  3083  3083 D ExynosCameraBufferManager: [CAM_ID(0)][POSTPICTURE_GSC_BUF]-DEBUG(deinit[116]):IN..
11-09 16:49:39.459  3083  3083 I ExynosCameraBufferManager: [CAM_ID(0)][POSTPICTURE_GSC_BUF]-INFO(deinit[119]:OUT.. Buffer is not allocated
11-09 16:49:39.459  3083  3083 D ExynosCameraBufferManager: [CAM_ID(0)][POSTPICTURE_GSC_BUF]-DEBUG(deinit[116]):IN..
11-09 16:49:39.459  3083  3083 I ExynosCameraBufferManager: [CAM_ID(0)][POSTPICTURE_GSC_BUF]-INFO(deinit[119]:OUT.. Buffer is not allocated
11-09 16:49:39.459  3083  3083 D ExynosCamera: [CAM_ID(0)][]-DEBUG(release):BufferManager(m_postPictureGscBufferMgr) destroyed
11-09 16:49:39.459  3083  3083 D ExynosCameraBufferManager: [CAM_ID(0)][THUMBNAIL_GSC_BUF]-DEBUG(deinit[116]):IN..
11-09 16:49:39.459  3083  3083 I ExynosCameraBufferManager: [CAM_ID(0)][THUMBNAIL_GSC_BUF]-INFO(deinit[119]:OUT.. Buffer is not allocated
11-09 16:49:39.459  3083  3083 D ExynosCameraBufferManager: [CAM_ID(0)][THUMBNAIL_GSC_BUF]-DEBUG(deinit[116]):IN..
11-09 16:49:39.459  3083  3083 I ExynosCameraBufferManager: [CAM_ID(0)][THUMBNAIL_GSC_BUF]-INFO(deinit[119]:OUT.. Buffer is not allocated
11-09 16:49:39.459  3083  3083 D ExynosCamera: [CAM_ID(0)][]-DEBUG(release):BufferManager(m_thumbnailGscBufferMgr) destroyed
11-09 16:49:39.459  3083  3083 D ExynosCameraBufferManager: [CAM_ID(0)][JPEG_BUF]-DEBUG(deinit[116]):IN..
11-09 16:49:39.459  3083  3083 I ExynosCameraBufferManager: [CAM_ID(0)][JPEG_BUF]-INFO(deinit[119]:OUT.. Buffer is not allocated
11-09 16:49:39.459  3083  3083 D ExynosCameraBufferManager: [CAM_ID(0)][JPEG_BUF]-DEBUG(deinit[116]):IN..
11-09 16:49:39.459  3083  3083 I ExynosCameraBufferManager: [CAM_ID(0)][JPEG_BUF]-INFO(deinit[119]:OUT.. Buffer is not allocated
11-09 16:49:39.459  3083  3083 D ExynosCamera: [CAM_ID(0)][]-DEBUG(release):BufferManager(jpegBufferMgr) destroyed
11-09 16:49:39.459  3083  3083 D ExynosCameraBufferManager: [CAM_ID(0)][PREVIEW_CB_BUF]-DEBUG(deinit[116]):IN..
11-09 16:49:39.459  3083  3083 I ExynosCameraBufferManager: [CAM_ID(0)][PREVIEW_CB_BUF]-INFO(deinit[119]:OUT.. Buffer is not allocated
11-09 16:49:39.459  3083  3083 D ExynosCameraBufferManager: [CAM_ID(0)][PREVIEW_CB_BUF]-DEBUG(deinit[116]):IN..
11-09 16:49:39.459  3083  3083 I ExynosCameraBufferManager: [CAM_ID(0)][PREVIEW_CB_BUF]-INFO(deinit[119]:OUT.. Buffer is not allocated
11-09 16:49:39.459  3083  3083 D ExynosCamera: [CAM_ID(0)][]-DEBUG(release):BufferManager(previewCallbackBufferMgr) destroyed
11-09 16:49:39.459  3083  3083 D ExynosCameraBufferManager: [CAM_ID(0)][HIGH_RESOLUTION_CB_BUF]-DEBUG(deinit[116]):IN..
11-09 16:49:39.459  3083  3083 I ExynosCameraBufferManager: [CAM_ID(0)][HIGH_RESOLUTION_CB_BUF]-INFO(deinit[119]:OUT.. Buffer is not allocated
11-09 16:49:39.459  3083  3083 D ExynosCameraBufferManager: [CAM_ID(0)][HIGH_RESOLUTION_CB_BUF]-DEBUG(deinit[116]):IN..
11-09 16:49:39.459  3083  3083 I ExynosCameraBufferManager: [CAM_ID(0)][HIGH_RESOLUTION_CB_BUF]-INFO(deinit[119]:OUT.. Buffer is not allocated
11-09 16:49:39.459  3083  3083 D ExynosCamera: [CAM_ID(0)][]-DEBUG(release):BufferManager(m_highResolutionCallbackBufferMgr) destroyed
11-09 16:49:39.459  3083  3083 D ExynosCameraBufferManager: [CAM_ID(0)][REC_BUF]-DEBUG(deinit[116]):IN..
11-09 16:49:39.459  3083  3083 I ExynosCameraBufferManager: [CAM_ID(0)][REC_BUF]-INFO(deinit[119]:OUT.. Buffer is not allocated
11-09 16:49:39.459  3083  3083 D ExynosCameraBufferManager: [CAM_ID(0)][REC_BUF]-DEBUG(deinit[116]):IN..
11-09 16:49:39.459  3083  3083 I ExynosCameraBufferManager: [CAM_ID(0)][REC_BUF]-INFO(deinit[119]:OUT.. Buffer is not allocated
11-09 16:49:39.459  3083  3083 D ExynosCamera: [CAM_ID(0)][]-DEBUG(release):BufferManager(recordingBufferMgr) destroyed
11-09 16:49:39.459  3083  3083 D ExynosCameraBufferManager: [CAM_ID(0)][VDIS_BUF]-DEBUG(deinit[116]):IN..
11-09 16:49:39.459  3083  3083 I ExynosCameraBufferManager: [CAM_ID(0)][VDIS_BUF]-INFO(deinit[119]:OUT.. Buffer is not allocated
11-09 16:49:39.459  3083  3083 D ExynosCameraBufferManager: [CAM_ID(0)][VDIS_BUF]-DEBUG(deinit[116]):IN..
11-09 16:49:39.459  3083  3083 I ExynosCameraBufferManager: [CAM_ID(0)][VDIS_BUF]-INFO(deinit[119]:OUT.. Buffer is not allocated
11-09 16:49:39.459  3083  3083 D ExynosCamera: VDIS_HAL(release):BufferManager(m_swVDIS_BufferMgr) destroyed
11-09 16:49:39.459  3083  3083 D ExynosCameraFrameManager: [CAM_ID(0)][FRAME MANAGER]-DEBUG(~ExynosCameraFrameManager): FrameManager DELETE(name(FRAME MANAGER) cameraid(0) mode(2)
11-09 16:49:39.459  3083  3083 D ExynosCameraFrameManager: [CAM_ID(0)][CREATE FRAME WORKER]-DEBUG(~CreateWorker): Worker DELETE(name(CREATE FRAME WORKER) cameraid(0) mode(2) 
11-09 16:49:39.459  3083  3083 D ExynosCameraFrameManager: [CAM_ID(0)][DELETE FRAME WORKER]-DEBUG(~DeleteWorker): Worker DELETE(name(DELETE FRAME WORKER) cameraid(0) mode(2) 
11-09 16:49:39.459  3083  3083 D ExynosCameraFrameManager: [CAM_ID(0)][FRAME MANAGER]-DEBUG(m_deinit[961]): delete m_lock
11-09 16:49:39.460  3018  3018 I main    : type=1400 audit(0.0:194): avc: denied { getattr } for path="/sys/kernel/debug/tracing/trace_marker" dev="debugfs" ino=2637 scontext=u:r:zygote:s0 tcontext=u:object_r:debugfs:s0 tclass=file permissive=1
11-09 16:49:39.460  4242  4242 I main    : type=1400 audit(0.0:195): avc: denied { write } for name="trace_marker" dev="debugfs" ino=2637 scontext=u:r:zygote:s0 tcontext=u:object_r:debugfs:s0 tclass=file permissive=1
11-09 16:49:39.460  4242  4242 I main    : type=1400 audit(0.0:196): avc: denied { open } for path="/sys/kernel/debug/tracing/trace_marker" dev="debugfs" ino=2637 scontext=u:r:zygote:s0 tcontext=u:object_r:debugfs:s0 tclass=file permissive=1
11-09 16:49:39.460  3083  3083 D ExynosCameraFrameManager: [CAM_ID(0)][FRAME MANAGER]-DEBUG(m_deinit[966]): delete m_keybox
11-09 16:49:39.460  3083  3083 I ExynosCamera: [CAM_ID(0)][]-INFO(release[1484]): -OUT-
11-09 16:49:39.460  3083  3083 D SecCameraPreviewFrameScheduler: (m_release[181] m_vsyncPeriod=0, Drop Count 0)
11-09 16:49:39.460  3083  3083 I ExynosCamera3Interface: INFO(HAL_camera_device_close[775]):camera(0)
11-09 16:49:39.460  3083  3083 I ExynosCamera3Interface: INFO(HAL_camera_device_close[778]): out
11-09 16:49:39.460  3083  3083 D ExynosCamera3Interface: DEBUG:duration time(  121 msec):(HAL_camera_device_close)
11-09 16:49:39.460  3083  3083 I CameraProviderManager: Enumerating new camera device: device@3.2/legacy/0
11-09 16:49:39.460  3083  3083 V CameraWrapper: camera_get_number_of_cameras
11-09 16:49:39.460  3083  3083 V CameraWrapper: check_vendor_module
11-09 16:49:39.460  3083  3083 I CameraProviderManager: Enumerating new camera device: device@1.0/legacy/1
11-09 16:49:39.460  3083  3083 V CameraWrapper: camera_get_number_of_cameras
11-09 16:49:39.460  3083  3083 V CameraWrapper: check_vendor_module
11-09 16:49:39.461  3083  3083 I CamDev@1.0-impl: Opening camera 1
11-09 16:49:39.461  3083  3083 V CameraWrapper: camera_open_legacy
11-09 16:49:39.461  3083  3083 V CameraWrapper: check_vendor_module
11-09 16:49:39.461  3083  3083 V Camera2Wrapper: camera2_device_open
11-09 16:49:39.461  3083  3083 V Camera2Wrapper: check_vendor_module
11-09 16:49:39.461  3083  3083 I ExynosCamera3Interface: INFO(HAL_open_legacy[450]):in =====
11-09 16:49:39.461  3083  3083 I ExynosCamera3Interface: INFO(HAL_open_legacy[470]):out =====
11-09 16:49:39.461  3083  3083 I ExynosCamera3Interface: INFO(HAL_camera_device_open[639]):camera(1) in
11-09 16:49:39.461  3083  3083 D ExynosCamera3Interface: DEBUG(check_camera_state):camera(1) state(1) checking...
11-09 16:49:39.461  3083  3083 D ExynosCamera3Interface: DEBUG(check_camera_state):camera(1) state(3:CLOSED->1:OPENED) is valid
11-09 16:49:39.461  3083  3083 D ExynosCamera3Interface: DEBUG(HAL_camera_device_open):open camera 1
11-09 16:49:39.461  3083  3083 E ExynosCamera: Build Date is (__DATE__) (__TIME__)
11-09 16:49:39.461  3083  3083 D ExynosCameraUtils: DEBUG(checkAndroidVersion[2075]): Tartget Android version (4.4), build version (8.0.0)
11-09 16:49:39.461  3083  3083 I ExynosCameraUtils: INFO(checkBinningProperty[2126]): set cam_binning property 0
11-09 16:49:39.461  3083  3083 I ExynosCamera: [CAM_ID(1)][]-INFO(ExynosCamera):cameraId(1), use_companion(1)
11-09 16:49:39.461  3083  3083 D ExynosCamera: [CAM_ID(1)][]-DEBUG(ExynosCamera): companionThread starts
11-09 16:49:39.461  3083  3083 D ExynosCameraSensorInfo: createSensorInfo[34] sensor ID(21)
11-09 16:49:39.461  3083  4241 I ExynosCamera: [CAM_ID(1)][]-INFO(m_companionThreadFunc[11889]):
11-09 16:49:39.461  3083  3083 I ExynosCameraParameters: [CAM_ID(1)][ParametersFront]-DEBUG(m_setParamCropRegion):size0(2592, 1950, 2560, 1440)
11-09 16:49:39.461  3083  3083 I ExynosCameraParameters: [CAM_ID(1)][ParametersFront]-DEBUG(m_setParamCropRegion):size(0, 246, 2592, 1458), level(0)
11-09 16:49:39.461  3083  3083 I ExynosCameraUtils: INFO(checkBinningProperty[2126]): set cam_binning property 0
11-09 16:49:39.461  3083  3083 I ExynosCameraUtils: INFO(checkFpsProperty[2109]): set cam_binning property (0).
11-09 16:49:39.461  3083  3083 I ExynosCameraParameters: [CAM_ID(1)][ParametersFront]-INFO(setDefaultCameraInfo[645])
11-09 16:49:39.461  3083  3083 D ExynosCameraParameters: [CAM_ID(1)][ParametersFront]-DEBUG(m_setBnsScaleRatio[4095]): This camera does not support BNS
11-09 16:49:39.461  3083  3083 D ExynosCameraParameters: [CAM_ID(1)][ParametersFront]-DEBUG(m_setBnsScaleRatio[4104]): update BNS ratio(0 -> 1000)
11-09 16:49:39.462  3083  3083 I ExynosCameraParameters: [CAM_ID(1)][ParametersFront]-INFO(setDefaultParameter[660])
11-09 16:49:39.462  3083  3083 D ExynosCameraParameters: [CAM_ID(1)][ParametersFront]-DEBUG(setDefaultParameter): Default preview size is 1920x1080
11-09 16:49:39.462  3083  3083 D ExynosCameraParameters: [CAM_ID(1)][ParametersFront]-DEBUG(setDefaultParameter): KEY_SUPPORTED_VIDEO_SIZES 1920x1080,1440x1080,1088x1088,1280x720,960x720,800x450,720x480,640x480,480x320,352x288,320x240,256x144,176x144
11-09 16:49:39.462  3083  3083 D ExynosCameraParameters: [CAM_ID(1)][ParametersFront]-DEBUG(setDefaultParameter): Max video size is 1920x1080
11-09 16:49:39.462  3083  3083 D ExynosCameraParameters: [CAM_ID(1)][ParametersFront]-DEBUG(setDefaultParameter): Default video size is 1920x1080
11-09 16:49:39.462  3083  3083 I ExynosCameraParameters: [CAM_ID(1)][ParametersFront]-INFO(setDefaultParameter[732]):video_frame_foramt == YUV420SP
11-09 16:49:39.462  3083  3083 D ExynosCameraParameters: [CAM_ID(1)][ParametersFront]-DEBUG(setDefaultParameter): Default picture size is 2592x1458
11-09 16:49:39.462  3083  4241 D ExynosCameraNode: [CAM_ID(1)][companion]-DEBUG(open[251]): Node(109)(/dev/video109) opened. m_fd(8)
11-09 16:49:39.462  3083  3083 I ExynosCameraParameters: [CAM_ID(1)][ParametersFront]-INFO(setDefaultParameter): DNG Picture List is empty.
11-09 16:49:39.462  3083  4241 D ExynosCamera: [CAM_ID(1)][]-DEBUG(m_companionThreadFunc):Companion Node(109) opened running)
11-09 16:49:39.462  3083  3083 D ExynosCameraParameters: [CAM_ID(1)][ParametersFront]-m_antiBanding = 50hz
11-09 16:49:39.462  3083  3083 I ExynosCameraParameters: INFO(setDefaultParameter):getMaxZoomLevel(100)
11-09 16:49:39.462  3083  3083 I ExynosCameraParameters: INFO(setDefaultParameter):maxZoom=100, max_zoom_ratio= 4000, zoomRatioList=100,101,102,104,105,107,108,110,111,113,115,116,118,119,121,123,125,126,128,130,132,134,136,137,139,141,143,145,148,150,152,154,156,158,160,163,165,167,170,172,175,177,180,182,185,187,190,193,195,198,201,204,207,210,213,216,219,222,225,228,231,234,238,241,245,248,251,255,259,262,266,270,274,277,281,285,289,293,298,302,306,310,315,319,324,328,333,338,342,347,352,357,362,367,372,378,383,388,394,400
11-09 16:49:39.462  3083  3083 I ExynosCameraParameters: [CAM_ID(1)][ParametersFront]-INFO(getPreviewFpsRange[1190]):minFpsRange=15, maxFpsRange=30
11-09 16:49:39.462  3083  3083 I ExynosCameraParameters: [CAM_ID(1)][ParametersFront]-INFO(setDefaultParameter):supportedFpsList=(15000,15000),(24000,24000),(15000,30000),(30000,30000)
11-09 16:49:39.462  3083  3083 D ExynosCameraParameters: [CAM_ID(1)][ParametersFront]-DEBUG(setParameters):intelligent_mode : -1
11-09 16:49:39.462  3083  3083 D ExynosCameraParameters: [CAM_ID(1)][ParametersFront]-DEBUG(setParameters):intelligent_mode(-1) getVisionMode(0)
11-09 16:49:39.463  3083  3083 I ExynosCameraParameters: [CAM_ID(1)][ParametersFront]-INFO(checkPreviewFpsRange):Original FpsRange[Min=15000, Max=30000]
11-09 16:49:39.463  3083  3083 I ExynosCameraParameters: [CAM_ID(1)][ParametersFront]-INFO(checkPreviewFpsRange):curFpsRange[Min=15, Max=30], newHWFpsRange[Min=15, Max=30], newFpsRange[Min=15, Max=30], [curFrameRate=30]
11-09 16:49:39.463  3083  3083 I ExynosCameraActivityControl: INFO(setFpsValue[898]): m_fpsValue(15)
11-09 16:49:39.463  3083  3083 I ExynosCameraParameters: [CAM_ID(1)][ParametersFront]-INFO(setParameters):newVideo Size (1920x1080), ratioId(0)
11-09 16:49:39.463  3083  3083 D ExynosCameraParameters: [CAM_ID(1)][ParametersFront]-DEBUG(setParameters):newVTMode -1
11-09 16:49:39.463  3083  3083 D ExynosCameraParameters: [CAM_ID(1)][ParametersFront]-DEBUG(setParameters):newHwVdis 0
11-09 16:49:39.463  3083  3083 D ExynosCameraParameters: [CAM_ID(1)][ParametersFront]-DEBUG(setParameters):new3dnrMode false
11-09 16:49:39.463  3083  3083 D ExynosCameraParameters: [CAM_ID(1)][ParametersFront]-DEBUG(setParameters):newDrcMode false
11-09 16:49:39.463  3083  3083 D ExynosCameraParameters: [CAM_ID(1)][ParametersFront]-DEBUG(setParameters):newOdcMode false
11-09 16:49:39.463  3083  3083 D ExynosCameraParameters: DEBUG(setParameters):highResolutionMode:off
11-09 16:49:39.463  3083  3083 I ExynosCameraParameters: INFO(setParameters):Cur Preview size(1920x1080)
11-09 16:49:39.463  3083  3083 I ExynosCameraParameters: INFO(setParameters):Cur HwPreview size(2560x1440)
11-09 16:49:39.463  3083  3083 I ExynosCameraParameters: INFO(setParameters):param.preview size(1920x1080)
11-09 16:49:39.463  3083  3083 I ExynosCameraParameters: INFO(setParameters):Adjust Preview size(1920x1080), ratioId(0)
11-09 16:49:39.463  3083  3083 I ExynosCameraParameters: INFO(setParameters):Calibrated HwPreview size(1920x1080)
11-09 16:49:39.463  3083  3083 D ExynosCameraParameters: DEBUG(checkPreviewSize):setRestartPreviewChecked true
11-09 16:49:39.463  3083  3083 D ExynosCameraParameters: [CAM_ID(1)][ParametersFront]-DEBUG(m_setRestartPreviewChecked):setRestartPreviewChecked(during SetParameters) true
11-09 16:49:39.463  3083  3083 D ExynosCameraParameters: [CAM_ID(1)][ParametersFront]-DEBUG(setParameters):newPreviewFormat: yuv420sp
11-09 16:49:39.463  3083  3083 I ExynosCameraParameters: [CAM_ID(1)][ParametersFront]-INFO(Parameters[3813]): preview format changed cur(yuv420sp) -> new(yuv420sp)
11-09 16:49:39.463  3083  3083 I ExynosCameraParameters: [CAM_ID(1)][ParametersFront]-INFO(setParameters):newPicture Size (2592x1458), ratioId(0)
11-09 16:49:39.463  3083  3083 D ExynosCameraParameters: [CAM_ID(1)][ParametersFront]-DEBUG(setParameters):newPictureFormat jpeg
11-09 16:49:39.463  3083  3083 I ExynosCameraParameters: [CAM_ID(1)][ParametersFront]-INFO(Parameters[4559]): Picture format changed, cur(jpeg) -> new(jpeg)
11-09 16:49:39.463  3083  3083 D ExynosCameraParameters: [CAM_ID(1)][ParametersFront]-DEBUG(setParameters):newJpegQuality 96
11-09 16:49:39.463  3083  3083 D ExynosCameraParameters: [CAM_ID(1)][ParametersFront]-DEBUG(setParameters):newJpegThumbnailW X newJpegThumbnailH: 512 X 384
11-09 16:49:39.463  3083  3083 D ExynosCameraParameters: [CAM_ID(1)][ParametersFront]-DEBUG(setParameters):newJpegThumbnailQuality 100
11-09 16:49:39.463  3083  3083 D ExynosCameraParameters: [CAM_ID(1)][ParametersFront]-DEBUG(setParameters):newZoom 0
11-09 16:49:39.463  3083  3083 D ExynosCameraParameters: [CAM_ID(1)][ParametersFront]-DEBUG(setParameters):set orientation:0
11-09 16:49:39.463  3083  3083 D ExynosCameraParameters: [CAM_ID(1)][ParametersFront]-DEBUG(setParameters):newExposureCompensation 0
11-09 16:49:39.463  3083  3083 D ExynosCameraParameters: [CAM_ID(1)][ParametersFront]-DEBUG(setParameters):newExposureTime : -1
11-09 16:49:39.463  3083  3083 D ExynosCameraParameters: DEBUG(setParameters):strNewMeteringMode center
11-09 16:49:39.463  3083  3083 I ExynosCameraParameters: INFO(checkMeteringMode): Metering Area is changed (0 -> 2)
11-09 16:49:39.463  3083  3083 D ExynosCameraParameters: [CAM_ID(1)][ParametersFront]-DEBUG(setParameters):m_antiBanding 50hz
11-09 16:49:39.463  3083  3083 D ExynosCameraParameters: [CAM_ID(1)][ParametersFront]-DEBUG(setParameters):strNewAntibanding 50hz
11-09 16:49:39.463  3083  3083 D ExynosCameraParameters: [CAM_ID(1)][ParametersFront]-DEBUG(setParameters):strNewSceneMode auto
11-09 16:49:39.463  3083  3083 D ExynosCameraParameters: [CAM_ID(1)][ParametersFront]-DEBUG(setParameters):strNewFocusMode fixed
11-09 16:49:39.463  3083  3083 D ExynosCameraParameters: [CAM_ID(1)][ParametersFront]-DEBUG(setParameters):strNewFlashMode off
11-09 16:49:39.463  3083  3083 D ExynosCameraParameters: [CAM_ID(1)][ParametersFront]-DEBUG(setParameters):newWhiteBalance auto
11-09 16:49:39.463  3083  3083 D ExynosCameraParameters: [CAM_ID(1)][ParametersFront]-DEBUG(setParameters):strNewEffectMode none
11-09 16:49:39.463  3083  3083 D ExynosCameraParameters: [CAM_ID(1)][ParametersFront]-DEBUG(setParameters):newBrightness 0
11-09 16:49:39.464  3083  3083 D ExynosCameraParameters: [CAM_ID(1)][ParametersFront]-DEBUG(setParameters):newSaturation 0
11-09 16:49:39.464  3083  3083 D ExynosCameraParameters: [CAM_ID(1)][ParametersFront]-DEBUG(setParameters):newSharpness 0
11-09 16:49:39.464  3083  3083 D ExynosCameraParameters: [CAM_ID(1)][ParametersFront]-DEBUG(setParameters):newHue 0
11-09 16:49:39.464  3083  3083 D ExynosCameraParameters: [CAM_ID(1)][ParametersFront]-DEBUG(setParameters):strNewRTDrc off
11-09 16:49:39.464  3083  3083 D ExynosCameraParameters: [CAM_ID(1)][ParametersFront]-DEBUG(setParameters):strNewPaf off
11-09 16:49:39.464  3083  3083 D ExynosCameraParameters: [CAM_ID(1)][ParametersFront]-DEBUG(setParameters):strNewRTWdr off
11-09 16:49:39.464  3083  3083 D ExynosCameraParameters: [CAM_ID(1)][ParametersFront]-DEBUG(setParameters):strNewISO auto
11-09 16:49:39.464  3083  3083 D ExynosCameraParameters: [CAM_ID(1)][ParametersFront]-DEBUG(setParameters):strNewContrast auto
11-09 16:49:39.464  3083  3083 D ExynosCameraParameters: [CAM_ID(1)][ParametersFront]-DEBUG(setParameters):newHDR 0
11-09 16:49:39.464  3083  3083 D ExynosCameraParameters: [CAM_ID(1)][ParametersFront]-DEBUG(setParameters):newWDR 0
11-09 16:49:39.464  3083  3083 D ExynosCameraParameters: [CAM_ID(1)][ParametersFront]-DEBUG(setParameters):newShotMode 0
11-09 16:49:39.464  3083  3083 D ExynosCameraParameters: [CAM_ID(1)][ParametersFront]-DEBUG(setParameters):newVRMode -1
11-09 16:49:39.464  3083  3083 D ExynosCameraParameters: DEBUG(setParameters): checkImageUniqueId : romReadThreadDone(0)
11-09 16:49:39.464  3083  3083 D ExynosCameraParameters: [CAM_ID(1)][ParametersFront]-DEBUG(setParameters): seriesShotFilePath NULL
11-09 16:49:39.464  3083  3083 D ExynosCameraParameters: [CAM_ID(1)][ParametersFront]-DEBUG(setParameters): dngFilePath NULL
11-09 16:49:39.464  3083  3083 D ExynosCameraParameters: [CAM_ID(1)][ParametersFront]-checkLLV: No value change in LLV mode : 0
11-09 16:49:39.464  3083  3083 D ExynosCameraParameters: DEBUG(setParameters):strNewOIS still
11-09 16:49:39.464  3083  3083 D ExynosCameraParameters: checkOIS set OIS, new OIS Mode = 100
11-09 16:49:39.464  3083  3083 D ExynosCameraParameters: (setOISMode[8720])set OIS Mode = 100
11-09 16:49:39.464  3083  3083 D ExynosCameraParameters: [CAM_ID(1)][ParametersFront]-DEBUG(setParameters[609]):Need restart preview
11-09 16:49:39.464  3083  3083 D ExynosCameraParameters: [CAM_ID(1)][ParametersFront]-DEBUG(m_setRestartPreview):setRestartPreview true
11-09 16:49:39.464  3083  3083 D ExynosCameraParameters: (void android::ExynosCameraParameters::m_getSetfileYuvRange(bool, int *, int *))[11931] : CurrentState (0x   0), currentSetfile(0)
11-09 16:49:39.464  3083  3083 D ExynosCameraParameters: (void android::ExynosCameraParameters::m_getSetfileYuvRange(bool, int *, int *))[11931] : CurrentState (0x   1), currentSetfile(5)
11-09 16:49:39.464  3083  3083 D ExynosCameraParameters: [CAM_ID(1)][ParametersFront]-DEBUG(checkSetfileYuvRange[11454]):m_cameraId(1) : general[setfile(0) YUV range(0)] : reprocesing[setfile(5) YUV range(0)]
11-09 16:49:39.464  3083  3083 D ExynosCameraParameters: [CAM_ID(1)][ParametersFront]-DEBUG(setParameters):newQshot 0
11-09 16:49:39.464  3083  3083 D ExynosCamera: [CAM_ID(1)][]-DEBUG(ExynosCamera):Parameters(CameraId=1 / m_cameraSensorId=21) created
11-09 16:49:39.464  3083  3083 I ExynosCamera: [CAM_ID(1)][]-INFO(m_createIonAllocator[15814]):try(1) to create IonAllocator
11-09 16:49:39.464  3083  3083 D ExynosCamera: [CAM_ID(1)][]-DEBUG(m_createIonAllocator[15820]):m_createIonAllocator success (allocator=0xe9f15bc0)
11-09 16:49:39.464  3083  3083 D ExynosCamera: [CAM_ID(1)][]-DEBUG(m_createBufferManager[15850]):m_createIonAllocator success
11-09 16:49:39.464  3083  3083 D UniPlugin: uni_plugin_load is called!
11-09 16:49:39.464  3083  3083 D UniPlugin: __uni_plugin_load is called!
11-09 16:49:39.464  3083  3083 D UniPlugin: get_plugin_handle is called!
11-09 16:49:39.465  3083  3083 E UniPlugin: get_plugin_handle, Couldn't load the library(libllv_interface.so): dlopen failed: library "libllv_interface.so" not found
11-09 16:49:39.465  3083  3083 E ExynosCamera: [CAM_ID(1)][]-[LLV](ExynosCamera[307]): LLV plugin load failed!!
11-09 16:49:39.465  3083  3083 D UniPlugin: uni_plugin_load is called!
11-09 16:49:39.465  3083  3083 D UniPlugin: __uni_plugin_load is called!
11-09 16:49:39.465  3083  3083 D UniPlugin: get_plugin_handle is called!
11-09 16:49:39.465  3083  3083 E UniPlugin: get_plugin_handle, Couldn't load the library(libsmartfocus_interface.so): dlopen failed: library "libsmartfocus_interface.so" not found
11-09 16:49:39.465  3083  3083 E ExynosCamera: [CAM_ID(1)][]-[OBTR](ExynosCamera[318]): Object Tracking plugin load failed!!
11-09 16:49:39.465  3083  3083 D UniPlugin: uni_plugin_load is called!
11-09 16:49:39.465  3083  3083 D UniPlugin: __uni_plugin_load is called!
11-09 16:49:39.465  3083  3083 D UniPlugin: get_plugin_handle is called!
11-09 16:49:39.465  3083  3083 E UniPlugin: get_plugin_handle, Couldn't load the library(libjpegQtable_interface.so): dlopen failed: library "libjpegQtable_interface.so" not found
11-09 16:49:39.465  3083  3083 E ExynosCamera: [CAM_ID(1)][]-[JQ](ExynosCamera[337]):JpegQtable plugin load failed!!
11-09 16:49:39.465  3083  3083 D UniPlugin: uni_plugin_load is called!
11-09 16:49:39.465  3083  3083 D UniPlugin: __uni_plugin_load is called!
11-09 16:49:39.465  3083  3083 D UniPlugin: get_plugin_handle is called!
11-09 16:49:39.465  3083  3083 E UniPlugin: get_plugin_handle, Couldn't load the library(libblurdetection_interface.so): dlopen failed: library "libblurdetection_interface.so" not found
11-09 16:49:39.465  3083  3083 E ExynosCamera: [CAM_ID(1)][]-[BD](ExynosCamera[344]):BlurDetection plugin load failed!!
11-09 16:49:39.465  3083  3083 D UniPlugin: uni_plugin_load is called!
11-09 16:49:39.465  3083  3083 D UniPlugin: __uni_plugin_load is called!
11-09 16:49:39.465  3083  3083 D UniPlugin: get_plugin_handle is called!
11-09 16:49:39.465  3083  3083 E UniPlugin: get_plugin_handle, Couldn't load the library(liblls_interface.so): dlopen failed: library "liblls_interface.so" not found
11-09 16:49:39.466  3083  3083 E ExynosCamera: [CAM_ID(1)][]-[LDC](ExynosCamera[359]):LLS plugin load failed!!
11-09 16:49:39.466  3083  3083 D ExynosCameraActivitySpecialCapture: DEBUG(resetOISCaptureFcount[626]):
11-09 16:49:39.466  3083  3083 D ExynosCameraFrameManager: DEBUG(ExynosCameraFrameManager): FrameManager CREATE(name(FRAME MANAGER) cameraid(1) mode(2)
11-09 16:49:39.466  3083  3083 D ExynosCameraFrameManager: [CAM_ID(1)][CREATE FRAME WORKER]-DEBUG(CreateWorker): Worker CREATE(name(CREATE FRAME WORKER) cameraid(1) mode(2) margin(200)  
11-09 16:49:39.466  3083  3083 D ExynosCameraFrameManager: [CAM_ID(1)][DELETE FRAME WORKER]-DEBUG(DeleteWorker): Worker CREATE(name(DELETE FRAME WORKER) cameraid(1) mode(2) 
11-09 16:49:39.466  3083  3083 D ExynosCameraParameters: [CAM_ID(1)][ParametersFront]-DEBUG(setDeviceOrientation[11409]):orientation(0), hwRotation(90), fdOrientation(90)
11-09 16:49:39.466  3083  3083 I ExynosCamera: [CAM_ID(1)][]-INFO(m_initFrameFactory[889]): -IN-
11-09 16:49:39.466  3083  3083 D ExynosCameraFrameFactory: [CAM_ID(0)][]-DEBUG(m_setCreate[104]) setCreate old(false) new(false)
11-09 16:49:39.466  3083  3083 D ExynosCameraFrameFactory3aaIspTpu: [CAM_ID(0)][]-DEBUG(m_init[1138]): 
11-09 16:49:39.466  3083  3083 D ExynosCameraFrameFactory: [CAM_ID(0)][]-DEBUG(m_setCreate[104]) setCreate old(false) new(false)
11-09 16:49:39.466  3083  3083 I chatty  : uid=1047(cameraserver) /system/bin/cameraserver identical 2 lines
11-09 16:49:39.467  3083  3083 D ExynosCameraFrameFactory: [CAM_ID(0)][]-DEBUG(m_setCreate[104]) setCreate old(false) new(false)
11-09 16:49:39.467  3083  3083 I ExynosCamera: [CAM_ID(1)][]-INFO(m_initFrameFactory[937]): -OUT-
11-09 16:49:39.467  3083  3083 D ExynosCamera: DEBUG:duration time(    1 msec):(m_initFrameFactory)
11-09 16:49:39.467  3083  3083 D SecCameraPreviewFrameScheduler: (SecCameraPreviewFrameScheduler[36])
11-09 16:49:39.467  3083  3083 D SecCameraPreviewFrameScheduler: (m_reset[55] targetFps=30.000000, m_videoSyncPeriod=33333333)
11-09 16:49:39.467  3083  3083 I ExynosCamera3Interface: INFO(HAL_camera_device_open[683]):camera(1) out from new g_cam_device[1]->priv()
11-09 16:49:39.467  3083  3083 I ExynosCamera3Interface: INFO(HAL_camera_device_open[686]):camera(1) unlocked..
11-09 16:49:39.467  3083  3083 W CameraProviderManager: Camera provider legacy/0 says an unknown camera device@1.0/legacy/1 now has torch status 0. Curious.
11-09 16:49:39.467  3083  3083 W CameraProviderManager: Camera provider legacy/0 says an unknown camera device@3.2/legacy/1 now has torch status 0. Curious.
11-09 16:49:39.467  3083  3083 I ExynosCamera3Interface: INFO(HAL_camera_device_open[733]):camera(1) out
11-09 16:49:39.467  3083  3083 D ExynosCamera3Interface: DEBUG:duration time(    6 msec):(HAL_camera_device_open)
11-09 16:49:39.467  3083  3083 D ExynosCamera3Interface: DEBUG:duration time(    6 msec):(HAL_open_legacy)
11-09 16:49:39.467  3083  3083 V Camera2Wrapper: camera2_device_open: got vendor camera device 0xE9F2E9A0
11-09 16:49:39.467  3083  3083 V Camera2Wrapper: camera2_set_callbacks->E9F2EEF0->E9F2E9A0
11-09 16:49:39.467  3083  3083 I ExynosCamera: [CAM_ID(1)][]-INFO(setCallbacks[1593]): -IN-
11-09 16:49:39.467  3083  3083 D ExynosCamera3Interface: DEBUG:duration time(    0 msec):(HAL_camera_device_set_callbacks)
11-09 16:49:39.467  3083  3083 V Camera2Wrapper: camera2_get_parameters->E9F2EEF0->E9F2E9A0
11-09 16:49:39.467  3083  3083 I ExynosCamera: [CAM_ID(1)][]-INFO(getParameters[4229])
11-09 16:49:39.467  3083  3083 I ExynosCameraParameters: [CAM_ID(1)][ParametersFront]-INFO(getParameters[628])
11-09 16:49:39.467  3083  3083 D ExynosCamera3Interface: DEBUG:duration time(    0 msec):(HAL_camera_device_get_parameters)
11-09 16:49:39.467  3083  3083 V Camera2Wrapper: camera2_fixup_getparams: Original parameters:
11-09 16:49:39.467  3083  3083 D CameraParams: dump: mMap.size = 112
11-09 16:49:39.467  3083  3083 D CameraParams: 3dnr: false
11-09 16:49:39.468  3083  3083 D CameraParams: Infinity: Infinity
11-09 16:49:39.468  3083  3083 D CameraParams: antibanding: 50hz
11-09 16:49:39.468  3083  3083 D CameraParams: antibanding-values: auto,50hz
11-09 16:49:39.468  3083  3083 D CameraParams: auto-exposure-lock-supported: true
11-09 16:49:39.468  3083  3083 D CameraParams: auto-whitebalance-lock-supported: true
11-09 16:49:39.468  3083  3083 D CameraParams: best-capture: 0
11-09 16:49:39.468  3083  3083 D CameraParams: brightness: 0
11-09 16:49:39.468  3083  3083 D CameraParams: brightness-max: 2
11-09 16:49:39.468  3083  3083 D CameraParams: brightness-min: -2
11-09 16:49:39.468  3083  3083 D CameraParams: burst-capture: 0
11-09 16:49:39.468  3083  3083 D CameraParams: burstshot-fps-values: (10,10)
11-09 16:49:39.468  3083  3083 D CameraParams: constant-growth-rate-zoom-supported: true
11-09 16:49:39.468  3083  3083 D CameraParams: contrast: auto
11-09 16:49:39.468  3083  3083 D CameraParams: drc: false
11-09 16:49:39.468  3083  3083 D CameraParams: dual_mode: -1
11-09 16:49:39.468  3083  3083 D CameraParams: dualrecording-hint: -1
11-09 16:49:39.468  3083  3083 D CameraParams: dynamic-range-control: off
11-09 16:49:39.468  3083  3083 D CameraParams: effect: none
11-09 16:49:39.468  3083  3083 D CameraParams: effect-values: none
11-09 16:49:39.468  3083  3083 D CameraParams: effectrecording-hint: 0
11-09 16:49:39.468  3083  3083 D CameraParams: exif_exptime: 0
11-09 16:49:39.468  3083  3083 D CameraParams: exif_iso: 0
11-09 16:49:39.468  3083  3083 D CameraParams: exposure-compensation: 0
11-09 16:49:39.468  3083  3083 D CameraParams: exposure-compensation-step: 0.1
11-09 16:49:39.468  3083  3083 D CameraParams: flash-mode: off
11-09 16:49:39.468  3083  3083 D CameraParams: flash-mode-values: off
11-09 16:49:39.468  3083  3083 D CameraParams: fnumber-value-denominator: 10
11-09 16:49:39.468  3083  3083 D CameraParams: fnumber-value-numerator: 19
11-09 16:49:39.468  3083  3083 D CameraParams: focal-length: 2.20
11-09 16:49:39.468  3083  3083 D CameraParams: focallength-35mm-value: 22
11-09 16:49:39.468  3083  3083 D CameraParams: focallength-value-denominator: 100
