11-09 16:49:39.784  3083  3083 D ExynosCamera3Interface: DEBUG(check_camera_state):camera(1) state(3) checking...
11-09 16:49:39.784  3083  3083 D ExynosCamera3Interface: DEBUG(check_camera_state):camera(1) state(5:PREVIEW_STOPPED->3:CLOSED) is valid
11-09 16:49:39.784  3083  3083 I ExynosCamera3Interface: INFO(HAL_camera_device_close[764]):camera(1) locked..
11-09 16:49:39.784  3083  3083 I ExynosCamera3Interface: INFO(HAL_camera_device_close[767]):camera(1) unlocked..
11-09 16:49:39.784  3083  3083 I ExynosCamera: [CAM_ID(1)][]-INFO(release[1011]): -IN-
11-09 16:49:39.784  3083  3083 I ExynosCamera: [CAM_ID(1)][]-INFO(release[1016]): wait m_fastenAeThread
11-09 16:49:39.784  3083  3083 I ExynosCamera: [CAM_ID(1)][]-INFO(release[1018]): wait m_fastenAeThread end
11-09 16:49:39.784  3083  3083 I ExynosCamera: [CAM_ID(1)][]-INFO(m_stopCompanion[19070]): wait m_companionThread
11-09 16:49:39.784  3083  3083 I ExynosCamera: [CAM_ID(1)][]-INFO(m_stopCompanion[19072]): wait m_companionThread end
11-09 16:49:39.784  3083  3083 D ExynosCameraNode: [CAM_ID(1)][companion]-DEBUG(close[269]): close
11-09 16:49:39.791  4242  4242 D BatteryStatsImpl: Reading daily items from /data/system/batterystats-daily.xml
11-09 16:49:39.854  2933  2933 W /system/bin/hwservicemanager: getTransportFromManifest: Cannot find entry android.hardware.memtrack@1.0::IMemtrack in either framework or device manifest, using default transport.
11-09 16:49:39.879  4242  4242 I IntentFirewall: Read new rules (A:0 B:0 S:0)
11-09 16:49:39.883  4242  4290 I ServiceThread: Enabled StrictMode logging for android.display looper.
11-09 16:49:39.884  4242  4242 W zygote64: failed to remove /acct/uid_1003/pid_4153: Device or resource busy
11-09 16:49:39.884  4242  4242 W zygote64: failed to remove /acct/uid_1003: Permission denied
11-09 16:49:39.884  4242  4242 W zygote64: failed to remove /acct/uid_1058/pid_3098: Device or resource busy
11-09 16:49:39.884  4242  4242 W zygote64: failed to remove /acct/uid_1058: Permission denied
11-09 16:49:39.884  4242  4242 W zygote64: failed to remove /acct/uid_1001/pid_3096: Device or resource busy
11-09 16:49:39.884  4242  4242 W zygote64: failed to remove /acct/uid_1001: Permission denied
11-09 16:49:39.884  4242  4242 W zygote64: failed to remove /acct/uid_1046/pid_3095: Device or resource busy
11-09 16:49:39.884  4242  4242 W zygote64: failed to remove /acct/uid_1046: Permission denied
11-09 16:49:39.884  4242  4242 W zygote64: failed to remove /acct/uid_1040/pid_3090: Device or resource busy
11-09 16:49:39.884  4242  4242 W zygote64: failed to remove /acct/uid_1040: Permission denied
11-09 16:49:39.884  4242  4242 W zygote64: failed to remove /acct/uid_1013/pid_3092: Device or resource busy
11-09 16:49:39.884  4242  4242 W zygote64: failed to remove /acct/uid_1013/pid_3091: Device or resource busy
11-09 16:49:39.884  4242  4242 W zygote64: failed to remove /acct/uid_1013/pid_3089: Device or resource busy
11-09 16:49:39.884  4242  4242 W zygote64: failed to remove /acct/uid_1013: Permission denied
11-09 16:49:39.884  4242  4242 W zygote64: failed to remove /acct/uid_1017/pid_3088: Device or resource busy
11-09 16:49:39.885  4242  4242 W zygote64: failed to remove /acct/uid_1017: Permission denied
11-09 16:49:39.885  4242  4242 W zygote64: failed to remove /acct/uid_1019/pid_3086: Device or resource busy
11-09 16:49:39.885  4242  4242 W zygote64: failed to remove /acct/uid_1019: Permission denied
11-09 16:49:39.885  4242  4242 W zygote64: failed to remove /acct/uid_1047/pid_3083: Device or resource busy
11-09 16:49:39.885  4242  4242 W zygote64: failed to remove /acct/uid_1047: Permission denied
11-09 16:49:39.885  4242  4242 W zygote64: failed to remove /acct/uid_1041/pid_3082: Device or resource busy
11-09 16:49:39.885  4242  4242 W zygote64: failed to remove /acct/uid_1041: Permission denied
11-09 16:49:39.885  4242  4242 W zygote64: failed to remove /acct/uid_1021/pid_3081: Device or resource busy
11-09 16:49:39.885  4242  4242 W zygote64: failed to remove /acct/uid_1021: Permission denied
11-09 16:49:39.885  4242  4242 W zygote64: failed to remove /acct/uid_1010/pid_3094: Device or resource busy
11-09 16:49:39.885  4242  4242 W zygote64: failed to remove /acct/uid_1010/pid_3061: Device or resource busy
11-09 16:49:39.885  4242  4242 W zygote64: failed to remove /acct/uid_1010: Permission denied
11-09 16:49:39.885  4242  4242 W zygote64: failed to remove /acct/uid_1000/pid_3099: Device or resource busy
11-09 16:49:39.885  4242  4242 W zygote64: failed to remove /acct/uid_1000/pid_3097: Device or resource busy
11-09 16:49:39.885  4242  4242 W zygote64: failed to remove /acct/uid_1000/pid_3065: Device or resource busy
11-09 16:49:39.885  4242  4242 W zygote64: failed to remove /acct/uid_1000/pid_3063: Device or resource busy
11-09 16:49:39.885  4242  4242 W zygote64: failed to remove /acct/uid_1000/pid_3060: Device or resource busy
11-09 16:49:39.885  4242  4242 W zygote64: failed to remove /acct/uid_1000/pid_3059: Device or resource busy
11-09 16:49:39.885  4242  4242 W zygote64: failed to remove /acct/uid_1000/pid_3058: Device or resource busy
11-09 16:49:39.885  4242  4242 W zygote64: failed to remove /acct/uid_1000/pid_3057: Device or resource busy
11-09 16:49:39.885  4242  4242 W zygote64: failed to remove /acct/uid_1000/pid_2941: Device or resource busy
11-09 16:49:39.885  4242  4242 W zygote64: failed to remove /acct/uid_1000/pid_2934: Device or resource busy
11-09 16:49:39.886  4242  4242 W zygote64: failed to remove /acct/uid_1000/pid_2933: Device or resource busy
11-09 16:49:39.886  4242  4242 W zygote64: failed to remove /acct/uid_1000/pid_2932: Device or resource busy
11-09 16:49:39.886  4242  4242 W zygote64: failed to remove /acct/uid_1000: Permission denied
11-09 16:49:39.886  4242  4242 W zygote64: failed to remove /acct/uid_1036/pid_2931: Device or resource busy
11-09 16:49:39.886  4242  4242 W zygote64: failed to remove /acct/uid_1036: Permission denied
11-09 16:49:39.886  4242  4242 W zygote64: failed to remove /acct/uid_0/pid_3093: Device or resource busy
11-09 16:49:39.886  4242  4242 W zygote64: failed to remove /acct/uid_0/pid_3087: Device or resource busy
11-09 16:49:39.886  4242  4242 W zygote64: failed to remove /acct/uid_0/pid_3079: Device or resource busy
11-09 16:49:39.886  4242  4242 W zygote64: failed to remove /acct/uid_0/pid_3076: Device or resource busy
11-09 16:49:39.886  4242  4242 W zygote64: failed to remove /acct/uid_0/pid_3064: Device or resource busy
11-09 16:49:39.886  4242  4242 W zygote64: failed to remove /acct/uid_0/pid_3062: Device or resource busy
11-09 16:49:39.886  4242  4242 W zygote64: failed to remove /acct/uid_0/pid_3019: Device or resource busy
11-09 16:49:39.886  4242  4242 W zygote64: failed to remove /acct/uid_0/pid_3018: Device or resource busy
11-09 16:49:39.886  4242  4242 W zygote64: failed to remove /acct/uid_0/pid_3017: Device or resource busy
11-09 16:49:39.886  4242  4242 W zygote64: failed to remove /acct/uid_0/pid_2997: Device or resource busy
11-09 16:49:39.886  4242  4242 W zygote64: failed to remove /acct/uid_0/pid_2942: Device or resource busy
11-09 16:49:39.886  4242  4242 W zygote64: failed to remove /acct/uid_0: Permission denied
11-09 16:49:39.889  4242  4242 D AppOps  : AppOpsService published
11-09 16:49:39.889  4242  4242 D SystemServerTiming: StartActivityManager took to complete: 164ms
11-09 16:49:39.889  4242  4242 I SystemServer: StartPowerManager
11-09 16:49:39.889  4242  4242 I SystemServiceManager: Starting com.android.server.power.PowerManagerService
11-09 16:49:39.890  3083  3083 D ExynosCamera: [CAM_ID(1)][]-DEBUG(m_stopCompanion):Companion Node(109) closed
11-09 16:49:39.890  3083  3083 D ExynosCamera: [CAM_ID(1)][]-DEBUG(m_stopCompanion[19091]):duration time(  106 msec)
11-09 16:49:39.890  3083  3083 D ExynosCameraFrameManager: [CAM_ID(1)][FRAME MANAGER]-stop(736): frameManager already stop!!
11-09 16:49:39.890  3083  3083 I ExynosCamera: [CAM_ID(1)][]-INFO(m_deinitFrameFactory[944]): -IN-
11-09 16:49:39.890  3083  3083 D ExynosCamera: [CAM_ID(1)][]-DEBUG(m_deinitFrameFactory[958]): m_frameFactory index(0) and index(1) are same instance, set index(1) = NULL
11-09 16:49:39.890  3083  3083 I ExynosCameraFrameFactory: [CAM_ID(1)][ExynosCameraFrameFactory3aaIspTpu]-INFO(destroy[51])
11-09 16:49:39.890  3083  3083 D ExynosCameraFrameFactory: [CAM_ID(1)][ExynosCameraFrameFactory3aaIspTpu]-DEBUG(m_setCreate[104]) setCreate old(false) new(false)
11-09 16:49:39.890  3083  3083 I ExynosCameraFrameFactory: [CAM_ID(1)][ExynosCameraFrameFactory3aaIspTpu]-INFO(destroy[51])
11-09 16:49:39.890  3083  3083 D ExynosCameraFrameFactory: [CAM_ID(1)][ExynosCameraFrameFactory3aaIspTpu]-DEBUG(m_setCreate[104]) setCreate old(false) new(false)
11-09 16:49:39.890  3083  3083 I ExynosCameraFrameFactory: [CAM_ID(1)][ExynosCameraFrameFactory3aaIspTpu]-INFO(destroy[51])
11-09 16:49:39.890  3083  3083 D ExynosCameraFrameFactory: [CAM_ID(1)][ExynosCameraFrameFactory3aaIspTpu]-DEBUG(m_setCreate[104]) setCreate old(false) new(false)
11-09 16:49:39.890  3083  3083 D ExynosCamera: [CAM_ID(1)][]-DEBUG(m_deinitFrameFactory[971]):m_frameFactory[0] destroyed
11-09 16:49:39.890  3083  3083 I ExynosCameraFrameFactory: [CAM_ID(1)][ExynosCameraFrameFactory3aaIspOtf]-INFO(destroy[51])
11-09 16:49:39.890  3083  3083 D ExynosCameraFrameFactory: [CAM_ID(1)][ExynosCameraFrameFactory3aaIspOtf]-DEBUG(m_setCreate[104]) setCreate old(false) new(false)
11-09 16:49:39.890  3083  3083 I ExynosCameraFrameFactory: [CAM_ID(1)][ExynosCameraFrameFactory3aaIspOtf]-INFO(destroy[51])
11-09 16:49:39.890  3083  3083 D ExynosCameraFrameFactory: [CAM_ID(1)][ExynosCameraFrameFactory3aaIspOtf]-DEBUG(m_setCreate[104]) setCreate old(false) new(false)
11-09 16:49:39.890  3083  3083 I ExynosCameraFrameFactory: [CAM_ID(1)][ExynosCameraFrameFactory3aaIspOtf]-INFO(destroy[51])
11-09 16:49:39.890  3083  3083 D ExynosCameraFrameFactory: [CAM_ID(1)][ExynosCameraFrameFactory3aaIspOtf]-DEBUG(m_setCreate[104]) setCreate old(false) new(false)
11-09 16:49:39.891  3083  3083 D ExynosCamera: [CAM_ID(1)][]-DEBUG(m_deinitFrameFactory[971]):m_frameFactory[2] destroyed
11-09 16:49:39.891  3083  3083 I ExynosCameraFrameFactory: [CAM_ID(1)][ExynosCameraFrameFactory3aaIspOtfTpu]-INFO(destroy[51])
11-09 16:49:39.891  3083  3083 D ExynosCameraFrameFactory: [CAM_ID(1)][ExynosCameraFrameFactory3aaIspOtfTpu]-DEBUG(m_setCreate[104]) setCreate old(false) new(false)
11-09 16:49:39.891  3083  3083 I ExynosCameraFrameFactory: [CAM_ID(1)][ExynosCameraFrameFactory3aaIspOtfTpu]-INFO(destroy[51])
11-09 16:49:39.891  3083  3083 D ExynosCameraFrameFactory: [CAM_ID(1)][ExynosCameraFrameFactory3aaIspOtfTpu]-DEBUG(m_setCreate[104]) setCreate old(false) new(false)
11-09 16:49:39.891  3083  3083 I ExynosCameraFrameFactory: [CAM_ID(1)][ExynosCameraFrameFactory3aaIspOtfTpu]-INFO(destroy[51])
11-09 16:49:39.891  3083  3083 D ExynosCameraFrameFactory: [CAM_ID(1)][ExynosCameraFrameFactory3aaIspOtfTpu]-DEBUG(m_setCreate[104]) setCreate old(false) new(false)
11-09 16:49:39.891  3083  3083 D ExynosCamera: [CAM_ID(1)][]-DEBUG(m_deinitFrameFactory[971]):m_frameFactory[3] destroyed
11-09 16:49:39.891  3083  3083 I ExynosCameraFrameFactory: [CAM_ID(1)][FrameFactoryFrontDualPreview]-INFO(destroy[51])
11-09 16:49:39.891  3083  3083 D ExynosCameraFrameFactory: [CAM_ID(1)][FrameFactoryFrontDualPreview]-DEBUG(m_setCreate[104]) setCreate old(false) new(false)
11-09 16:49:39.891  3083  3083 I ExynosCameraFrameFactory: [CAM_ID(1)][FrameFactoryFrontDualPreview]-INFO(destroy[51])
11-09 16:49:39.891  3083  3083 D ExynosCameraFrameFactory: [CAM_ID(1)][FrameFactoryFrontDualPreview]-DEBUG(m_setCreate[104]) setCreate old(false) new(false)
11-09 16:49:39.891  3083  3083 D ExynosCamera: [CAM_ID(1)][]-DEBUG(m_deinitFrameFactory[971]):m_frameFactory[6] destroyed
11-09 16:49:39.891  3083  3083 I ExynosCameraFrameFactory: [CAM_ID(1)][FrameFactoryReprocessing]-INFO(destroy[51])
11-09 16:49:39.891  3083  3083 D ExynosCameraFrameFactory: [CAM_ID(1)][FrameFactoryReprocessing]-DEBUG(m_setCreate[104]) setCreate old(false) new(false)
11-09 16:49:39.891  3083  3083 D ExynosCameraFrameFactory: [CAM_ID(1)][FrameFactoryReprocessing]-DEBUG(m_setCreate[104]) setCreate old(false) new(false)
11-09 16:49:39.891  3083  3083 I ExynosCameraFrameFactory: [CAM_ID(1)][FrameFactoryReprocessing]-INFO(destroy[51])
11-09 16:49:39.891  3083  3083 D ExynosCameraFrameFactory: [CAM_ID(1)][FrameFactoryReprocessing]-DEBUG(m_setCreate[104]) setCreate old(false) new(false)
11-09 16:49:39.891  3083  3083 D ExynosCamera: [CAM_ID(1)][]-DEBUG(m_deinitFrameFactory[971]):m_frameFactory[7] destroyed
11-09 16:49:39.891  3083  3083 I ExynosCamera: [CAM_ID(1)][]-INFO(m_deinitFrameFactory[980]): -OUT-
11-09 16:49:39.891  3083  3083 D ExynosCamera: DEBUG:duration time(    1 msec):(m_deinitFrameFactory)
11-09 16:49:39.891  3083  3083 D ExynosCamera: [CAM_ID(1)][]-DEBUG(release):Parameters(Id=1) destroyed
11-09 16:49:39.892  3083  3083 I ExynosCamera: [CAM_ID(1)][]-INFO(m_releaseBuffers[16673]):release buffer
11-09 16:49:39.892  3083  3083 D ExynosCameraBufferManager: [CAM_ID(1)][BAYER_BUF]-DEBUG(deinit[116]):IN..
11-09 16:49:39.892  3083  3083 I ExynosCameraBufferManager: [CAM_ID(1)][BAYER_BUF]-INFO(deinit[119]:OUT.. Buffer is not allocated
11-09 16:49:39.892  3083  3083 D ExynosCameraBufferManager: [CAM_ID(1)][FLITE_BUF]-DEBUG(deinit[116]):IN..
11-09 16:49:39.892  3083  3083 I ExynosCameraBufferManager: [CAM_ID(1)][FLITE_BUF]-INFO(deinit[119]:OUT.. Buffer is not allocated
11-09 16:49:39.892  3083  3083 D ExynosCameraBufferManager: [CAM_ID(1)][3A1_BUF]-DEBUG(deinit[116]):IN..
11-09 16:49:39.892  3083  3083 I ExynosCameraBufferManager: [CAM_ID(1)][3A1_BUF]-INFO(deinit[119]:OUT.. Buffer is not allocated
11-09 16:49:39.892  3083  3083 D ExynosCameraBufferManager: [CAM_ID(1)][ISP_BUF]-DEBUG(deinit[116]):IN..
11-09 16:49:39.892  3083  3083 I ExynosCameraBufferManager: [CAM_ID(1)][ISP_BUF]-INFO(deinit[119]:OUT.. Buffer is not allocated
11-09 16:49:39.892  3083  3083 D ExynosCameraBufferManager: [CAM_ID(1)][HW_DIS_BUF]-DEBUG(deinit[116]):IN..
11-09 16:49:39.892  3083  3083 I ExynosCameraBufferManager: [CAM_ID(1)][HW_DIS_BUF]-INFO(deinit[119]:OUT.. Buffer is not allocated
11-09 16:49:39.892  3083  3083 D ExynosCameraBufferManager: [CAM_ID(1)][SCP_BUF]-DEBUG(deinit[2143]):IN..
11-09 16:49:39.892  3083  3083 D ExynosCameraBufferManager: [CAM_ID(1)][SCP_BUF]-DEBUG(deinit[116]):IN..
11-09 16:49:39.892  3083  3083 I ExynosCameraBufferManager: [CAM_ID(1)][SCP_BUF]-INFO(deinit[119]:OUT.. Buffer is not allocated
11-09 16:49:39.892  3083  3083 D ExynosCameraBufferManager: [CAM_ID(1)][SCP_BUF]-DEBUG(deinit[2160]):OUT..
11-09 16:49:39.892  3083  3083 D ExynosCameraBufferManager: [CAM_ID(1)][ISP_RE_BUF]-DEBUG(deinit[116]):IN..
11-09 16:49:39.892  3083  3083 I ExynosCameraBufferManager: [CAM_ID(1)][ISP_RE_BUF]-INFO(deinit[119]:OUT.. Buffer is not allocated
11-09 16:49:39.892  3083  3083 D ExynosCameraBufferManager: [CAM_ID(1)][SCC_RE_BUF]-DEBUG(deinit[116]):IN..
11-09 16:49:39.892  3083  3083 I ExynosCameraBufferManager: [CAM_ID(1)][SCC_RE_BUF]-INFO(deinit[119]:OUT.. Buffer is not allocated
11-09 16:49:39.892  3083  3083 D ExynosCameraBufferManager: [CAM_ID(1)][SCC_BUF]-DEBUG(deinit[116]):IN..
11-09 16:49:39.892  3083  3083 I ExynosCameraBufferManager: [CAM_ID(1)][SCC_BUF]-INFO(deinit[119]:OUT.. Buffer is not allocated
11-09 16:49:39.892  3083  3083 D ExynosCameraBufferManager: [CAM_ID(1)][GSC_BUF]-DEBUG(deinit[116]):IN..
11-09 16:49:39.892  3083  3083 I ExynosCameraBufferManager: [CAM_ID(1)][GSC_BUF]-INFO(deinit[119]:OUT.. Buffer is not allocated
11-09 16:49:39.892  3083  3083 D ExynosCameraBufferManager: [CAM_ID(1)][POSTPICTURE_GSC_BUF]-DEBUG(deinit[116]):IN..
11-09 16:49:39.892  3083  3083 I ExynosCameraBufferManager: [CAM_ID(1)][POSTPICTURE_GSC_BUF]-INFO(deinit[119]:OUT.. Buffer is not allocated
11-09 16:49:39.892  3083  3083 D ExynosCameraBufferManager: [CAM_ID(1)][THUMBNAIL_GSC_BUF]-DEBUG(deinit[116]):IN..
11-09 16:49:39.892  3083  3083 I ExynosCameraBufferManager: [CAM_ID(1)][THUMBNAIL_GSC_BUF]-INFO(deinit[119]:OUT.. Buffer is not allocated
11-09 16:49:39.892  3083  3083 D ExynosCameraBufferManager: [CAM_ID(1)][JPEG_BUF]-DEBUG(deinit[116]):IN..
11-09 16:49:39.892  3083  3083 I ExynosCameraBufferManager: [CAM_ID(1)][JPEG_BUF]-INFO(deinit[119]:OUT.. Buffer is not allocated
11-09 16:49:39.892  3083  3083 D ExynosCameraBufferManager: [CAM_ID(1)][REC_BUF]-DEBUG(deinit[116]):IN..
11-09 16:49:39.892  3083  3083 I ExynosCameraBufferManager: [CAM_ID(1)][REC_BUF]-INFO(deinit[119]:OUT.. Buffer is not allocated
11-09 16:49:39.892  3083  3083 D ExynosCameraBufferManager: [CAM_ID(1)][PREVIEW_CB_BUF]-DEBUG(deinit[116]):IN..
11-09 16:49:39.892  3083  3083 I ExynosCameraBufferManager: [CAM_ID(1)][PREVIEW_CB_BUF]-INFO(deinit[119]:OUT.. Buffer is not allocated
11-09 16:49:39.892  3083  3083 D ExynosCameraBufferManager: [CAM_ID(1)][HIGH_RESOLUTION_CB_BUF]-DEBUG(deinit[116]):IN..
11-09 16:49:39.892  3083  3083 I ExynosCameraBufferManager: [CAM_ID(1)][HIGH_RESOLUTION_CB_BUF]-INFO(deinit[119]:OUT.. Buffer is not allocated
11-09 16:49:39.892  3083  3083 D ExynosCameraBufferManager: [CAM_ID(1)][VDIS_BUF]-DEBUG(deinit[116]):IN..
11-09 16:49:39.892  3083  3083 I ExynosCameraBufferManager: [CAM_ID(1)][VDIS_BUF]-INFO(deinit[119]:OUT.. Buffer is not allocated
11-09 16:49:39.892  3083  3083 I ExynosCamera: [CAM_ID(1)][]-INFO(m_releaseBuffers[16741]):free buffer done
11-09 16:49:39.892  3083  3083 D ExynosCamera: [CAM_ID(1)][]-DEBUG(release):FrameFactoryQ destroyed
11-09 16:49:39.892  3083  3083 D ExynosCameraBufferManager: [CAM_ID(1)][BAYER_BUF]-DEBUG(deinit[116]):IN..
11-09 16:49:39.892  3083  3083 I ExynosCameraBufferManager: [CAM_ID(1)][BAYER_BUF]-INFO(deinit[119]:OUT.. Buffer is not allocated
11-09 16:49:39.892  3083  3083 D ExynosCameraBufferManager: [CAM_ID(1)][BAYER_BUF]-DEBUG(deinit[116]):IN..
11-09 16:49:39.892  3083  3083 I ExynosCameraBufferManager: [CAM_ID(1)][BAYER_BUF]-INFO(deinit[119]:OUT.. Buffer is not allocated
11-09 16:49:39.892  3083  3083 D ExynosCamera: [CAM_ID(1)][]-DEBUG(release):BufferManager(bayerBufferMgr) destroyed
11-09 16:49:39.892  3083  3083 D ExynosCameraBufferManager: [CAM_ID(1)][FLITE_BUF]-DEBUG(deinit[116]):IN..
11-09 16:49:39.892  3083  3083 I ExynosCameraBufferManager: [CAM_ID(1)][FLITE_BUF]-INFO(deinit[119]:OUT.. Buffer is not allocated
11-09 16:49:39.892  3083  3083 D ExynosCameraBufferManager: [CAM_ID(1)][FLITE_BUF]-DEBUG(deinit[116]):IN..
11-09 16:49:39.892  3083  3083 I ExynosCameraBufferManager: [CAM_ID(1)][FLITE_BUF]-INFO(deinit[119]:OUT.. Buffer is not allocated
11-09 16:49:39.892  3083  3083 D ExynosCamera: [CAM_ID(1)][]-DEBUG(release):BufferManager(m_fliteBufferMgr) destroyed
11-09 16:49:39.893  3083  3083 D ExynosCameraBufferManager: [CAM_ID(1)][3A1_BUF]-DEBUG(deinit[116]):IN..
11-09 16:49:39.893  3083  3083 I ExynosCameraBufferManager: [CAM_ID(1)][3A1_BUF]-INFO(deinit[119]:OUT.. Buffer is not allocated
11-09 16:49:39.893  3083  3083 D ExynosCameraBufferManager: [CAM_ID(1)][3A1_BUF]-DEBUG(deinit[116]):IN..
11-09 16:49:39.893  3083  3083 I ExynosCameraBufferManager: [CAM_ID(1)][3A1_BUF]-INFO(deinit[119]:OUT.. Buffer is not allocated
11-09 16:49:39.893  3083  3083 D ExynosCamera: [CAM_ID(1)][]-DEBUG(release):BufferManager(3aaBufferMgr) destroyed
11-09 16:49:39.893  3083  3083 D ExynosCameraBufferManager: [CAM_ID(1)][ISP_BUF]-DEBUG(deinit[116]):IN..
11-09 16:49:39.893  3083  3083 I ExynosCameraBufferManager: [CAM_ID(1)][ISP_BUF]-INFO(deinit[119]:OUT.. Buffer is not allocated
11-09 16:49:39.893  3083  3083 D ExynosCameraBufferManager: [CAM_ID(1)][ISP_BUF]-DEBUG(deinit[116]):IN..
11-09 16:49:39.893  3083  3083 I ExynosCameraBufferManager: [CAM_ID(1)][ISP_BUF]-INFO(deinit[119]:OUT.. Buffer is not allocated
11-09 16:49:39.893  3083  3083 D ExynosCamera: [CAM_ID(1)][]-DEBUG(release):BufferManager(ispBufferMgr) destroyed
11-09 16:49:39.893  3083  3083 D ExynosCameraBufferManager: [CAM_ID(1)][HW_DIS_BUF]-DEBUG(deinit[116]):IN..
11-09 16:49:39.893  3083  3083 I ExynosCameraBufferManager: [CAM_ID(1)][HW_DIS_BUF]-INFO(deinit[119]:OUT.. Buffer is not allocated
11-09 16:49:39.893  3083  3083 D ExynosCameraBufferManager: [CAM_ID(1)][HW_DIS_BUF]-DEBUG(deinit[116]):IN..
11-09 16:49:39.893  3083  3083 I ExynosCameraBufferManager: [CAM_ID(1)][HW_DIS_BUF]-INFO(deinit[119]:OUT.. Buffer is not allocated
11-09 16:49:39.893  3083  3083 D ExynosCamera: [CAM_ID(1)][]-DEBUG(release):BufferManager(m_hwDisBufferMgr) destroyed
11-09 16:49:39.893  3083  3083 D ExynosCameraBufferManager: [CAM_ID(1)][SCP_BUF]-DEBUG(deinit[116]):IN..
11-09 16:49:39.893  3083  3083 I ExynosCameraBufferManager: [CAM_ID(1)][SCP_BUF]-INFO(deinit[119]:OUT.. Buffer is not allocated
11-09 16:49:39.893  3083  3083 D ExynosCameraBufferManager: [CAM_ID(1)][SCP_BUF]-DEBUG(deinit[116]):IN..
11-09 16:49:39.893  3083  3083 I ExynosCameraBufferManager: [CAM_ID(1)][SCP_BUF]-INFO(deinit[119]:OUT.. Buffer is not allocated
11-09 16:49:39.893  3083  3083 D ExynosCamera: [CAM_ID(1)][]-DEBUG(release):BufferManager(scpBufferMgr) destroyed
11-09 16:49:39.893  3083  3083 D ExynosCameraBufferManager: [CAM_ID(1)][DZOOM_SCALER_BUF]-DEBUG(deinit[116]):IN..
11-09 16:49:39.893  3083  3083 I ExynosCameraBufferManager: [CAM_ID(1)][DZOOM_SCALER_BUF]-INFO(deinit[119]:OUT.. Buffer is not allocated
11-09 16:49:39.893  3083  3083 D ExynosCameraBufferManager: [CAM_ID(1)][DZOOM_SCALER_BUF]-DEBUG(deinit[116]):IN..
11-09 16:49:39.893  3083  3083 I ExynosCameraBufferManager: [CAM_ID(1)][DZOOM_SCALER_BUF]-INFO(deinit[119]:OUT.. Buffer is not allocated
11-09 16:49:39.893  3083  3083 D ExynosCamera: [CAM_ID(1)][]-DEBUG(release):BufferManager(m_zoomScalerBufferMgr) destroyed
11-09 16:49:39.893  3083  3083 D ExynosCameraBufferManager: [CAM_ID(1)][ISP_RE_BUF]-DEBUG(deinit[116]):IN..
11-09 16:49:39.893  3083  3083 I ExynosCameraBufferManager: [CAM_ID(1)][ISP_RE_BUF]-INFO(deinit[119]:OUT.. Buffer is not allocated
11-09 16:49:39.893  3083  3083 D ExynosCameraBufferManager: [CAM_ID(1)][ISP_RE_BUF]-DEBUG(deinit[116]):IN..
11-09 16:49:39.893  3083  3083 I ExynosCameraBufferManager: [CAM_ID(1)][ISP_RE_BUF]-INFO(deinit[119]:OUT.. Buffer is not allocated
11-09 16:49:39.893  3083  3083 D ExynosCamera: [CAM_ID(1)][]-DEBUG(release):BufferManager(ispReprocessingBufferMgr) destroyed
11-09 16:49:39.893  3083  3083 D ExynosCameraBufferManager: [CAM_ID(1)][SCC_RE_BUF]-DEBUG(deinit[116]):IN..
11-09 16:49:39.893  3083  3083 I ExynosCameraBufferManager: [CAM_ID(1)][SCC_RE_BUF]-INFO(deinit[119]:OUT.. Buffer is not allocated
11-09 16:49:39.893  3083  3083 D ExynosCameraBufferManager: [CAM_ID(1)][SCC_RE_BUF]-DEBUG(deinit[116]):IN..
11-09 16:49:39.893  3083  3083 I ExynosCameraBufferManager: [CAM_ID(1)][SCC_RE_BUF]-INFO(deinit[119]:OUT.. Buffer is not allocated
11-09 16:49:39.893  3083  3083 D ExynosCamera: [CAM_ID(1)][]-DEBUG(release):BufferManager(sccReprocessingBufferMgr) destroyed
11-09 16:49:39.893  3083  3083 D ExynosCameraBufferManager: [CAM_ID(1)][SCC_BUF]-DEBUG(deinit[116]):IN..
11-09 16:49:39.893  3083  3083 I ExynosCameraBufferManager: [CAM_ID(1)][SCC_BUF]-INFO(deinit[119]:OUT.. Buffer is not allocated
11-09 16:49:39.893  3083  3083 D ExynosCameraBufferManager: [CAM_ID(1)][SCC_BUF]-DEBUG(deinit[116]):IN..
11-09 16:49:39.893  3083  3083 I ExynosCameraBufferManager: [CAM_ID(1)][SCC_BUF]-INFO(deinit[119]:OUT.. Buffer is not allocated
11-09 16:49:39.893  3083  3083 D ExynosCamera: [CAM_ID(1)][]-DEBUG(release):BufferManager(sccBufferMgr) destroyed
11-09 16:49:39.893  3083  3083 D ExynosCameraBufferManager: [CAM_ID(1)][GSC_BUF]-DEBUG(deinit[116]):IN..
11-09 16:49:39.893  3083  3083 I ExynosCameraBufferManager: [CAM_ID(1)][GSC_BUF]-INFO(deinit[119]:OUT.. Buffer is not allocated
11-09 16:49:39.893  3083  3083 D ExynosCameraBufferManager: [CAM_ID(1)][GSC_BUF]-DEBUG(deinit[116]):IN..
11-09 16:49:39.893  3083  3083 I ExynosCameraBufferManager: [CAM_ID(1)][GSC_BUF]-INFO(deinit[119]:OUT.. Buffer is not allocated
11-09 16:49:39.893  3083  3083 D ExynosCamera: [CAM_ID(1)][]-DEBUG(release):BufferManager(gscBufferMgr) destroyed
11-09 16:49:39.894  3083  3083 D ExynosCameraBufferManager: [CAM_ID(1)][POSTPICTURE_GSC_BUF]-DEBUG(deinit[116]):IN..
11-09 16:49:39.894  3083  3083 I ExynosCameraBufferManager: [CAM_ID(1)][POSTPICTURE_GSC_BUF]-INFO(deinit[119]:OUT.. Buffer is not allocated
11-09 16:49:39.894  3083  3083 D ExynosCameraBufferManager: [CAM_ID(1)][POSTPICTURE_GSC_BUF]-DEBUG(deinit[116]):IN..
11-09 16:49:39.894  3083  3083 I ExynosCameraBufferManager: [CAM_ID(1)][POSTPICTURE_GSC_BUF]-INFO(deinit[119]:OUT.. Buffer is not allocated
11-09 16:49:39.894  3083  3083 D ExynosCamera: [CAM_ID(1)][]-DEBUG(release):BufferManager(m_postPictureGscBufferMgr) destroyed
11-09 16:49:39.894  3083  3083 D ExynosCameraBufferManager: [CAM_ID(1)][THUMBNAIL_GSC_BUF]-DEBUG(deinit[116]):IN..
11-09 16:49:39.894  3083  3083 I ExynosCameraBufferManager: [CAM_ID(1)][THUMBNAIL_GSC_BUF]-INFO(deinit[119]:OUT.. Buffer is not allocated
11-09 16:49:39.894  3083  3083 D ExynosCameraBufferManager: [CAM_ID(1)][THUMBNAIL_GSC_BUF]-DEBUG(deinit[116]):IN..
11-09 16:49:39.894  3083  3083 I ExynosCameraBufferManager: [CAM_ID(1)][THUMBNAIL_GSC_BUF]-INFO(deinit[119]:OUT.. Buffer is not allocated
11-09 16:49:39.894  3083  3083 D ExynosCamera: [CAM_ID(1)][]-DEBUG(release):BufferManager(m_thumbnailGscBufferMgr) destroyed
11-09 16:49:39.894  3083  3083 D ExynosCameraBufferManager: [CAM_ID(1)][JPEG_BUF]-DEBUG(deinit[116]):IN..
11-09 16:49:39.894  3083  3083 I ExynosCameraBufferManager: [CAM_ID(1)][JPEG_BUF]-INFO(deinit[119]:OUT.. Buffer is not allocated
11-09 16:49:39.894  3083  3083 D ExynosCameraBufferManager: [CAM_ID(1)][JPEG_BUF]-DEBUG(deinit[116]):IN..
11-09 16:49:39.894  3083  3083 I ExynosCameraBufferManager: [CAM_ID(1)][JPEG_BUF]-INFO(deinit[119]:OUT.. Buffer is not allocated
11-09 16:49:39.894  3083  3083 D ExynosCamera: [CAM_ID(1)][]-DEBUG(release):BufferManager(jpegBufferMgr) destroyed
11-09 16:49:39.894  3083  3083 D ExynosCameraBufferManager: [CAM_ID(1)][PREVIEW_CB_BUF]-DEBUG(deinit[116]):IN..
11-09 16:49:39.894  3083  3083 I ExynosCameraBufferManager: [CAM_ID(1)][PREVIEW_CB_BUF]-INFO(deinit[119]:OUT.. Buffer is not allocated
11-09 16:49:39.894  3083  3083 D ExynosCameraBufferManager: [CAM_ID(1)][PREVIEW_CB_BUF]-DEBUG(deinit[116]):IN..
11-09 16:49:39.894  3083  3083 I ExynosCameraBufferManager: [CAM_ID(1)][PREVIEW_CB_BUF]-INFO(deinit[119]:OUT.. Buffer is not allocated
11-09 16:49:39.894  3083  3083 D ExynosCamera: [CAM_ID(1)][]-DEBUG(release):BufferManager(previewCallbackBufferMgr) destroyed
11-09 16:49:39.894  4242  4292 I ServiceThread: Enabled StrictMode logging for PowerManagerService looper.
11-09 16:49:39.894  3083  3083 D ExynosCameraBufferManager: [CAM_ID(1)][HIGH_RESOLUTION_CB_BUF]-DEBUG(deinit[116]):IN..
11-09 16:49:39.894  3083  3083 I ExynosCameraBufferManager: [CAM_ID(1)][HIGH_RESOLUTION_CB_BUF]-INFO(deinit[119]:OUT.. Buffer is not allocated
11-09 16:49:39.894  3083  3083 D ExynosCameraBufferManager: [CAM_ID(1)][HIGH_RESOLUTION_CB_BUF]-DEBUG(deinit[116]):IN..
11-09 16:49:39.894  3083  3083 I ExynosCameraBufferManager: [CAM_ID(1)][HIGH_RESOLUTION_CB_BUF]-INFO(deinit[119]:OUT.. Buffer is not allocated
11-09 16:49:39.894  3083  3083 D ExynosCamera: [CAM_ID(1)][]-DEBUG(release):BufferManager(m_highResolutionCallbackBufferMgr) destroyed
11-09 16:49:39.894  3083  3083 D ExynosCameraBufferManager: [CAM_ID(1)][REC_BUF]-DEBUG(deinit[116]):IN..
11-09 16:49:39.894  3083  3083 I ExynosCameraBufferManager: [CAM_ID(1)][REC_BUF]-INFO(deinit[119]:OUT.. Buffer is not allocated
11-09 16:49:39.894  3083  3083 D ExynosCameraBufferManager: [CAM_ID(1)][REC_BUF]-DEBUG(deinit[116]):IN..
11-09 16:49:39.894  3083  3083 I ExynosCameraBufferManager: [CAM_ID(1)][REC_BUF]-INFO(deinit[119]:OUT.. Buffer is not allocated
11-09 16:49:39.894  3083  3083 D ExynosCamera: [CAM_ID(1)][]-DEBUG(release):BufferManager(recordingBufferMgr) destroyed
11-09 16:49:39.894  3083  3083 D ExynosCameraBufferManager: [CAM_ID(1)][VDIS_BUF]-DEBUG(deinit[116]):IN..
11-09 16:49:39.894  3083  3083 I ExynosCameraBufferManager: [CAM_ID(1)][VDIS_BUF]-INFO(deinit[119]:OUT.. Buffer is not allocated
11-09 16:49:39.894  3083  3083 D ExynosCameraBufferManager: [CAM_ID(1)][VDIS_BUF]-DEBUG(deinit[116]):IN..
11-09 16:49:39.894  3083  3083 I ExynosCameraBufferManager: [CAM_ID(1)][VDIS_BUF]-INFO(deinit[119]:OUT.. Buffer is not allocated
11-09 16:49:39.894  3083  3083 D ExynosCamera: VDIS_HAL(release):BufferManager(m_swVDIS_BufferMgr) destroyed
11-09 16:49:39.894  3083  3083 D ExynosCameraFrameManager: [CAM_ID(1)][FRAME MANAGER]-DEBUG(~ExynosCameraFrameManager): FrameManager DELETE(name(FRAME MANAGER) cameraid(1) mode(2)
11-09 16:49:39.894  3083  3083 D ExynosCameraFrameManager: [CAM_ID(1)][CREATE FRAME WORKER]-DEBUG(~CreateWorker): Worker DELETE(name(CREATE FRAME WORKER) cameraid(1) mode(2) 
11-09 16:49:39.894  3083  3083 D ExynosCameraFrameManager: [CAM_ID(1)][DELETE FRAME WORKER]-DEBUG(~DeleteWorker): Worker DELETE(name(DELETE FRAME WORKER) cameraid(1) mode(2) 
11-09 16:49:39.894  3083  3083 D ExynosCameraFrameManager: [CAM_ID(1)][FRAME MANAGER]-DEBUG(m_deinit[961]): delete m_lock
11-09 16:49:39.894  3083  3083 D ExynosCameraFrameManager: [CAM_ID(1)][FRAME MANAGER]-DEBUG(m_deinit[966]): delete m_keybox
11-09 16:49:39.894  3083  3083 I ExynosCamera: [CAM_ID(1)][]-INFO(release[1484]): -OUT-
11-09 16:49:39.895  3083  3083 D SecCameraPreviewFrameScheduler: (m_release[181] m_vsyncPeriod=0, Drop Count 0)
11-09 16:49:39.895  3083  3083 I ExynosCamera3Interface: INFO(HAL_camera_device_close[775]):camera(1)
11-09 16:49:39.895  3083  3083 I ExynosCamera3Interface: INFO(HAL_camera_device_close[778]): out
11-09 16:49:39.895  3083  3083 D ExynosCamera3Interface: DEBUG:duration time(  111 msec):(HAL_camera_device_close)
11-09 16:49:39.895  3083  3083 I CameraService: onDeviceStatusChanged: Status changed for cameraId=0, newStatus=1
11-09 16:49:39.895  3083  3083 E CameraService: onDeviceStatusChanged: State transition to the same status 0x1 not allowed
11-09 16:49:39.895  3083  3083 I CameraService: onDeviceStatusChanged: Status changed for cameraId=1, newStatus=1
11-09 16:49:39.895  3083  3083 E CameraService: onDeviceStatusChanged: State transition to the same status 0x1 not allowed
11-09 16:49:39.895  2933  2933 W /system/bin/hwservicemanager: getTransportFromManifest: Cannot find entry android.hardware.power@1.0::IPower in either framework or device manifest, using default transport.
11-09 16:49:39.903  4242  4242 D power.exynos5: power_open: enter; name=power
11-09 16:49:39.903  4242  4242 D power.exynos5: power_open: exit 0
11-09 16:49:39.903  4242  4242 D power.exynos5: power_set_profile: apply profile 1
11-09 16:49:39.904  4242  4242 E power.exynos5: pfwrite: failed to open /sys/power/enable_dm_hotplug
11-09 16:49:40.010  4242  4242 I PowerManagerService-JNI: Loaded power HAL service
11-09 16:49:40.011  4242  4242 I libsuspend: Selected wakeup count
11-09 16:49:40.011  4242  4242 D power.exynos5: power_set_profile: apply profile 1
11-09 16:49:40.011  4242  4242 E power.exynos5: pfwrite: failed to open /sys/power/enable_dm_hotplug
11-09 16:49:40.112  4242  4242 D PowerManagerService-JNI: cpu4/cpufreq/nexus/hispeed_freq: 101ms
11-09 16:49:40.112  4242  4242 D power.exynos5: power_set_feature: set POWER_FEATURE_DOUBLE_TAP_TO_WAKE to "0"
11-09 16:49:40.118  4242  4242 D SystemServerTiming: StartPowerManager took to complete: 228ms
11-09 16:49:40.118  4242  4242 I SystemServer: InitPowerManagement
11-09 16:49:40.120  4242  4242 D SystemServerTiming: InitPowerManagement took to complete: 2ms
11-09 16:49:40.120  4242  4242 I SystemServer: StartRecoverySystemService
11-09 16:49:40.121  4242  4242 I SystemServiceManager: Starting com.android.server.RecoverySystemService
11-09 16:49:40.122  4242  4242 D SystemServerTiming: StartRecoverySystemService took to complete: 3ms
11-09 16:49:40.124  4242  4242 W RescueParty: Noticed 1 events for UID 0 in last 7 sec
11-09 16:49:40.124  4242  4242 I SystemServer: StartLightsService
11-09 16:49:40.124  4242  4242 I SystemServiceManager: Starting com.android.server.lights.LightsService
11-09 16:49:40.126  4242  4242 D SystemServerTiming: StartLightsService took to complete: 2ms
11-09 16:49:40.126  4242  4242 I SystemServer: StartDisplayManager
11-09 16:49:40.126  4242  4242 I SystemServiceManager: Starting com.android.server.display.DisplayManagerService
11-09 16:49:40.129  4242  4242 D SystemServerTiming: StartDisplayManager took to complete: 4ms
11-09 16:49:40.129  4242  4242 I SystemServer: WaitForDisplay
11-09 16:49:40.129  4242  4242 I SystemServiceManager: Starting phase 100
11-09 16:49:40.130  4242  4290 W LocalDisplayAdapter: Unable to get active color mode for display device 0
11-09 16:49:40.130  4242  4290 E LocalDisplayAdapter: Default and active color mode is no longer available! Reverting to first available mode.
11-09 16:49:40.133  4242  4290 I DisplayManagerService: Display device added: DisplayDeviceInfo{"Built-in Screen": uniqueId="local:0", 1440 x 2560, modeId 1, defaultModeId 1, supportedModes [{id=1, width=1440, height=2560, fps=59.0}], colorMode -22, supportedColorModes [-22], HdrCapabilities android.view.Display$HdrCapabilities@a69d6308, density 640, 580.571 x 580.571 dpi, appVsyncOff 1000000, presDeadline 16949152, touch INTERNAL, rotation 0, type BUILT_IN, state UNKNOWN, FLAG_DEFAULT_DISPLAY, FLAG_ROTATES_WITH_CONTENT, FLAG_SECURE, FLAG_SUPPORTS_PROTECTED_BUFFERS}
11-09 16:49:40.135  3065  3065 D SurfaceFlinger: Set power mode=2, type=0 flinger=0x7f95a5e000
11-09 16:49:40.135  3065  3065 D SurfaceFlinger: Screen type=0 is already mode=2
11-09 16:49:40.135  2933  2933 W /system/bin/hwservicemanager: getTransportFromManifest: Cannot find entry android.hardware.light@2.0::ILight in either framework or device manifest, using default transport.
11-09 16:49:40.143  4242  4290 E light   : light_open lights keyboard failed: -22
11-09 16:49:40.143  4242  4290 E light   : Light passthrough failed to load legacy HAL.
11-09 16:49:40.144  4242  4290 E light   : light_open lights bluetooth failed: -22
11-09 16:49:40.144  4242  4290 E light   : Light passthrough failed to load legacy HAL.
11-09 16:49:40.145  4242  4290 E light   : light_open lights wifi failed: -22
11-09 16:49:40.145  4242  4290 E light   : Light passthrough failed to load legacy HAL.
11-09 16:49:40.151  4242  4242 D SystemServerTiming: WaitForDisplay took to complete: 21ms
11-09 16:49:40.151  4242  4290 I DisplayManagerService: Display device changed state: "Built-in Screen", ON
11-09 16:49:40.151  4242  4242 I SystemServer: StartPackageManagerService
11-09 16:49:40.188  4242  4242 D SELinuxMMAC: Using policy file /system/etc/selinux/plat_mac_permissions.xml
11-09 16:49:40.190  4242  4242 D SELinuxMMAC: Using policy file /vendor/etc/selinux/nonplat_mac_permissions.xml
11-09 16:49:40.304  4242  4242 D PackageManager: No files in app dir /vendor/overlay
11-09 16:49:40.357  4242  4242 W PackageManager: Failed to scan /system/priv-app/Phonesky: Package com.android.vending at /system/priv-app/Phonesky ignored: updated version 80837300 better than this 80817300
11-09 16:49:40.365  4242  4242 W PackageManager: Failed to scan /system/priv-app/Substratum: Package projekt.substratum at /system/priv-app/Substratum ignored: updated version 914 better than this 854
11-09 16:49:40.399  4242  4242 W PackageManager: Failed to scan /system/priv-app/PrebuiltGmsCore: Package com.google.android.gms at /system/priv-app/PrebuiltGmsCore ignored: updated version 11745440 better than this 11509940
11-09 16:49:40.419  4242  4242 W PackageManager: Package com.google.android.ext.shared library android.ext.shared already exists; skipping
11-09 16:49:40.425  4242  4242 W PackageManager: Failed to scan /system/app/GoogleTTS: Package com.google.android.tts at /system/app/GoogleTTS ignored: updated version 210313031 better than this 210311121
11-09 16:49:40.425  4242  4242 W PackageManager: Failed to parse /system/app/mcRegistry: Missing base APK in /system/app/mcRegistry
11-09 16:49:40.425  4242  4242 D PackageManager: No files in app dir /vendor/priv-app
11-09 16:49:40.425  4242  4242 D PackageManager: No files in app dir /system/vendor/app
11-09 16:49:40.425  4242  4242 D PackageManager: No files in app dir /oem/app
11-09 16:49:40.431  4242  4242 W PackageManager: Failed to parse /data/app/mcRegistry: Missing base APK in /data/app/mcRegistry
11-09 16:49:40.513  4242  4242 D PackageManager: No files in app dir /data/app-private
11-09 16:49:40.522  4242  4242 I PackageManager: Time to scan packages: 0.222 seconds
11-09 16:49:40.523  4242  4242 I PackageManager: Un-granting permission android.permission.INSTALL_GRANT_RUNTIME_PERMISSIONS from package com.android.vending (protectionLevel=770 flags=0x384abec5)
11-09 16:49:40.523  4242  4242 I PackageManager: Un-granting permission android.permission.GRANT_RUNTIME_PERMISSIONS from package com.android.vending (protectionLevel=770 flags=0x384abec5)
11-09 16:49:40.523  4242  4242 I PackageManager: Un-granting permission android.permission.REVOKE_RUNTIME_PERMISSIONS from package com.android.vending (protectionLevel=770 flags=0x384abec5)
11-09 16:49:40.523  4242  4242 I PackageManager: Un-granting permission android.permission.SET_PREFERRED_APPLICATIONS from package com.android.vending (protectionLevel=514 flags=0x384abec5)
11-09 16:49:40.523  4242  4242 I PackageManager: Un-granting permission android.permission.ACCESS_INSTANT_APPS from package com.android.vending (protectionLevel=770 flags=0x384abec5)
11-09 16:49:40.526  4242  4242 V PackageManager: reconcileAppsData for null u0 0x3 migrateAppData=true
11-09 16:49:40.534  3087  3125 I SELinux : SELinux: Loaded file_contexts
11-09 16:49:40.620  3125  3125 I Binder:3087_1: type=1400 audit(0.0:200): avc: denied { write } for name="trace_marker" dev="debugfs" ino=2637 scontext=u:r:installd:s0 tcontext=u:object_r:debugfs:s0 tclass=file permissive=1
11-09 16:49:40.620  3125  3125 I Binder:3087_1: type=1400 audit(0.0:201): avc: denied { open } for path="/sys/kernel/debug/tracing/trace_marker" dev="debugfs" ino=2637 scontext=u:r:installd:s0 tcontext=u:object_r:debugfs:s0 tclass=file permissive=1
11-09 16:49:40.626  4242  4242 V PackageManager: reconcileAppsData finished 19 packages
11-09 16:49:40.626  4242  4315 D SystemServerInitThreadPool: Started executing prepareAppData
11-09 16:49:40.630  4242  4242 V PackageManager: Disabling com.google.android.gsf/com.google.android.gsf.update.SystemUpdateActivity
11-09 16:49:40.630  4242  4242 W PackageManager: Unable to disable com.google.android.gsf/com.google.android.gsf.update.SystemUpdateActivity
11-09 16:49:40.630  4242  4242 V PackageManager: Disabling com.google.android.gsf/com.google.android.gsf.update.SystemUpdateService$Receiver
11-09 16:49:40.630  4242  4242 W PackageManager: Unable to disable com.google.android.gsf/com.google.android.gsf.update.SystemUpdateService$Receiver
11-09 16:49:40.630  4242  4242 V PackageManager: Disabling com.google.android.gsf/com.google.android.gsf.update.SystemUpdateService$SecretCodeReceiver
11-09 16:49:40.630  4242  4242 W PackageManager: Unable to disable com.google.android.gsf/com.google.android.gsf.update.SystemUpdateService$SecretCodeReceiver
11-09 16:49:40.630  4242  4242 V PackageManager: Disabling com.google.android.gms/com.google.android.gms.update.SystemUpdateActivity
11-09 16:49:40.630  4242  4242 V PackageManager: Disabling com.google.android.gms/com.google.android.gms.update.SystemUpdateService$Receiver
11-09 16:49:40.630  4242  4242 W PackageManager: Unable to disable com.google.android.gms/com.google.android.gms.update.SystemUpdateService$Receiver
11-09 16:49:40.630  4242  4242 V PackageManager: Disabling com.google.android.gms/com.google.android.gms.update.SystemUpdateService$ActiveReceiver
11-09 16:49:40.631  4242  4242 W PackageManager: Unable to disable com.google.android.gms/com.google.android.gms.update.SystemUpdateService$ActiveReceiver
11-09 16:49:40.631  4242  4242 V PackageManager: Disabling com.google.android.gms/com.google.android.gms.update.SystemUpdateService$SecretCodeReceiver
11-09 16:49:40.631  4242  4242 W PackageManager: Unable to disable com.google.android.gms/com.google.android.gms.update.SystemUpdateService$SecretCodeReceiver
11-09 16:49:40.631  4242  4242 V PackageManager: Enabling com.google.android.gsf/com.google.android.gsf.update.SystemUpdateService
11-09 16:49:40.631  4242  4242 W PackageManager: Unable to enable com.google.android.gsf/com.google.android.gsf.update.SystemUpdateService
11-09 16:49:40.631  4242  4242 V PackageManager: Enabling com.google.android.gms/com.google.android.gms.update.SystemUpdateService
11-09 16:49:40.659  3087  3125 W installd: Ignoring /data/data/com.android.vending/lib with unexpected GID 0 instead of 10018
11-09 16:49:40.670  3087  3125 W installd: Ignoring /data/data/com.android.webview/lib with unexpected GID 0 instead of 10069
11-09 16:49:40.676  3087  3125 W installd: Ignoring /data/data/com.google.android.tts/lib with unexpected GID 0 instead of 10073
11-09 16:49:40.677  3087  3125 W installd: Ignoring /data/data/com.svox.pico/lib with unexpected GID 0 instead of 10061
11-09 16:49:40.681  3087  3125 W installd: Ignoring /data/data/org.mozilla.firefox/lib with unexpected GID 0 instead of 10016
11-09 16:49:40.691  3087  3125 W installd: Ignoring /data/data/org.telegram.messenger/lib with unexpected GID 0 instead of 10074
11-09 16:49:40.691  3087  3125 W installd: Ignoring /data/data/com.whatsapp/lib with unexpected GID 0 instead of 10075
11-09 16:49:40.692  3087  3125 W installd: Ignoring /data/data/com.estrongs.android.pop.pro/lib with unexpected GID 0 instead of 10076
11-09 16:49:40.700  3087  3125 W installd: Ignoring /data/data/com.waze/lib with unexpected GID 0 instead of 10089
11-09 16:49:40.700  3087  3125 W installd: Ignoring /data/data/de.saschawillems.vulkancapsviewer/lib with unexpected GID 0 instead of 10091
11-09 16:49:40.701  3087  3125 W installd: Ignoring /data/data/com.ketchapp.ballz/lib with unexpected GID 0 instead of 10093
11-09 16:49:40.702  3087  3125 W installd: Ignoring /data/data/air.com.innogames.staemme/lib with unexpected GID 0 instead of 10094
11-09 16:49:40.703  3087  3125 W installd: Ignoring /data/data/com.gameloft.android.ANMP.GloftA8HM/lib with unexpected GID 0 instead of 10095
11-09 16:49:40.713  3087  3125 W installd: Ignoring /data/data/com.microsoft.launcher/lib with unexpected GID 0 instead of 10099
11-09 16:49:40.715  3087  3125 W installd: Ignoring /data/data/com.microsoft.office.excel/lib with unexpected GID 0 instead of 10101
11-09 16:49:40.715  3087  3125 W installd: Ignoring /data/data/com.microsoft.office.word/lib with unexpected GID 0 instead of 10101
11-09 16:49:40.717  3087  3125 W installd: Ignoring /data/data/com.adobe.reader/lib with unexpected GID 0 instead of 10100
11-09 16:49:40.718  3087  3125 W installd: Ignoring /data/data/com.hp.android.printservice/lib with unexpected GID 0 instead of 10102
11-09 16:49:40.720  3087  3125 W installd: Ignoring /data/data/com.shazam.android/lib with unexpected GID 0 instead of 10105
11-09 16:49:40.721  3087  3125 W installd: Ignoring /data/data/com.melodis.midomiMusicIdentifier.freemium/lib with unexpected GID 0 instead of 10106
11-09 16:49:40.723  3087  3125 W installd: Ignoring /data/data/com.futuremark.dmandroid.application/lib with unexpected GID 0 instead of 10103
11-09 16:49:40.724  3087  3125 W installd: Ignoring /data/data/com.futuremark.pcmark.android.benchmark/lib with unexpected GID 0 instead of 10107
11-09 16:49:40.725  3087  3125 W installd: Ignoring /data/data/com.sec.android.service.health/lib with unexpected GID 0 instead of 10111
11-09 16:49:40.780  4242  4315 D SystemServerTimingAsync: AppDataFixup took to complete: 153ms
11-09 16:49:40.792  4242  4242 V PackageManager: Ephemeral resolver found; pkg: com.google.android.gms, info:ResolveInfo{187e49e com.google.android.gms/.chimera.PersistentBoundBrokerService m=0x108000}
11-09 16:49:40.792  4242  4242 D PackageManager: Set ephemeral resolver: Pair{ComponentInfo{com.google.android.gms/com.google.android.gms.chimera.PersistentBoundBrokerService} android.intent.action.RESOLVE_INSTANT_APP_PACKAGE}
11-09 16:49:40.793  4242  4242 D PackageManager: Set ephemeral installer activity: ComponentInfo{com.android.vending/com.google.android.finsky.instantapps.EphemeralInstallerActivity}
11-09 16:49:40.854  3087  3125 W cutils  : Expected path /data/data/com.google.android.apps.authenticator2 with mode 751 but found 700
11-09 16:49:40.860  4242  4242 I zygote64: Explicit concurrent copying GC freed 43455(2MB) AllocSpace objects, 29(2MB) LOS objects, 47% free, 6MB/12MB, paused 81us total 58.394ms
11-09 16:49:40.861  4242  4242 D FallbackCategoryProvider: Found 1 fallback categories
11-09 16:49:40.862  4242  4242 D SystemServerTiming: StartPackageManagerService took to complete: 712ms
11-09 16:49:40.863  4242  4242 I SystemServer: StartOtaDexOptService
11-09 16:49:40.863  4242  4242 D OTADexopt: No upgrade, skipping A/B artifacts check.
11-09 16:49:40.863  4242  4242 D SystemServerTiming: StartOtaDexOptService took to complete: 1ms
11-09 16:49:40.863  4242  4242 I SystemServer: StartUserManagerService
11-09 16:49:40.863  4242  4242 I SystemServiceManager: Starting com.android.server.pm.UserManagerService$LifeCycle
11-09 16:49:40.864  4242  4242 D SystemServerTiming: StartUserManagerService took to complete: 0ms
11-09 16:49:40.864  4242  4242 I SystemServer: InitAttributerCache
11-09 16:49:40.864  4242  4242 D SystemServerTiming: InitAttributerCache took to complete: 0ms
11-09 16:49:40.864  4242  4242 I SystemServer: SetSystemProcess
11-09 16:49:40.873  3064  3064 I lowmemorykiller: ActivityManager connected
11-09 16:49:40.874  4242  4242 D SystemServerTiming: SetSystemProcess took to complete: 10ms
11-09 16:49:40.874  4242  4317 I ServiceThread: Enabled StrictMode logging for android.anim looper.
11-09 16:49:40.874  4242  4242 I SystemServer: StartOverlayManagerService
11-09 16:49:40.876  4242  4242 D SystemServerTiming: StartOverlayManagerService took to complete: 1ms
11-09 16:49:40.876  4242  4318 D SystemServerInitThreadPool: Started executing Init OverlayManagerService
11-09 16:49:40.876  4242  4242 I SystemServer: StartDropBoxManager
11-09 16:49:40.876  4242  4319 D SystemServerInitThreadPool: Started executing StartSensorService
11-09 16:49:40.876  4242  4319 D SensorService: nuSensorService starting...
11-09 16:49:40.876  4242  4242 I SystemServiceManager: Starting com.android.server.DropBoxManagerService
11-09 16:49:40.877  4242  4242 D SystemServerTiming: StartDropBoxManager took to complete: 0ms
11-09 16:49:40.877  4242  4242 I SystemServer: StartBatteryService
11-09 16:49:40.877  4242  4242 I SystemServiceManager: Starting com.android.server.BatteryService
11-09 16: