--------- beginning of main
11-09 16:49:33.424  2949  2949 W auditd  : type=2000 audit(0.0:1): initialized
11-09 16:49:35.424  2949  2949 W auditd  : type=1325 audit(0.0:2): table=filter family=2 entries=0
11-09 16:49:35.424  2949  2949 W auditd  : type=1325 audit(0.0:3): table=mangle family=2 entries=0
11-09 16:49:35.424  2949  2949 W auditd  : type=1325 audit(0.0:4): table=nat family=2 entries=0
11-09 16:49:35.424  2949  2949 W auditd  : type=1325 audit(0.0:5): table=raw family=2 entries=0
11-09 16:49:35.424  2949  2949 W auditd  : type=1325 audit(0.0:6): table=security family=2 entries=0
11-09 16:49:35.424  2949  2949 W auditd  : type=1325 audit(0.0:7): table=filter family=3 entries=0
11-09 16:49:35.424  2949  2949 W auditd  : type=1325 audit(0.0:8): table=filter family=10 entries=0
11-09 16:49:35.424  2949  2949 W auditd  : type=1325 audit(0.0:9): table=mangle family=10 entries=0
11-09 16:49:35.424  2949  2949 W auditd  : type=1325 audit(0.0:10): table=raw family=10 entries=0
11-09 16:49:35.424  2949  2949 W auditd  : type=1325 audit(0.0:11): table=nat family=10 entries=0
11-09 16:49:36.060  2949  2949 I auditd  : type=1403 audit(0.0:12): policy loaded auid=4294967295 ses=4294967295
11-09 16:49:36.540  2915  2915 W e2fsck  : type=1400 audit(0.0:13): avc: granted { getattr } for path="/vendor" dev="rootfs" ino=8919 scontext=u:r:fsck:s0 tcontext=u:object_r:rootfs:s0 tclass=lnk_file
11-09 16:49:36.560  2915  2915 W e2fsck  : type=1400 audit(0.0:14): avc: granted { read } for name="online" dev="sysfs" ino=38 scontext=u:r:fsck:s0 tcontext=u:object_r:sysfs:s0 tclass=file
11-09 16:49:36.560  2915  2915 W e2fsck  : type=1400 audit(0.0:15): avc: granted { read open } for path="/sys/devices/system/cpu/online" dev="sysfs" ino=38 scontext=u:r:fsck:s0 tcontext=u:object_r:sysfs:s0 tclass=file
11-09 16:49:36.560  2915  2915 W e2fsck  : type=1400 audit(0.0:16): avc: granted { getattr } for path="/sys/devices/system/cpu/online" dev="sysfs" ino=38 scontext=u:r:fsck:s0 tcontext=u:object_r:sysfs:s0 tclass=file
11-09 16:49:36.570  2918  2918 W e2fsck  : type=1400 audit(0.0:17): avc: granted { getattr } for path="/vendor" dev="rootfs" ino=8919 scontext=u:r:fsck:s0 tcontext=u:object_r:rootfs:s0 tclass=lnk_file
11-09 16:49:36.580  2918  2918 W e2fsck  : type=1400 audit(0.0:18): avc: granted { read } for name="online" dev="sysfs" ino=38 scontext=u:r:fsck:s0 tcontext=u:object_r:sysfs:s0 tclass=file
11-09 16:49:36.580  2918  2918 W e2fsck  : type=1400 audit(0.0:19): avc: granted { read open } for path="/sys/devices/system/cpu/online" dev="sysfs" ino=38 scontext=u:r:fsck:s0 tcontext=u:object_r:sysfs:s0 tclass=file
11-09 16:49:36.580  2918  2918 W e2fsck  : type=1400 audit(0.0:20): avc: granted { getattr } for path="/sys/devices/system/cpu/online" dev="sysfs" ino=38 scontext=u:r:fsck:s0 tcontext=u:object_r:sysfs:s0 tclass=file
11-09 16:49:36.620  2924  2924 W e2fsck  : type=1400 audit(0.0:21): avc: granted { getattr } for path="/vendor" dev="rootfs" ino=8919 scontext=u:r:fsck:s0 tcontext=u:object_r:rootfs:s0 tclass=lnk_file
11-09 16:49:36.630  2924  2924 W e2fsck  : type=1400 audit(0.0:22): avc: granted { read } for name="online" dev="sysfs" ino=38 scontext=u:r:fsck:s0 tcontext=u:object_r:sysfs:s0 tclass=file
11-09 16:49:36.630  2924  2924 W e2fsck  : type=1400 audit(0.0:23): avc: granted { read open } for path="/sys/devices/system/cpu/online" dev="sysfs" ino=38 scontext=u:r:fsck:s0 tcontext=u:object_r:sysfs:s0 tclass=file
11-09 16:49:36.630  2924  2924 W e2fsck  : type=1400 audit(0.0:24): avc: granted { getattr } for path="/sys/devices/system/cpu/online" dev="sysfs" ino=38 scontext=u:r:fsck:s0 tcontext=u:object_r:sysfs:s0 tclass=file
11-09 16:49:36.747     0  2934 I SELinux : SELinux: Loaded service_contexts from:
11-09 16:49:36.748     0  2934 I SELinux :     /vndservice_contexts
11-09 16:49:36.750  2949  2949 W auditd  : type=1305 audit(0.0:25): audit_pid=2931 old=0 auid=4294967295 ses=4294967295 subj=u:r:logd:s0 res=1
11-09 16:49:36.750  2949  2949 W auditd  : type=1305 audit(0.0:26): audit_rate_limit=20 old=0 auid=4294967295 ses=4294967295 subj=u:r:logd:s0 res=1
11-09 16:49:36.756  2932  2932 I SELinux : SELinux: Loaded service_contexts from:
11-09 16:49:36.756  2932  2932 I SELinux :     /plat_service_contexts
11-09 16:49:36.756  2932  2932 I SELinux :     /nonplat_service_contexts
11-09 16:49:36.776  2933  2933 E hwservicemanager: BINDER_SET_INHERIT_FIFO_PRIO failed with error -1
11-09 16:49:36.800  2941  2941 I android.hardwar: type=1400 audit(0.0:27): avc: denied { write } for name="trace_marker" dev="debugfs" ino=2637 scontext=u:r:hal_keymaster_default:s0 tcontext=u:object_r:debugfs:s0 tclass=file permissive=1
11-09 16:49:36.800  2941  2941 I android.hardwar: type=1400 audit(0.0:28): avc: denied { open } for path="/sys/kernel/debug/tracing/trace_marker" dev="debugfs" ino=2637 scontext=u:r:hal_keymaster_default:s0 tcontext=u:object_r:debugfs:s0 tclass=file permissive=1
11-09 16:49:36.800  2933  2933 I hwservicemanage: type=1400 audit(0.0:29): avc: denied { write } for name="trace_marker" dev="debugfs" ino=2637 scontext=u:r:hwservicemanager:s0 tcontext=u:object_r:debugfs:s0 tclass=file permissive=1
11-09 16:49:36.800  2933  2933 I hwservicemanage: type=1400 audit(0.0:30): avc: denied { open } for path="/sys/kernel/debug/tracing/trace_marker" dev="debugfs" ino=2637 scontext=u:r:hwservicemanager:s0 tcontext=u:object_r:debugfs:s0 tclass=file permissive=1
11-09 16:49:36.811  2933  2933 W /system/bin/hwservicemanager: getTransportFromManifest: Cannot find entry android.hardware.keymaster@3.0::IKeymasterDevice in either framework or device manifest, using default transport.
11-09 16:49:36.826  2941  2941 I android.hardware.keymaster@3.0-impl: Fetching keymaster device name default
--------- beginning of system
11-09 16:49:36.835  2942  2942 I vold    : Vold 3.0 (the awakening) firing up
11-09 16:49:36.835  2942  2942 V vold    : Detected support for: exfat ext4 ntfs vfat
11-09 16:49:36.837  2941  2941 I android.hardware.keymaster@3.0-impl: Found keymaster0 module Keymaster OpenSSL HAL, version 2
11-09 16:49:36.837  2941  2941 I android.hardware.keymaster@3.0-impl: Keymaster0 module is software-only.  Using SoftKeymasterDevice instead.
11-09 16:49:36.838  2941  2941 I ServiceManagement: Removing namespace from process name android.hardware.keymaster@3.0-service to keymaster@3.0-s.
11-09 16:49:36.838  2941  2941 I android.hardware.keymaster@3.0-service: Registration complete for android.hardware.keymaster@3.0::IKeymasterDevice/default.
11-09 16:49:36.839  2942  2942 I vold    : [libfs_mgr]fs_mgr_read_fstab_dt(): failed to read fstab from dt
11-09 16:49:36.846  2942  2947 D vold    : e4crypt_init_user0
11-09 16:49:36.846  2942  2947 D vold    : e4crypt_prepare_user_storage for volume null, user 0, serial 0, flags 1
11-09 16:49:36.846  2942  2947 D vold    : Preparing: /data/system/users/0
11-09 16:49:36.850  2942  2947 D vold    : Preparing: /data/misc/profiles/cur/0
11-09 16:49:36.850  2942  2947 D vold    : Preparing: /data/system_de/0
11-09 16:49:36.850  2942  2947 D vold    : Preparing: /data/misc_de/0
11-09 16:49:36.850  2942  2947 D vold    : Preparing: /data/user_de/0
11-09 16:49:36.851  2942  2947 D vold    : e4crypt_unlock_user_key 0 serial=0 token_present=0
11-09 16:49:36.875  2956  2956 I /system/bin/tzdatacheck: timezone distro dir /data/misc/zoneinfo/current does not exist. No action required.
11-09 16:49:36.982  2999  2999 I Magisk  : *** [Universal Hide] Version: 
11-09 16:49:37.001  3001  3001 I Magisk  : *** [Universal Hide] Hiding dangerous props
11-09 16:49:37.111  3014  3014 I Magisk  : *** [Universal Hide] Checking information
11-09 16:49:37.120  3017  3017 W netd    : type=1400 audit(0.0:31): avc: granted { getattr } for path="/vendor" dev="rootfs" ino=8919 scontext=u:r:netd:s0 tcontext=u:object_r:rootfs:s0 tclass=lnk_file
11-09 16:49:37.146  3017  3017 I Netd    : Netd 1.0 starting
11-09 16:49:37.180  3022  3022 W iptables-restor: type=1400 audit(0.0:32): avc: granted { getattr } for path="/vendor" dev="rootfs" ino=8919 scontext=u:r:netd:s0 tcontext=u:object_r:rootfs:s0 tclass=lnk_file
11-09 16:49:37.180  2949  2949 W auditd  : type=1325 audit(0.0:33): table=filter family=2 entries=4
11-09 16:49:37.180  3023  3023 W ip6tables-resto: type=1400 audit(0.0:34): avc: granted { getattr } for path="/vendor" dev="rootfs" ino=8919 scontext=u:r:netd:s0 tcontext=u:object_r:rootfs:s0 tclass=lnk_file
11-09 16:49:37.180  3017  3017 D TetherController: Setting IP forward enable = 0
11-09 16:49:37.190  2949  2949 W auditd  : type=1325 audit(0.0:35): table=filter family=10 entries=4
11-09 16:49:37.190  2949  2949 W auditd  : type=1325 audit(0.0:36): table=filter family=2 entries=10
11-09 16:49:37.190  2949  2949 W auditd  : type=1325 audit(0.0:37): table=filter family=10 entries=10
11-09 16:49:37.190  3024  3024 W iptables: type=1400 audit(0.0:38): avc: granted { getattr } for path="/vendor" dev="rootfs" ino=8919 scontext=u:r:netd:s0 tcontext=u:object_r:rootfs:s0 tclass=lnk_file
11-09 16:49:37.200  3025  3025 W ip6tables: type=1400 audit(0.0:39): avc: granted { getattr } for path="/vendor" dev="rootfs" ino=8919 scontext=u:r:netd:s0 tcontext=u:object_r:rootfs:s0 tclass=lnk_file
11-09 16:49:37.200  3019  3019 I app_process32: type=1400 audit(0.0:40): avc: denied { read } for name="libstagefright.so" dev="sda15" ino=179876 scontext=u:r:zygote:s0 tcontext=u:object_r:unlabeled:s0 tclass=file permissive=1
11-09 16:49:37.200  3019  3019 I app_process32: type=1400 audit(0.0:41): avc: denied { read open } for path="/system/lib/libstagefright.so" dev="sda15" ino=179876 scontext=u:r:zygote:s0 tcontext=u:object_r:unlabeled:s0 tclass=file permissive=1
11-09 16:49:37.200  3019  3019 I app_process32: type=1400 audit(0.0:42): avc: denied { getattr } for path="/system/lib/libstagefright.so" dev="sda15" ino=179876 scontext=u:r:zygote:s0 tcontext=u:object_r:unlabeled:s0 tclass=file permissive=1
11-09 16:49:37.210  3026  3026 W iptables: type=1400 audit(0.0:43): avc: granted { getattr } for path="/vendor" dev="rootfs" ino=8919 scontext=u:r:netd:s0 tcontext=u:object_r:rootfs:s0 tclass=lnk_file
11-09 16:49:37.210  3027  3027 W ip6tables: type=1400 audit(0.0:44): avc: granted { getattr } for path="/vendor" dev="rootfs" ino=8919 scontext=u:r:netd:s0 tcontext=u:object_r:rootfs:s0 tclass=lnk_file
11-09 16:49:37.220  3028  3028 W iptables: type=1400 audit(0.0:45): avc: granted { getattr } for path="/vendor" dev="rootfs" ino=8919 scontext=u:r:netd:s0 tcontext=u:object_r:rootfs:s0 tclass=lnk_file
11-09 16:49:37.230  3029  3029 W ip6tables: type=1400 audit(0.0:46): avc: granted { getattr } for path="/vendor" dev="rootfs" ino=8919 scontext=u:r:netd:s0 tcontext=u:object_r:rootfs:s0 tclass=lnk_file
11-09 16:49:37.230  3030  3030 W iptables: type=1400 audit(0.0:47): avc: granted { getattr } for path="/vendor" dev="rootfs" ino=8919 scontext=u:r:netd:s0 tcontext=u:object_r:rootfs:s0 tclass=lnk_file
11-09 16:49:37.240  3031  3031 W ip6tables: type=1400 audit(0.0:48): avc: granted { getattr } for path="/vendor" dev="rootfs" ino=8919 scontext=u:r:netd:s0 tcontext=u:object_r:rootfs:s0 tclass=lnk_file
11-09 16:49:37.250  2949  2949 W auditd  : type=1325 audit(0.0:49): table=filter family=2 entries=22
11-09 16:49:37.250  2949  2949 W auditd  : type=1325 audit(0.0:50): table=filter family=10 entries=22
11-09 16:49:37.250  2949  2949 W auditd  : type=1325 audit(0.0:51): table=raw family=2 entries=3
11-09 16:49:37.250  2949  2949 W auditd  : type=1325 audit(0.0:52): table=raw family=10 entries=3
11-09 16:49:37.250  3032  3032 W iptables: type=1400 audit(0.0:53): avc: granted { getattr } for path="/vendor" dev="rootfs" ino=8919 scontext=u:r:netd:s0 tcontext=u:object_r:rootfs:s0 tclass=lnk_file
11-09 16:49:37.260  3033  3033 W ip6tables: type=1400 audit(0.0:54): avc: granted { getattr } for path="/vendor" dev="rootfs" ino=8919 scontext=u:r:netd:s0 tcontext=u:object_r:rootfs:s0 tclass=lnk_file
11-09 16:49:37.260  3034  3034 W iptables: type=1400 audit(0.0:55): avc: granted { getattr } for path="/vendor" dev="rootfs" ino=8919 scontext=u:r:netd:s0 tcontext=u:object_r:rootfs:s0 tclass=lnk_file
11-09 16:49:37.270  3035  3035 W ip6tables: type=1400 audit(0.0:56): avc: granted { getattr } for path="/vendor" dev="rootfs" ino=8919 scontext=u:r:netd:s0 tcontext=u:object_r:rootfs:s0 tclass=lnk_file
11-09 16:49:37.270  3019  3019 I app_process32: type=1400 audit(0.0:57): avc: denied { execute } for path="/system/lib/libstagefright.so" dev="sda15" ino=179876 scontext=u:r:zygote:s0 tcontext=u:object_r:unlabeled:s0 tclass=file permissive=1
11-09 16:49:37.280  3036  3036 W iptables: type=1400 audit(0.0:58): avc: granted { getattr } for path="/vendor" dev="rootfs" ino=8919 scontext=u:r:netd:s0 tcontext=u:object_r:rootfs:s0 tclass=lnk_file
11-09 16:49:37.280  3038  3038 W ip6tables: type=1400 audit(0.0:59): avc: granted { getattr } for path="/vendor" dev="rootfs" ino=8919 scontext=u:r:netd:s0 tcontext=u:object_r:rootfs:s0 tclass=lnk_file
11-09 16:49:37.290  2949  2949 W auditd  : type=1325 audit(0.0:60): table=mangle family=2 entries=6
11-09 16:49:37.290  2949  2949 W auditd  : type=1325 audit(0.0:61): table=mangle family=10 entries=6
11-09 16:49:37.290  2949  2949 W auditd  : type=1325 audit(0.0:62): table=mangle family=2 entries=15
11-09 16:49:37.290  2949  2949 W auditd  : type=1325 audit(0.0:63): table=mangle family=10 entries=15
11-09 16:49:37.290  2949  2949 W auditd  : type=1325 audit(0.0:64): table=nat family=2 entries=5
11-09 16:49:37.290  2949  2949 W auditd  : type=1325 audit(0.0:65): table=nat family=2 entries=8
11-09 16:49:37.300  3017  3017 I Netd    : Creating child chains: 117.9ms
11-09 16:49:37.300  3017  3017 I Netd    : Setting up OEM hooks: 0.1ms
11-09 16:49:37.303  3017  3017 I Netd    : Setting up FirewallController hooks: 3.0ms
11-09 16:49:37.305  3017  3017 I Netd    : Setting up NatController hooks: 1.9ms
11-09 16:49:37.307  3017  3017 I Netd    : Setting up BandwidthController hooks: 1.5ms
11-09 16:49:37.307  3017  3017 I Netd    : Setting up IdletimerController hooks: 0.0ms
11-09 16:49:37.310  3017  3017 I Netd    : Disabling bandwidth control: 2.9ms
11-09 16:49:37.310  3017  3017 E Netd    : cannot find interface dummy0
11-09 16:49:37.322  3017  3017 I Netd    : Initializing RouteController: 12.0ms
11-09 16:49:37.323  3017  3017 D MDnsDS  : MDnsSdListener::Hander starting up
11-09 16:49:37.323  3017  3048 D MDnsDS  : MDnsSdListener starting to monitor
11-09 16:49:37.323  3017  3048 D MDnsDS  : Going to poll with pollCount 1
11-09 16:49:37.324  3017  3017 I Netd    : Registering NetdNativeService: 1.1ms
11-09 16:49:37.324  3017  3017 I Netd    : Starting CommandListener: 0.1ms
11-09 16:49:37.324  3017  3017 I Netd    : Netd started in 178ms
11-09 16:49:37.528  3064  3064 I lowmemorykiller: Using in-kernel low memory killer interface
11-09 16:49:37.530  3057  3057 I ServiceManagement: Removing namespace from process name android.hidl.allocator@1.0-service to allocator@1.0-s.
11-09 16:49:37.534  3058  3058 I ServiceManagement: Removing namespace from process name android.hardware.configstore@1.0-service to configstore@1.0.
11-09 16:49:37.540  2933  2933 W /system/bin/hwservicemanager: getTransportFromManifest: Cannot find entry android.hardware.ir@1.0::IConsumerIr in either framework or device manifest, using default transport.
11-09 16:49:37.541  3063  3063 I McDaemon: Daemon starting up...
11-09 16:49:37.541  3063  3063 I McDaemon: Socket interface version is 0.2
11-09 16:49:37.541  3063  3063 I McDaemon: t-base-EXYNOS64-Android-302A-V015-681_681
11-09 16:49:37.543  3060  3060 D ConsumerIrHal: Try to use A Chip.
11-09 16:49:37.543  3060  3060 D ConsumerIrHal: Consumer IR HAL is going to be loaded [Type : TIME] [SOL : 4]
11-09 16:49:37.544  3063  3063 I McDaemon: Checking version of <t-base
11-09 16:49:37.544  3060  3060 I ServiceManagement: Removing namespace from process name android.hardware.ir@1.0-service to ir@1.0-service.
11-09 16:49:37.545  3059  3059 I ServiceManagement: Removing namespace from process name android.hardware.graphics.allocator@2.0-service to allocator@2.0-s.
11-09 16:49:37.545  3063  3063 I McDaemon: Product ID is t-base-EXYNOS64-Android-302A-V015-681_681
11-09 16:49:37.545  3063  3063 I McDaemon: (null)
11-09 16:49:37.545  3063  3063 I chatty  : uid=1000(system) /system/bin/mcDriverDaemon identical 2 lines
11-09 16:49:37.545  3063  3063 I McDaemon: (null)
11-09 16:49:37.546  3060  3060 I android.hardware.ir@1.0-service: Registration complete for android.hardware.ir@1.0::IConsumerIr/default.
11-09 16:49:37.546  3059  3059 I android.hardware.graphics.allocator@2.0-service: Registration complete for android.hardware.graphics.allocator@2.0::IAllocator/default.
11-09 16:49:37.566  3061  3061 I android.hardware.wifi@1.0-service: Wifi Hal is starting up...
11-09 16:49:37.566  3061  3061 I ServiceManagement: Removing namespace from process name android.hardware.wifi@1.0-service to wifi@1.0-servic.
11-09 16:49:37.597  2933  2933 W /system/bin/hwservicemanager: getTransportFromManifest: Cannot find entry android.hardware.health@1.0::IHealth in either framework or device manifest, using default transport.
11-09 16:49:37.665  3081  3081 V lhd     : GlLhdInterface::Init(/system/etc/lhd.conf)
11-09 16:49:37.682  3077  3077 V macloader: Found CID type: 1
11-09 16:49:37.682  3077  3077 I macloader: Settting wifi type to murata in /data/.cid.info
11-09 16:49:37.683  3078  3078 D wifiloader: Trigger initcall of deferred modules
11-09 16:49:37.684  3081  3081 V lhd     : SetCfgValue: LHD config "LheSerialControl"="BBD:Serial=TTY"
11-09 16:49:37.684  3081  3081 V lhd     : SetCfgValue: LHD config "LheClockMHz"="100"
11-09 16:49:37.684  3081  3081 V lhd     : SetCfgValue: LHD config "LhePatch"="/dev/bbd_patch"
11-09 16:49:37.684  3081  3081 V lhd     : SetCfgValue: LHD config "LheBbdPacket"="/dev/bbd_packet"
11-09 16:49:37.684  3081  3081 V lhd     : SetCfgValue: LHD config "LheBbdReliable"="/dev/bbd_reliable"
11-09 16:49:37.684  3081  3081 V lhd     : SetCfgValue: LHD config "LheBbdControl"="/dev/bbd_control"
11-09 16:49:37.684  3081  3081 V lhd     : SetCfgValue: LHD config "LheBbdSensor"="/dev/bbd_sensor"
11-09 16:49:37.684  3081  3081 V lhd     : SetCfgValue: LHD config "LheDriverDebugFlags"="PATCH_BBD:LHE_BBD"
11-09 16:49:37.684  3081  3081 V lhd     : SetCfgValue: LHD config "Lhe477xDebugFlags"="RPC:FACILITY=65535-dKP+CUST+LHE:STDOUT_PUTS:STDOUT_LOG"
11-09 16:49:37.684  3081  3081 E lhd     : SetCfgValue: Critical Error. Unknown configuration parameter "LheSensorIpc"="true"
11-09 16:49:37.684  3081  3081 V lhd     : SetCfgValue: LHD config "LhePinMux"="P17=M1"
11-09 16:49:37.685  2933  2933 W /system/bin/hwservicemanager: getTransportFromManifest: Cannot find entry android.hardware.configstore@1.0::ISurfaceFlingerConfigs in either framework or device manifest, using default transport.
11-09 16:49:37.687  3065  3065 I /system/bin/surfaceflinger: android::hardware::configstore::V1_0::ISurfaceFlingerConfigs::maxFrameBufferAcquiredBuffers retrieved: 2 (default)
11-09 16:49:37.688  2933  2933 W /system/bin/hwservicemanager: getTransportFromManifest: Cannot find entry android.hardware.configstore@1.0::ISurfaceFlingerConfigs in either framework or device manifest, using default transport.
11-09 16:49:37.690  3065  3065 I /system/bin/surfaceflinger: android::hardware::configstore::V1_0::ISurfaceFlingerConfigs::startGraphicsAllocatorService retrieved: 0
11-09 16:49:37.692  3065  3065 I SurfaceFlinger: SurfaceFlinger is starting
11-09 16:49:37.693  2933  2933 W /system/bin/hwservicemanager: getTransportFromManifest: Cannot find entry android.hardware.configstore@1.0::ISurfaceFlingerConfigs in either framework or device manifest, using default transport.
11-09 16:49:37.694  3065  3065 I /system/bin/surfaceflinger: android::hardware::configstore::V1_0::ISurfaceFlingerConfigs::vsyncEventPhaseOffsetNs retrieved: 1000000 (default)
11-09 16:49:37.695  2933  2933 W /system/bin/hwservicemanager: getTransportFromManifest: Cannot find entry android.hardware.configstore@1.0::ISurfaceFlingerConfigs in either framework or device manifest, using default transport.
11-09 16:49:37.696  3065  3065 I /system/bin/surfaceflinger: android::hardware::configstore::V1_0::ISurfaceFlingerConfigs::vsyncSfEventPhaseOffsetNs retrieved: 1000000 (default)
11-09 16:49:37.697  2933  2933 W /system/bin/hwservicemanager: getTransportFromManifest: Cannot find entry android.hardware.configstore@1.0::ISurfaceFlingerConfigs in either framework or device manifest, using default transport.
11-09 16:49:37.698  3065  3065 I /system/bin/surfaceflinger: android::hardware::configstore::V1_0::ISurfaceFlingerConfigs::maxVirtualDisplaySize retrieved: 0 (default)
11-09 16:49:37.699  2933  2933 W /system/bin/hwservicemanager: getTransportFromManifest: Cannot find entry android.hardware.configstore@1.0::ISurfaceFlingerConfigs in either framework or device manifest, using default transport.
11-09 16:49:37.704  3081  3081 E lhd     : OpenFirmwareFile: Fail to open /efs/sec_efs/sensorhub_urgent_fw.patch, errno 2
11-09 16:49:37.704  3081  3081 E lhd     : getCustPatchVersion: Fail to parse patch /efs/sec_efs/sensorhub_urgent_fw.patch
11-09 16:49:37.704  3081  3081 E lhd     : getCustPatchVersion: <CustomerVersion> not found
11-09 16:49:37.708  3077  3077 D macloader: Change permissions of /data/.cid.info
11-09 16:49:37.709  3089  3089 I mediaserver: ServiceManager: 0xf2c17500
11-09 16:49:37.721  3065  3065 I /system/bin/surfaceflinger: android::hardware::configstore::V1_0::ISurfaceFlingerConfigs::hasSyncFramework retrieved: 1
11-09 16:49:37.722  3018  3018 D AndroidRuntime: >>>>>> START com.android.internal.os.ZygoteInit uid 0 <<<<<<
11-09 16:49:37.724  3077  3077 D macloader: Using NVRAM calibration file: /system/etc/wifi/nvram_net.txt
11-09 16:49:37.724  3077  3077 D macloader: Changing NVRAM calibration file for murata chipset
11-09 16:49:37.725  3077  3077 D macloader: NVRAM calibration file set to '/system/etc/wifi/nvram_net.txt_murata'
11-09 16:49:37.726  3019  3019 D AndroidRuntime: >>>>>> START com.android.internal.os.ZygoteInit uid 0 <<<<<<
11-09 16:49:37.736  3098  3098 I /system/bin/tombstoned: tombstoned successfully initialized
11-09 16:49:37.740  2933  2933 W /system/bin/hwservicemanager: getTransportFromManifest: Cannot find entry android.hardware.configstore@1.0::ISurfaceFlingerConfigs in either framework or device manifest, using default transport.
11-09 16:49:37.745  3065  3065 I /system/bin/surfaceflinger: android::hardware::configstore::V1_0::ISurfaceFlingerConfigs::useContextPriority retrieved: 0 (default)
11-09 16:49:37.746  2933  2933 W /system/bin/hwservicemanager: getTransportFromManifest: Cannot find entry android.hardware.configstore@1.0::ISurfaceFlingerConfigs in either framework or device manifest, using default transport.
11-09 16:49:37.747  3019  3019 I zygote  : option[0]=-Xzygote
11-09 16:49:37.747  3019  3019 I zygote  : option[1]=-Xstacktracefile:/data/anr/traces.txt
11-09 16:49:37.747  3019  3019 I zygote  : option[2]=exit
11-09 16:49:37.747  3019  3019 I zygote  : option[3]=vfprintf
11-09 16:49:37.747  3019  3019 I zygote  : option[4]=sensitiveThread
11-09 16:49:37.747  3019  3019 I zygote  : option[5]=-verbose:gc
11-09 16:49:37.747  3019  3019 I zygote  : option[6]=-Xms8m
11-09 16:49:37.747  3019  3019 I zygote  : option[7]=-Xmx768m
11-09 16:49:37.747  3019  3019 I zygote  : option[8]=-XX:HeapGrowthLimit=288m
11-09 16:49:37.747  3019  3019 I zygote  : option[9]=-XX:HeapMinFree=2m
11-09 16:49:37.747  3019  3019 I zygote  : option[10]=-XX:HeapMaxFree=8m
11-09 16:49:37.747  3019  3019 I zygote  : option[11]=-XX:HeapTargetUtilization=0.75
11-09 16:49:37.747  3019  3019 I zygote  : option[12]=-Xusejit:true
11-09 16:49:37.747  3019  3019 I zygote  : option[13]=-Xjitsaveprofilinginfo
11-09 16:49:37.747  3019  3019 I zygote  : option[14]=-agentlib:jdwp=transport=dt_android_adb,suspend=n,server=y
11-09 16:49:37.747  3019  3019 I zygote  : option[15]=-Ximage-compiler-option
11-09 16:49:37.747  3019  3019 I zygote  : option[16]=--runtime-arg
11-09 16:49:37.747  3019  3019 I zygote  : option[17]=-Ximage-compiler-option
11-09 16:49:37.747  3019  3019 I zygote  : option[18]=-Xms64m
11-09 16:49:37.747  3019  3019 I zygote  : option[19]=-Ximage-compiler-option
11-09 16:49:37.748  3019  3019 I zygote  : option[20]=--runtime-arg
11-09 16:49:37.748  3019  3019 I zygote  : option[21]=-Ximage-compiler-option
11-09 16:49:37.748  3019  3019 I zygote  : option[22]=-Xmx64m
11-09 16:49:37.748  3019  3019 I zygote  : option[23]=-Ximage-compiler-option
11-09 16:49:37.748  3019  3019 I zygote  : option[24]=--image-classes=/system/etc/preloaded-classes
11-09 16:49:37.748  3019  3019 I zygote  : option[25]=-Ximage-compiler-option
11-09 16:49:37.748  3019  3019 I zygote  : option[26]=--compiled-classes=/system/etc/compiled-classes
11-09 16:49:37.748  3019  3019 I zygote  : option[27]=-Xcompiler-option
11-09 16:49:37.748  3019  3019 I zygote  : option[28]=--runtime-arg
11-09 16:49:37.748  3019  3019 I zygote  : option[29]=-Xcompiler-option
11-09 16:49:37.748  3019  3019 I zygote  : option[30]=-Xms64m
11-09 16:49:37.748  3019  3019 I zygote  : option[31]=-Xcompiler-option
11-09 16:49:37.748  3019  3019 I zygote  : option[32]=--runtime-arg
11-09 16:49:37.748  3019  3019 I zygote  : option[33]=-Xcompiler-option
11-09 16:49:37.748  3019  3019 I zygote  : option[34]=-Xmx512m
11-09 16:49:37.748  3019  3019 I zygote  : option[35]=-Ximage-compiler-option
11-09 16:49:37.748  3019  3019 I zygote  : option[36]=--instruction-set-variant=cortex-a53.a57
11-09 16:49:37.748  3019  3019 I zygote  : option[37]=-Xcompiler-option
11-09 16:49:37.748  3019  3019 I zygote  : option[38]=--instruction-set-variant=cortex-a53.a57
11-09 16:49:37.748  3019  3019 I zygote  : option[39]=-Ximage-compiler-option
11-09 16:49:37.748  3019  3019 I zygote  : option[40]=--instruction-set-features=default
11-09 16:49:37.748  3019  3019 I zygote  : option[41]=-Xcompiler-option
11-09 16:49:37.748  3019  3019 I zygote  : option[42]=--instruction-set-features=default
11-09 16:49:37.748  3065  3065 I /system/bin/surfaceflinger: android::hardware::configstore::V1_0::ISurfaceFlingerConfigs::presentTimeOffsetFromVSyncNs retrieved: 0
11-09 16:49:37.748  3019  3019 I zygote  : option[43]=-Duser.locale=en-AT
11-09 16:49:37.748  3019  3019 I zygote  : option[44]=--cpu-abilist=armeabi-v7a,armeabi
11-09 16:49:37.748  3019  3019 I zygote  : option[45]=-Xfingerprint:Samsung/zerofltexx/zerofltexx:8.0.0/OPR5.170623.007/779b6041ad:userdebug/test-keys
11-09 16:49:37.748  3018  3018 I zygote64: option[0]=-Xzygote
11-09 16:49:37.748  3018  3018 I zygote64: option[1]=-Xstacktracefile:/data/anr/traces.txt
11-09 16:49:37.748  3018  3018 I zygote64: option[2]=exit
11-09 16:49:37.748  3018  3018 I zygote64: option[3]=vfprintf
11-09 16:49:37.748  3018  3018 I zygote64: option[4]=sensitiveThread
11-09 16:49:37.748  3018  3018 I zygote64: option[5]=-verbose:gc
11-09 16:49:37.748  3018  3018 I zygote64: option[6]=-Xms8m
11-09 16:49:37.748  3018  3018 I zygote64: option[7]=-Xmx768m
11-09 16:49:37.748  3018  3018 I zygote64: option[8]=-XX:HeapGrowthLimit=288m
11-09 16:49:37.748  3018  3018 I zygote64: option[9]=-XX:HeapMinFree=2m
11-09 16:49:37.748  3018  3018 I zygote64: option[10]=-XX:HeapMaxFree=8m
11-09 16:49:37.748  3018  3018 I zygote64: option[11]=-XX:HeapTargetUtilization=0.75
11-09 16:49:37.748  3018  3018 I zygote64: option[12]=-Xusejit:true
11-09 16:49:37.748  3018  3018 I zygote64: option[13]=-Xjitsaveprofilinginfo
11-09 16:49:37.748  3018  3018 I zygote64: option[14]=-agentlib:jdwp=transport=dt_android_adb,suspend=n,server=y
11-09 16:49:37.748  3018  3018 I zygote64: option[15]=-Ximage-compiler-option
11-09 16:49:37.748  3018  3018 I zygote64: option[16]=--runtime-arg
11-09 16:49:37.749  3018  3018 I zygote64: option[17]=-Ximage-compiler-option
11-09 16:49:37.749  3018  3018 I zygote64: option[18]=-Xms64m
11-09 16:49:37.749  3018  3018 I zygote64: option[19]=-Ximage-compiler-option
11-09 16:49:37.749  3018  3018 I zygote64: option[20]=--runtime-arg
11-09 16:49:37.749  3018  3018 I zygote64: option[21]=-Ximage-compiler-option
11-09 16:49:37.749  3018  3018 I zygote64: option[22]=-Xmx64m
11-09 16:49:37.749  3018  3018 I zygote64: option[23]=-Ximage-compiler-option
11-09 16:49:37.749  3018  3018 I zygote64: option[24]=--image-classes=/system/etc/preloaded-classes
11-09 16:49:37.749  3018  3018 I zygote64: option[25]=-Ximage-compiler-option
11-09 16:49:37.749  3018  3018 I zygote64: option[26]=--compiled-classes=/system/etc/compiled-classes
11-09 16:49:37.749  3018  3018 I zygote64: option[27]=-Xcompiler-option
11-09 16:49:37.749  3018  3018 I zygote64: option[28]=--runtime-arg
11-09 16:49:37.749  3018  3018 I zygote64: option[29]=-Xcompiler-option
11-09 16:49:37.749  3018  3018 I zygote64: option[30]=-Xms64m
11-09 16:49:37.749  3018  3018 I zygote64: option[31]=-Xcompiler-option
11-09 16:49:37.749  3018  3018 I zygote64: option[32]=--runtime-arg
11-09 16:49:37.749  3018  3018 I zygote64: option[33]=-Xcompiler-option
11-09 16:49:37.749  3018  3018 I zygote64: option[34]=-Xmx512m
11-09 16:49:37.749  3018  3018 I zygote64: option[35]=-Ximage-compiler-option
11-09 16:49:37.749  3018  3018 I zygote64: option[36]=--instruction-set-variant=generic
11-09 16:49:37.749  3018  3018 I zygote64: option[37]=-Xcompiler-option
11-09 16:49:37.749  3018  3018 I zygote64: option[38]=--instruction-set-variant=generic
11-09 16:49:37.749  3018  3018 I zygote64: option[39]=-Ximage-compiler-option
11-09 16:49:37.749  3018  3018 I zygote64: option[40]=--instruction-set-features=default
11-09 16:49:37.749  3018  3018 I zygote64: option[41]=-Xcompiler-option
11-09 16:49:37.749  3018  3018 I zygote64: option[42]=--instruction-set-features=default
11-09 16:49:37.749  3018  3018 I zygote64: option[43]=-Duser.locale=en-AT
11-09 16:49:37.749  3018  3018 I zygote64: option[44]=--cpu-abilist=arm64-v8a
11-09 16:49:37.749  3018  3018 I zygote64: option[45]=-Xfingerprint:Samsung/zerofltexx/zerofltexx:8.0.0/OPR5.170623.007/779b6041ad:userdebug/test-keys
11-09 16:49:37.750  2933  2933 W /system/bin/hwservicemanager: getTransportFromManifest: Cannot find entry android.hardware.configstore@1.0::ISurfaceFlingerConfigs in either framework or device manifest, using default transport.
11-09 16:49:37.752  3065  3065 I /system/bin/surfaceflinger: android::hardware::configstore::V1_0::ISurfaceFlingerConfigs::useHwcForRGBtoYUV retrieved: 0
11-09 16:49:37.752  3065  3065 I /system/bin/surfaceflinger: android::hardware::configstore::V1_0::ISurfaceFlingerConfigs::maxFrameBufferAcquiredBuffers retrieved: 2 (default)
11-09 16:49:37.754  3065  3065 I SurfaceFlinger: Disabling Triple Buffering
11-09 16:49:37.754  3065  3065 I SurfaceFlinger: SurfaceFlinger's main thread ready to run. Initializing graphics H/W...
11-09 16:49:37.757  3065  3065 I vndksupport: sphal namespace is not configured for this process. Loading /vendor/lib64/egl/libGLES_mali.so from the current namespace instead.
11-09 16:49:37.758  3095  3095 I /vendor/bin/hw/android.hardware.media.omx@1.0-service: mediacodecservice starting
11-09 16:49:37.760  3091  3091 I mediametrics: ServiceManager: 0x7fa9632680
11-09 16:49:37.760  3091  3091 D MediaAnalyticsService: MediaAnalyticsService created
11-09 16:49:37.760  3091  3091 D MediaAnalyticsService: MediaAnalyticsService::newSummarizerSet
11-09 16:49:37.763  3087  3087 I installd: installd firing up
11-09 16:49:37.766  3090  3090 V MediaUtils: physMem: 2827489280
11-09 16:49:37.766  3090  3090 V MediaUtils: requested limit: 565497840
11-09 16:49:37.766  3090  3090 V MediaUtils: actual limit: 565497840
11-09 16:49:37.766  3090  3090 V MediaUtils: original limits: -1/-1
11-09 16:49:37.766  3090  3090 V MediaUtils: new limits: 565497840/-1
11-09 16:49:37.766  3090  3090 I vndksupport: sphal namespace is not configured for this process. Loading libutils.so from the current namespace instead.
11-09 16:49:37.773  3095  3095 W /vendor/bin/hw/android.hardware.media.omx@1.0-service: libminijail[3095]: allowing syscall: clock_gettime
11-09 16:49:37.773  3095  3095 W /vendor/bin/hw/android.hardware.media.omx@1.0-service: libminijail[3095]: allowing syscall: connect
11-09 16:49:37.773  3095  3095 W /vendor/bin/hw/android.hardware.media.omx@1.0-service: libminijail[3095]: allowing syscall: fcntl64
11-09 16:49:37.773  3095  3095 W /vendor/bin/hw/android.hardware.media.omx@1.0-service: libminijail[3095]: allowing syscall: socket
11-09 16:49:37.773  3095  3095 W /vendor/bin/hw/android.hardware.media.omx@1.0-service: libminijail[3095]: allowing syscall: writev
11-09 16:49:37.774  3095  3095 W /vendor/bin/hw/android.hardware.media.omx@1.0-service: libminijail[3095]: logging seccomp filter failures
11-09 16:49:37.774  3095  3095 I ServiceManagement: Removing namespace from process name android.hardware.media.omx@1.0-service to omx@1.0-service.
11-09 16:49:37.775  3090  3090 W /system/bin/mediaextractor: libminijail[3090]: allowing syscall: connect
11-09 16:49:37.775  3090  3090 W /system/bin/mediaextractor: libminijail[3090]: allowing syscall: fcntl
11-09 16:49:37.775  3090  3090 W /system/bin/mediaextractor: libminijail[3090]: allowing syscall: sendto
11-09 16:49:37.775  3090  3090 W /system/bin/mediaextractor: libminijail[3090]: allowing syscall: socket
11-09 16:49:37.775  3090  3090 W /system/bin/mediaextractor: libminijail[3090]: allowing syscall: writev
11-09 16:49:37.775  3090  3090 W /system/bin/mediaextractor: libminijail[3090]: compile_file: nonexistent syscall '_llseek'
11-09 16:49:37.775  3090  3090 W /system/bin/mediaextractor: libminijail[3090]: compile_file: nonexistent syscall 'geteuid32'
11-09 16:49:37.775  3090  3090 W /system/bin/mediaextractor: libminijail[3090]: compile_file: nonexistent syscall 'getgid32'
11-09 16:49:37.775  3090  3090 W /system/bin/mediaextractor: libminijail[3090]: compile_file: nonexistent syscall 'getegid32'
11-09 16:49:37.775  3090  3090 W /system/bin/mediaextractor: libminijail[3090]: logging seccomp filter failures
11-09 16:49:37.781  3097  3097 I gatekeeperd: Starting gatekeeperd...
11-09 16:49:37.783  3081  3081 D lhd     : L004788E LhP:: 	00000: (1/6,   0%)  ==>  Sync with 477x
11-09 16:49:37.783  2933  2933 W /system/bin/hwservicemanager: getTransportFromManifest: Cannot find entry android.hardware.gatekeeper@1.0::IGatekeeper in either framework or device manifest, using default transport.
11-09 16:49:37.783  3094  3094 I wificond: wificond is starting up...
11-09 16:49:37.784  3095  3095 I EXYNOS_COMP_REGS: Loading the library: libOMX.Exynos.AVC.Decoder.so
11-09 16:49:37.784  3097  3097 W gatekeeperd: falling back to software GateKeeper
11-09 16:49:37.785  2933  2933 W /system/bin/hwservicemanager: getTransportFromManifest: Cannot find entry android.hardware.keymaster@3.0::IKeymasterDevice in either framework or device manifest, using default transport.
11-09 16:49:37.787  3099  3099 D android.hardware.biometrics.fingerprint@2.1-service: Opening fingerprint hal library...
11-09 16:49:37.791  3093  3146 I /system/bin/storaged: storaged: Start
11-09 16:49:37.793  3095  3095 D EXYNOS_LOG: Exynos_OMX_COMPONENT_Library_Register In , Line: 40
11-09 16:49:37.793  3095  3095 D EXYNOS_LOG: Exynos_OMX_COMPONENT_Library_Register Out , Line: 66
11-09 16:49:37.793  3095  3095 D EXYNOS_LOG: Exynos_OMX_COMPONENT_Library_Register In , Line: 40
11-09 16:49:37.793  3095  3095 D EXYNOS_LOG: Exynos_OMX_COMPONENT_Library_Register Out , Line: 66
11-09 16:49:37.793  3095  3095 I EXYNOS_COMP_REGS: Loading the library: libOMX.Exynos.AVC.Encoder.so
11-09 16:49:37.796  3081  3081 D lhd     : L004801E LhP:: 	00013: (2/6,   0%)  ==>  RequestingVersion
11-09 16:49:37.797  3095  3095 D EXYNOS_LOG: Exynos_OMX_COMPONENT_Library_Register In , Line: 40
11-09 16:49:37.797  3095  3095 D EXYNOS_LOG: Exynos_OMX_COMPONENT_Library_Register Out , Line: 56
11-09 16:49:37.797  3095  3095 D EXYNOS_LOG: Exynos_OMX_COMPONENT_Library_Register In , Line: 40
11-09 16:49:37.797  3095  3095 D EXYNOS_LOG: Exynos_OMX_COMPONENT_Library_Register Out , Line: 56
11-09 16:49:37.797  3095  3095 I EXYNOS_COMP_REGS: Loading the library: libOMX.Exynos.HEVC.Decoder.so
11-09 16:49:37.801  3095  3095 D EXYNOS_HEVC_DEC: Exynos_OMX_COMPONENT_Library_Register In , Line: 46
11-09 16:49:37.801  3095  3095 D EXYNOS_HEVC_DEC: Exynos_OMX_COMPONENT_Library_Register Out , Line: 73
11-09 16:49:37.801  3095  3095 D EXYNOS_HEVC_DEC: Exynos_OMX_COMPONENT_Library_Register In , Line: 46
11-09 16:49:37.801  3095  3095 D EXYNOS_HEVC_DEC: Exynos_OMX_COMPONENT_Library_Register Out , Line: 73
11-09 16:49:37.801  3095  3095 I EXYNOS_COMP_REGS: Loading the library: libOMX.Exynos.HEVC.Encoder.so
11-09 16:49:37.805  3095  3095 D EXYNOS_LOG: Exynos_OMX_COMPONENT_Library_Register In , Line: 41
11-09 16:49:37.805  3095  3095 D EXYNOS_LOG: Exynos_OMX_COMPONENT_Library_Register Out , Line: 57
11-09 16:49:37.805  3095  3095 D EXYNOS_LOG: Exynos_OMX_COMPONENT_Library_Register In , Line: 41
11-09 16:49:37.805  3095  3095 D EXYNOS_LOG: Exynos_OMX_COMPONENT_Library_Register Out , Line: 57
11-09 16:49:37.805  3095  3095 I EXYNOS_COMP_REGS: Loading the library: libOMX.Exynos.MPEG4.Decoder.so
11-09 16:49:37.807  3081  3081 D lhd     : L004813E LhP:: 	00025: (2/6, 100%)  ==>  Asic 0x47730a20  Rom 200533 Patch 0
11-09 16:49:37.807  3081  3081 D lhd     : L004813E LhP:: 	00025: (3/6,   0%)  ==>  Checking file "/dev/bbd_patch"
11-09 16:49:37.808  3081  3081 D lhd     : L004813D LhP:: OpenFirmwareFile(/dev/bbd_patch) OK
11-09 16:49:37.808  3081  3081 D lhd     : L004813E LhP:: 	00025: (3/6, 100%)  ==>  Checked patch "bcm_sensorhub_a2"
11-09 16:49:37.808  3081  3081 D lhd     : L004813E LhP:: 	00025: (4/6,   0%)  ==>  Downloading Patch
11-09 16:49:37.808  3081  3081 D lhd     : L004813D LhP:: OpenFirmwareFile(/dev/bbd_patch) OK
11-09 16:49:37.809  3095  3095 D EXYNOS_MPEG4_DEC: Exynos_OMX_COMPONENT_Library_Register In , Line: 45
11-09 16:49:37.809  3095  3095 D EXYNOS_MPEG4_DEC: Exynos_OMX_COMPONENT_Library_Register Out , Line: 81
11-09 16:49:37.809  3095  3095 D EXYNOS_MPEG4_DEC: Exynos_OMX_COMPONENT_Library_Register In , Line: 45
11-09 16:49:37.809  3095  3095 D EXYNOS_MPEG4_DEC: Exynos_OMX_COMPONENT_Library_Register Out , Line: 81
11-09 16:49:37.809  3095  3095 I EXYNOS_COMP_REGS: Loading the library: libOMX.Exynos.MPEG4.Encoder.so
11-09 16:49:37.812  3095  3095 D EXYNOS_MPEG4_ENC: Exynos_OMX_COMPONENT_Library_Register In , Line: 43
11-09 16:49:37.812  3095  3095 D EXYNOS_MPEG4_ENC: Exynos_OMX_COMPONENT_Library_Register Out , Line: 59
11-09 16:49:37.813  3095  3095 D EXYNOS_MPEG4_ENC: Exynos_OMX_COMPONENT_Library_Register In , Line: 43
11-09 16:49:37.813  3095  3095 D EXYNOS_MPEG4_ENC: Exynos_OMX_COMPONENT_Library_Register Out , Line: 59
11-09 16:49:37.813  3095  3095 I EXYNOS_COMP_REGS: Loading the library: libOMX.Exynos.VP8.Decoder.so
11-09 16:49:37.817  3095  3095 D EXYNOS_VP8_DEC: Exynos_OMX_COMPONENT_Library_Register In , Line: 45
11-09 16:49:37.817  3095  3095 D EXYNOS_VP8_DEC: Exynos_OMX_COMPONENT_Library_Register Out , Line: 61
11-09 16:49:37.817  3095  3095 D EXYNOS_VP8_DEC: Exynos_OMX_COMPONENT_Library_Register In , Line: 45
11-09 16:49:37.817  3095  3095 D EXYNOS_VP8_DEC: Exynos_OMX_COMPONENT_Library_Register Out , Line: 61
11-09 16:49:37.817  3095  3095 I EXYNOS_COMP_REGS: Loading the library: libOMX.Exynos.VP8.Encoder.so
11-09 16:49:37.821  3095  3095 D EXYNOS_VP8_ENC: Exynos_OMX_COMPONENT_Library_Register In , Line: 44
11-09 16:49:37.821  3095  3095 D EXYNOS_VP8_ENC: Exynos_OMX_COMPONENT_Library_Register Out , Line: 55
11-09 16:49:37.821  3095  3095 D EXYNOS_VP8_ENC: Exynos_OMX_COMPONENT_Library_Register In , Line: 44
11-09 16:49:37.821  3095  3095 D EXYNOS_VP8_ENC: Exynos_OMX_COMPONENT_Library_Register Out , Line: 55
11-09 16:49:37.821  3095  3095 I EXYNOS_COMP_REGS: Loading the library: libOMX.Exynos.VP9.Decoder.so
11-09 16:49:37.824  3095  3095 D EXYNOS_VP9_DEC: Exynos_OMX_COMPONENT_Library_Register In , Line: 46
11-09 16:49:37.825  3095  3095 D EXYNOS_VP9_DEC: Exynos_OMX_COMPONENT_Library_Register Out , Line: 74
11-09 16:49:37.825  3095  3095 D EXYNOS_VP9_DEC: Exynos_OMX_COMPONENT_Library_Register In , Line: 46
11-09 16:49:37.825  3095  3095 D EXYNOS_VP9_DEC: Exynos_OMX_COMPONENT_Library_Register Out , Line: 74
11-09 16:49:37.825  3095  3095 I EXYNOS_COMP_REGS: Loading the library: libOMX.Exynos.WMV.Decoder.so
11-09 16:49:37.836  3095  3095 D EXYNOS_WMV_DEC: Exynos_OMX_COMPONENT_Library_Register In , Line: 45
11-09 16:49:37.836  3095  3095 D EXYNOS_WMV_DEC: Exynos_OMX_COMPONENT_Library_Register Out , Line: 61
11-09 16:49:37.836  3095  3095 D EXYNOS_WMV_DEC: Exynos_OMX_COMPONENT_Library_Register In , Line: 45
11-09 16:49:37.836  3095  3095 D EXYNOS_WMV_DEC: Exynos_OMX_COMPONENT_Library_Register Out , Line: 61
11-09 16:49:37.836  3095  3095 I EXYNOS_COMP_REGS: Loading the library: libOMX.Exynos.VP9.Encoder.so
11-09 16:49:37.843  3095  3095 D EXYNOS_VP9_ENC: Exynos_OMX_COMPONENT_Library_Register In , Line: 44
11-09 16:49:37.843  3095  3095 D EXYNOS_VP9_ENC: Exynos_OMX_COMPONENT_Library_Register Out , Line: 55
11-09 16:49:37.843  3095  3095 D EXYNOS_VP9_ENC: Exynos_OMX_COMPONENT_Library_Register In , Line: 44
11-09 16:49:37.843  3095  3095 D EXYNOS_VP9_ENC: Exynos_OMX_COMPONENT_Library_Register Out , Line: 55
11-09 16:49:37.845  3095  3095 W AString : ctor got NULL, using empty string instead
11-09 16:49:37.845  3095  3095 W MediaCodecsXmlParser: ignoring Limit specified outside of a Type
11-09 16:49:37.845  3095  3095 I chatty  : uid=1046(mediacodec) /vendor/bin/hw/android.hardware.media.omx@1.0-service identical 3 lines
11-09 16:49:37.845  3095  3095 W MediaCodecsXmlParser: ignoring Limit specified outside of a Type
11-09 16:49:37.845  3095  3095 W MediaCodecsXmlParser: ignoring Feature specified outside of a Type
11-09 16:49:37.845  3095  3095 W MediaCodecsXmlParser: ignoring Limit specified outside of a Type
11-09 16:49:37.850  3095  3095 W AString : ctor got NULL, using empty string instead
11-09 16:49:37.853  3095  3095 E MediaCodecsXmlParser: addMediaCodecFromAttributes: updating non-existing codec or vice versa
11-09 16:49:37.853  3095  3095 W MediaCodecsXmlParser: unable to open media codecs configuration xml file: /data/misc/media/media_codecs_profiling_results.xml
11-09 16:49:37.853  3095  3095 I ServiceManagement: Removing namespace from process name android.hardware.media.omx@1.0-service to omx@1.0-service.
11-09 16:49:37.854  3095  3095 I /vendor/bin/hw/android.hardware.media.omx@1.0-service: Treble OMX service created.
11-09 16:49:37.868  3082  3082 I FastMixerState: sMaxFastTracks = 8
11-09 16:49:37.868  3082  3082 I audioserver: ServiceManager: 0xf5417500
11-09 16:49:37.869  3082  3082 W BatteryNotifier: batterystats service unavailable!
11-09 16:49:37.870  2933  2933 W /system/bin/hwservicemanager: getTransportFromManifest: Cannot find entry android.hardware.audio@2.0::IDevicesFactory in either framework or device manifest, using default transport.
11-09 16:49:37.875  2933  2933 W /system/bin/hwservicemanager: getTransportFromManifest: Cannot find entry android.hardware.audio.effect@2.0::IEffectsFactory in either framework or device manifest, using default transport.
11-09 16:49:37.881  3083  3083 I cameraserver: ServiceManager: 0xe9f17540
11-09 16:49:37.881  3083  3083 I CameraService: CameraService started (pid=3083)
11-09 16:49:37.882  3083  3083 I CameraService: CameraService process starting
11-09 16:49:37.882  3083  3083 W BatteryNotifier: batterystats service unavailable!
11-09 16:49:37.882  3083  3083 W BatteryNotifier: batterystats service unavailable!
11-09 16:49:37.884  2933  2933 W /system/bin/hwservicemanager: getTransportFromManifest: Cannot find entry android.hardware.camera.provider@2.4::ICameraProvider in either framework or device manifest, using default transport.
11-09 16:49:37.885  3082  3082 I AudioFlinger: Using default 3000 mSec as standby time.
11-09 16:49:37.887  3082  3082 W APM::ConfigParsingUtils: loadOutput() invalid supported devices
11-09 16:49:37.887  3082  3082 W APM::ConfigParsingUtils: loadInput() invalid supported devices
11-09 16:49:37.887  3092  3092 I mediaserver: ServiceManager: 0xee8175a0
11-09 16:49:37.887  3082  3082 W APM::ConfigParsingUtils: loadInput() invalid supported devices
11-09 16:49:37.887  3082  3082 I APM::ConfigParsingUtils: loadAudioPolicyConfig() loaded /system/etc/audio_policy.conf
11-09 16:49:37.893  3092  3092 W BatteryNotifier: batterystats service unavailable!
11-09 16:49:37.894  3083  3083 V CameraWrapper: camera_get_number_of_cameras
11-09 16:49:37.894  3083  3083 V CameraWrapper: check_vendor_module
11-09 16:49:37.946  3099  3099 I FingerprintWrapper: loaded vendor module: Demo Fingerprint HAL version 200
11-09 16:49:37.946  3099  3099 D bauth_service: BAuthService, 155
11-09 16:49:37.946  3099  3099 D bauth_service: BAuthService, 54
11-09 16:49:37.946  3099  3099 D bauth_service: BAuthService, 85
11-09 16:49:37.946  3099  3099 D bauth_service: BAuthService, 197
11-09 16:49:37.946  3099  3099 D bauth_FPBAuthService: FPBAuthService, 7971
11-09 16:49:37.946  3099  3099 D bauth_FPBAuthService: 1, 6
11-09 16:49:37.946  3099  3099 D bauth_FPBAuthService: w0, s0
11-09 16:49:37.966  3065  3065 D libEGL  : loaded /vendor/lib64/egl/libGLES_mali.so
11-09 16:49:38.016  3065  3065 I gralloc : using (id=)
11-09 16:49:38.016  3065  3065 I gralloc : xres         = 1440 px
11-09 16:49:38.016  3065  3065 I gralloc : yres         = 2560 px
11-09 16:49:38.016  3065  3065 I gralloc : width        = 63 mm (580.571411 dpi)
11-09 16:49:38.016  3065  3065 I gralloc : height       = 112 mm (580.571411 dpi)
11-09 16:49:38.016  3065  3065 I gralloc : refresh rate = 59.55 Hz
11-09 16:49:38.054  3099  3099 D bauth_FPBAuthSensorControl: FPBAuthSensorControl, 59
11-09 16:49:38.055  3099  3099 D bauth_FPBAuthService: FPBAuthService, 248
11-09 16:49:38.055  3099  3099 D bauth_FPBAuthService: FPBAuthService, 7897
11-09 16:49:38.055  3099  3099 D bauth_FPBAuthService: -1, 3
11-09 16:49:38.055  3099  3099 D bauth_FPBAuthService: FPBAuthService, 642
11-09 16:49:38.055  3099  3099 D bauth_FPBAuthSensorControl: FPBAuthSensorControl, 304
11-09 16:49:38.055  3099  3099 D bauth_FPBAuthService: FPBAuthService, 659
11-09 16:49:38.055  3099  3099 D bauth_FPBAuthService: FPBAuthService, 7805
11-09 16:49:38.055  3099  3099 I TLC_BAUTH: FUNC ID 0x1 is completed;437
11-09 16:49:38.055  3099  3099 I TLC_BAUTH: Call FUNC ID 0x3 , 1;477
11-09 16:49:38.055  3099  3099 I tlc_communication: tlc_open() called;82
11-09 16:49:38.055  3099  3099 I tlc_communication: Opening MobiCore device;86
11-09 16:49:38.056  3099  3099 I tlc_communication: Allocating WSM for TCI;100
11-09 16:49:38.056  3099  3099 I tlc_communication: Opening the session;116
11-09 16:49:38.056  3065  3065 D hwcomposer: using
11-09 16:49:38.056  3065  3065 D hwcomposer: xres         = 1440 px
11-09 16:49:38.056  3065  3065 D hwcomposer: yres         = 2560 px
11-09 16:49:38.056  3065  3065 D hwcomposer: width        = 63 mm (580.571000 dpi)
11-09 16:49:38.056  3065  3065 D hwcomposer: height       = 112 mm (580.571000 dpi)
11-09 16:49:38.056  3065  3065 D hwcomposer: refresh rate = 59 Hz
11-09 16:49:38.056  3065  3065 I hwcomposer: PSR info devname = /sys/devices/13930000.decon_fb/psr_info
11-09 16:49:38.056  3065  3065 I hwcomposer: PSR mode is 2(0: video mode, 1: DP PSR mode, 2: MIPI-DSI command mode)
11-09 16:49:38.063  3065  3065 I SurfaceFlinger: Using composer version 1.4
11-09 16:49:38.063  3065  3065 E display : unknown display attribute 6
11-09 16:49:38.064  3065  3065 I SurfaceFlinger: EGL information:
11-09 16:49:38.064  3065  3065 I SurfaceFlinger: vendor    : Android
11-09 16:49:38.064  3065  3065 I SurfaceFlinger: version   : 1.4 Android META-EGL
11-09 16:49:38.064  3065  3065 I SurfaceFlinger: extensions: EGL_KHR_get_all_proc_addresses EGL_ANDROID_presentation_time EGL_KHR_swap_buffers_with_damage EGL_ANDROID_get_native_client_buffer EGL_ANDROID_front_buffer_auto_refresh EGL_ANDROID_get_frame_timestamps EGL_KHR_image EGL_KHR_image_base EGL_KHR_gl_colorspace EGL_KHR_gl_texture_2D_image EGL_KHR_gl_texture_cubemap_image EGL_KHR_gl_renderbuffer_image EGL_KHR_fence_sync EGL_KHR_create_context EGL_KHR_config_attribs EGL_KHR_surfaceless_context EGL_EXT_create_context_robustness EGL_ANDROID_image_native_buffer EGL_KHR_wait_sync EGL_ANDROID_recordable EGL_KHR_partial_update EGL_KHR_mutable_render_buffer EGL_EXT_protected_content EGL_IMG_context_priority 
11-09 16:49:38.064  3065  3065 I SurfaceFlinger: Client API: OpenGL_ES
11-09 16:49:38.064  3065  3065 I SurfaceFlinger: EGLSurface: 8-8-8-8, config=0x7f95b04138
11-09 16:49:38.077  3065  3065 I SurfaceFlinger: OpenGL ES informations:
11-09 16:49:38.078  3065  3065 I SurfaceFlinger: vendor    : ARM
11-09 16:49:38.078  3065  3065 I SurfaceFlinger: renderer  : Mali-T760
11-09 16:49:38.078  3065  3065 I SurfaceFlinger: version   : OpenGL ES 3.2 v1.r15p0-00rel0.68b65ac7cf15907aeb95fa944f39eef2
