11-09 16:49:38.078  3065  3065 I SurfaceFlinger: extensions: GL_EXT_debug_marker GL_ARM_rgba8 GL_ARM_mali_shader_binary GL_OES_depth24 GL_OES_depth_texture GL_OES_depth_texture_cube_map GL_OES_packed_depth_stencil GL_OES_rgb8_rgba8 GL_EXT_read_format_bgra GL_OES_compressed_paletted_texture GL_OES_compressed_ETC1_RGB8_texture GL_OES_standard_derivatives GL_OES_EGL_image GL_OES_EGL_image_external GL_OES_EGL_image_external_essl3 GL_OES_EGL_sync GL_OES_texture_npot GL_OES_vertex_half_float GL_OES_required_internalformat GL_OES_vertex_array_object GL_OES_mapbuffer GL_EXT_texture_format_BGRA8888 GL_EXT_texture_rg GL_EXT_texture_type_2_10_10_10_REV GL_OES_fbo_render_mipmap GL_OES_element_index_uint GL_EXT_shadow_samplers GL_OES_texture_compression_astc GL_KHR_texture_compression_astc_ldr GL_KHR_texture_compression_astc_hdr GL_KHR_texture_compression_astc_sliced_3d GL_KHR_debug GL_EXT_occlusion_query_boolean GL_EXT_disjoint_timer_query GL_EXT_blend_minmax GL_EXT_discard_framebuffer GL_OES_get_program_binary GL_OES_texture_3D GL_EXT_texture_storage GL_EXT_multisamp
11-09 16:49:38.078  3065  3065 I SurfaceFlinger: GL_MAX_TEXTURE_SIZE = 8192
11-09 16:49:38.078  3065  3065 I SurfaceFlinger: GL_MAX_VIEWPORT_DIMS = 8192
11-09 16:49:38.079  3065  3065 D mali_winsys: EGLint new_window_surface(egl_winsys_display*, void*, EGLSurface, EGLConfig, egl_winsys_surface**, egl_color_buffer_format*, EGLBoolean) returns 0x3000,  [1440x2560]-format:1
11-09 16:49:38.164  3099  3099 I tlc_communication: tlc_open() successed;136
11-09 16:49:38.164  3099  3099 I TLC_BAUTH: Check TCI buffer;538
11-09 16:49:38.166  3099  3099 I TLC_BAUTH: Call FP cmd 0x11;327
11-09 16:49:38.166  3099  3099 I tlc_communication: Send Trustlet TCI Message;214
11-09 16:49:38.166  3099  3099 I tlc_communication: mcNotify is completed;224
11-09 16:49:38.166  3099  3099 I tlc_communication: mcWaitNotification is completed;237
11-09 16:49:38.167  3099  3099 I TLC_BAUTH: Check the Trustlet return code is completed;362
11-09 16:49:38.167  3099  3099 I TLC_BAUTH: ion alloc dm;646
11-09 16:49:38.167  3099  3099 I TLC_BAUTH: Call FP cmd 0x12;379
11-09 16:49:38.167  3099  3099 I tlc_communication: Send Trustlet TCI Message;214
11-09 16:49:38.167  3099  3099 I tlc_communication: mcNotify is completed;224
11-09 16:49:38.168  3099  3099 I tlc_communication: mcWaitNotification is completed;237
11-09 16:49:38.168  3099  3099 I TLC_BAUTH: Check the Trustlet return code is completed;406
11-09 16:49:38.168  3099  3099 I TLC_BAUTH: FUNC ID 0x3 is completed;675
11-09 16:49:38.168  3099  3099 D bauth_FPBAuthService: FPBAuthService, 687
11-09 16:49:38.174  3099  3099 D bauth_FPBAuthSensorControl: FPBAuthSensorControl, 346
11-09 16:49:38.174  3099  3099 D bauth_FPBAuthService: FPBAuthService, 699
11-09 16:49:38.174  3099  3099 D bauth_FPBAuthService: FPBAuthService, 7831
11-09 16:49:38.174  3099  3099 I TLC_BAUTH: Call FP cmd 0x10;1746
11-09 16:49:38.174  3099  3099 I tlc_communication: Send Trustlet TCI Message;214
11-09 16:49:38.174  3099  3099 I tlc_communication: mcNotify is completed;224
11-09 16:49:38.182  3099  3099 I tlc_communication: mcWaitNotification is completed;237
11-09 16:49:38.182  3099  3099 I TLC_BAUTH: Check the Trustlet return code is completed;1782
11-09 16:49:38.182  3099  3099 D bauth_FPBAuthService: FPBAuthService, 7847
11-09 16:49:38.182  3099  3099 D bauth_FPBAuthService: 1
11-09 16:49:38.182  3099  3099 I TLC_BAUTH: Call FUNC ID 0x4;693
11-09 16:49:38.183  3099  3099 I tlc_communication: tlc_close() called;149
11-09 16:49:38.184  3099  3099 I tlc_communication: Closing the session;153
11-09 16:49:38.184  3083  3083 I CamProvider@2.4-impl: Loaded "Hero Camera Wrapper" camera module
11-09 16:49:38.184  3083  3083 V CameraWrapper: camera_get_vendor_tag_ops
11-09 16:49:38.184  3083  3083 V CameraWrapper: check_vendor_module
11-09 16:49:38.190  3083  3083 V CameraWrapper: camera_set_callbacks
11-09 16:49:38.190  3083  3083 V CameraWrapper: check_vendor_module
11-09 16:49:38.190  3083  3083 D ExynosCamera3Interface: DEBUG:duration time(    0 msec):(HAL_set_callbacks)
11-09 16:49:38.190  3083  3083 V CameraWrapper: camera_get_number_of_cameras
11-09 16:49:38.190  3083  3083 V CameraWrapper: check_vendor_module
11-09 16:49:38.190  3083  3083 V CameraWrapper: camera_get_camera_info
11-09 16:49:38.190  3083  3083 V CameraWrapper: check_vendor_module
11-09 16:49:38.190  3083  3083 I ExynosCamera3Interface: INFO(HAL_getCameraInfo[387]):in =====
11-09 16:49:38.190  3083  3083 D ExynosCameraMetadataConverter: DEBUG(constructStaticInfo[391]):ID(0)
11-09 16:49:38.198  3099  3099 I tlc_communication: Free WSM;171
11-09 16:49:38.198  3099  3099 I tlc_communication: Closing MobiCore device;189
11-09 16:49:38.208  3099  3099 I tlc_communication: tlc_close() successed;202
11-09 16:49:38.209  3099  3099 I TLC_BAUTH: FUNC ID 0x4 is completed;823
11-09 16:49:38.209  3099  3099 I TLC_BAUTH: FUNC ID 0x2 is completed;463
11-09 16:49:38.209  3099  3099 D bauth_FPBAuthSensorControl: FPBAuthSensorControl, 304
11-09 16:49:38.209  3099  3099 D bauth_FPBAuthService: FPBAuthService, 674
11-09 16:49:38.209  3099  3099 D bauth_FPBAuthService: FPBAuthService, 7865
11-09 16:49:38.211  3099  3099 D bauth_FPBAuthSensorControl: FPBAuthSensorControl, 603
11-09 16:49:38.211  3099  3099 D bauth_FPBAuthService: FPBAuthService, 7738
11-09 16:49:38.211  3099  3099 D bauth_FPBAuthSensorControl: FPBAuthSensorControl, 839
11-09 16:49:38.211  3099  3099 D bauth_FPBAuthService: FPBAuthService, 271
11-09 16:49:38.211  3099  3099 D bauth_FPBAuthService: FPBAuthService, 621
11-09 16:49:38.211  3099  3099 D bauth_FPBAuthService: FPBAuthService, 1818
11-09 16:49:38.211  3099  3099 D bauth_FPBAuthService: FPBAuthService, 642
11-09 16:49:38.212  3099  3099 D bauth_FPBAuthSensorControl: FPBAuthSensorControl, 304
11-09 16:49:38.212  3099  3099 D bauth_FPBAuthService: FPBAuthService, 659
11-09 16:49:38.212  3099  3099 D bauth_FPBAuthService: FPBAuthService, 1840
11-09 16:49:38.212  3099  3099 I TLC_BAUTH: FUNC ID 0x1 is completed;437
11-09 16:49:38.212  3099  3099 I TLC_BAUTH: Call FUNC ID 0x3 , 1;477
11-09 16:49:38.212  3099  3099 I tlc_communication: tlc_open() called;82
11-09 16:49:38.212  3099  3099 I tlc_communication: Opening MobiCore device;86
11-09 16:49:38.213  3099  3099 I tlc_communication: Allocating WSM for TCI;100
11-09 16:49:38.213  3099  3099 I tlc_communication: Opening the session;116
11-09 16:49:38.224  3065  3065 D SurfaceFlinger: shader cache generated - 24 shaders in 145.008133 ms
11-09 16:49:38.225  3065  3065 D SurfaceFlinger: Set power mode=2, type=0 flinger=0x7f95a5e000
11-09 16:49:38.298  3081  3081 D lhd     : L005303E LhP:: 	00515: (4/6, 100%)  ==>  Downloaded Patch
11-09 16:49:38.298  3081  3081 D lhd     : L005303E LhP:: 	00515: (5/6,   0%)  ==>  Start Patch
11-09 16:49:38.301  3083  3083 D ExynosCameraUtils: DEBUG(getSensorIdFromFile[1939]):Sensor name is 10
11-09 16:49:38.301  3083  3083 D ExynosCameraUtils: (3)
11-09 16:49:38.301  3083  3083 I ExynosCamera3SensorInfo: createCamera3SensorInfo[39] sensor ID(10)
11-09 16:49:38.301  3083  3083 V CameraWrapper: camera_open_legacy
11-09 16:49:38.301  3083  3083 V CameraWrapper: check_vendor_module
11-09 16:49:38.301  3083  3083 V Camera2Wrapper: camera2_device_open
11-09 16:49:38.301  3083  3083 V Camera2Wrapper: check_vendor_module
11-09 16:49:38.302  3083  3083 I ExynosCamera3Interface: INFO(HAL_open_legacy[450]):in =====
11-09 16:49:38.302  3083  3083 I ExynosCamera3Interface: INFO(HAL_open_legacy[470]):out =====
11-09 16:49:38.302  3083  3083 I ExynosCamera3Interface: INFO(HAL_camera_device_open[639]):camera(0) in
11-09 16:49:38.302  3083  3083 D ExynosCamera3Interface: DEBUG(check_camera_state):camera(0) state(1) checking...
11-09 16:49:38.302  3083  3083 D ExynosCamera3Interface: DEBUG(check_camera_state):camera(0) state(0:NONE->1:OPENED) is valid
11-09 16:49:38.302  3083  3083 D ExynosCamera3Interface: DEBUG(HAL_camera_device_open):open camera 0
11-09 16:49:38.302  3083  3083 E ExynosCamera: Build Date is (__DATE__) (__TIME__)
11-09 16:49:38.302  3083  3083 D ExynosCameraUtils: DEBUG(checkAndroidVersion[2075]): Tartget Android version (4.4), build version (8.0.0)
11-09 16:49:38.302  3083  3083 I ExynosCamera: [CAM_ID(0)][]-INFO(ExynosCamera):cameraId(0), use_companion(1)
11-09 16:49:38.302  3083  3083 D ExynosCamera: [CAM_ID(0)][]-DEBUG(ExynosCamera): companionThread starts
11-09 16:49:38.303  3083  4159 I ExynosCamera: [CAM_ID(0)][]-INFO(m_companionThreadFunc[11889]):
11-09 16:49:38.303  3083  4159 D ExynosCameraNode: [CAM_ID(0)][companion]-DEBUG(open[251]): Node(109)(/dev/video109) opened. m_fd(8)
11-09 16:49:38.303  3083  4159 D ExynosCamera: [CAM_ID(0)][]-DEBUG(m_companionThreadFunc):Companion Node(109) opened running)
11-09 16:49:38.303  3083  4159 D ExynosCameraUtils: DEBUG(getSensorIdFromFile[1939]):Sensor name is 10
11-09 16:49:38.303  3083  4159 D ExynosCameraUtils: (3)
11-09 16:49:38.304  3083  3083 D ExynosCameraSensorInfo: createSensorInfo[34] sensor ID(10)
11-09 16:49:38.304  3083  3083 I ExynosCameraParameters: [CAM_ID(0)][ParametersBack]-DEBUG(m_setParamCropRegion):size0(5312, 2988, 3840, 2160)
11-09 16:49:38.305  3083  3083 I ExynosCameraParameters: [CAM_ID(0)][ParametersBack]-DEBUG(m_setParamCropRegion):size(0, 0, 5312, 2988), level(0)
11-09 16:49:38.305  3083  3083 I ExynosCameraUtils: INFO(checkBinningProperty[2126]): set cam_binning property 0
11-09 16:49:38.305  3083  3083 I ExynosCameraUtils: INFO(checkFpsProperty[2109]): set cam_binning property (0).
11-09 16:49:38.305  3083  3083 I ExynosCameraParameters: [CAM_ID(0)][ParametersBack]-INFO(setDefaultCameraInfo[645])
11-09 16:49:38.305  3083  3083 D ExynosCameraParameters: [CAM_ID(0)][ParametersBack]-DEBUG(m_setBnsScaleRatio[4104]): update BNS ratio(0 -> 1000)
11-09 16:49:38.305  3083  3083 I ExynosCameraParameters: [CAM_ID(0)][ParametersBack]-INFO(setDefaultParameter[660])
11-09 16:49:38.305  3083  3083 D ExynosCameraParameters: [CAM_ID(0)][ParametersBack]-DEBUG(setDefaultParameter): Default preview size is 1920x1080
11-09 16:49:38.305  3083  3083 D ExynosCameraParameters: [CAM_ID(0)][ParametersBack]-DEBUG(setDefaultParameter): KEY_SUPPORTED_VIDEO_SIZES 1920x1080,1440x1080,1088x1088,1280x720,960x720,800x450,720x480,640x480,480x320,352x288,320x240,256x144,176x144
11-09 16:49:38.305  3083  3083 D ExynosCameraParameters: [CAM_ID(0)][ParametersBack]-DEBUG(setDefaultParameter): Max video size is 1920x1080
11-09 16:49:38.305  3083  3083 D ExynosCameraParameters: [CAM_ID(0)][ParametersBack]-DEBUG(setDefaultParameter): Default video size is 1920x1080
11-09 16:49:38.305  3083  3083 I ExynosCameraParameters: [CAM_ID(0)][ParametersBack]-INFO(setDefaultParameter[729]):video_frame_foramt == YUV420SP_NV21
11-09 16:49:38.306  3083  3083 D ExynosCameraParameters: [CAM_ID(0)][ParametersBack]-DEBUG(setDefaultParameter): Default picture size is 5312x2988
11-09 16:49:38.306  3083  3083 D ExynosCameraParameters: [CAM_ID(0)][ParametersBack]-DEBUG(setDefaultParameter): Default dng picture size is 5328x3000
11-09 16:49:38.306  3083  3083 D ExynosCameraParameters: [CAM_ID(0)][ParametersBack]-m_antiBanding = 50hz
11-09 16:49:38.306  3083  3083 I ExynosCameraParameters: INFO(setDefaultParameter):getMaxZoomLevel(100)
11-09 16:49:38.306  3083  3083 I ExynosCameraParameters: INFO(setDefaultParameter):maxZoom=100, max_zoom_ratio= 8000, zoomRatioList=100,102,104,106,108,111,113,115,118,120,123,125,128,131,134,137,139,142,145,149,152,155,158,162,165,169,172,176,180,183,187,191,195,200,204,208,213,217,222,226,231,236,241,246,251,257,262,268,274,279,285,291,298,304,310,317,324,331,338,345,352,360,367,375,383,391,400,408,417,426,435,444,453,463,473,483,493,503,514,525,536,548,559,571,583,596,608,621,634,648,662,676,690,705,720,735,751,767,783,800
11-09 16:49:38.306  3083  3083 I ExynosCameraParameters: [CAM_ID(0)][ParametersBack]-INFO(getPreviewFpsRange[1190]):minFpsRange=15, maxFpsRange=30
11-09 16:49:38.306  3083  3083 I ExynosCameraParameters: [CAM_ID(0)][ParametersBack]-INFO(setDefaultParameter):supportedFpsList=(15000,15000),(24000,24000),(15000,30000),(30000,30000)
11-09 16:49:38.307  3083  3083 D ExynosCameraParameters: [CAM_ID(0)][ParametersBack]-DEBUG(setParameters):intelligent_mode : -1
11-09 16:49:38.307  3083  3083 D ExynosCameraParameters: [CAM_ID(0)][ParametersBack]-DEBUG(setParameters):intelligent_mode(-1) getVisionMode(0)
11-09 16:49:38.307  3083  3083 I ExynosCameraParameters: [CAM_ID(0)][ParametersBack]-INFO(checkPreviewFpsRange):Original FpsRange[Min=15000, Max=30000]
11-09 16:49:38.307  3083  3083 I ExynosCameraParameters: [CAM_ID(0)][ParametersBack]-INFO(checkPreviewFpsRange):curFpsRange[Min=15, Max=30], newHWFpsRange[Min=15, Max=30], newFpsRange[Min=15, Max=30], [curFrameRate=30]
11-09 16:49:38.307  3083  3083 I ExynosCameraActivityControl: INFO(setFpsValue[898]): m_fpsValue(15)
11-09 16:49:38.307  3083  3083 I ExynosCameraParameters: [CAM_ID(0)][ParametersBack]-INFO(setParameters):newVideo Size (1920x1080), ratioId(0)
11-09 16:49:38.307  3083  3083 D ExynosCameraParameters: [CAM_ID(0)][ParametersBack]-DEBUG(setParameters):fast-fps-mode : -1
11-09 16:49:38.307  3083  3083 I ExynosCameraParameters: [CAM_ID(0)][ParametersBack]-INFO(checkPreviewFpsRange):curFpsRange[Min=15, Max=30], [curFrameRate=30]
11-09 16:49:38.307  3083  3083 D ExynosCameraParameters: [CAM_ID(0)][ParametersBack]-DEBUG(m_setRestartPreviewChecked):setRestartPreviewChecked(during SetParameters) true
11-09 16:49:38.307  3083  3083 D ExynosCameraParameters: [CAM_ID(0)][ParametersBack]-DEBUG(setParameters):newVTMode -1
11-09 16:49:38.307  3083  3083 D ExynosCameraParameters: [CAM_ID(0)][ParametersBack]-DEBUG(setParameters):newHwVdis 0
11-09 16:49:38.307  3083  3083 D ExynosCameraParameters: [CAM_ID(0)][ParametersBack]-DEBUG(setParameters):new3dnrMode false
11-09 16:49:38.307  3083  3083 D ExynosCameraParameters: [CAM_ID(0)][ParametersBack]-DEBUG(setParameters):newDrcMode false
11-09 16:49:38.307  3083  3083 D ExynosCameraParameters: [CAM_ID(0)][ParametersBack]-DEBUG(setParameters):newOdcMode false
11-09 16:49:38.307  3083  3083 D ExynosCameraParameters: DEBUG(setParameters):highResolutionMode:off
11-09 16:49:38.307  3083  3083 I ExynosCameraParameters: INFO(setParameters):Cur Preview size(1920x1080)
11-09 16:49:38.307  3083  3083 I ExynosCameraParameters: INFO(setParameters):Cur HwPreview size(3840x2160)
11-09 16:49:38.308  3083  3083 I ExynosCameraParameters: INFO(setParameters):param.preview size(1920x1080)
11-09 16:49:38.308  3083  3083 I ExynosCameraParameters: INFO(setParameters):Adjust Preview size(1920x1080), ratioId(0)
11-09 16:49:38.308  3083  3083 I ExynosCameraParameters: INFO(setParameters):Calibrated HwPreview size(1920x1080)
11-09 16:49:38.308  3083  3083 D ExynosCameraParameters: DEBUG(checkPreviewSize):setRestartPreviewChecked true
11-09 16:49:38.308  3083  3083 D ExynosCameraParameters: [CAM_ID(0)][ParametersBack]-DEBUG(m_setRestartPreviewChecked):setRestartPreviewChecked(during SetParameters) true
11-09 16:49:38.308  3083  3083 D ExynosCameraParameters: [CAM_ID(0)][ParametersBack]-DEBUG(setParameters):newPreviewFormat: yuv420sp
11-09 16:49:38.308  3083  3083 I ExynosCameraParameters: [CAM_ID(0)][ParametersBack]-INFO(Parameters[3813]): preview format changed cur(yuv420sp) -> new(yuv420sp)
11-09 16:49:38.308  3083  3083 I ExynosCameraParameters: [CAM_ID(0)][ParametersBack]-INFO(setParameters):newPicture Size (5312x2988), ratioId(0)
11-09 16:49:38.308  3083  3083 D ExynosCameraParameters: [CAM_ID(0)][ParametersBack]-DEBUG(setParameters):newPictureFormat jpeg
11-09 16:49:38.308  3083  3083 I ExynosCameraParameters: [CAM_ID(0)][ParametersBack]-INFO(Parameters[4559]): Picture format changed, cur(jpeg) -> new(jpeg)
11-09 16:49:38.308  3083  3083 D ExynosCameraParameters: [CAM_ID(0)][ParametersBack]-DEBUG(setParameters):newJpegQuality 96
11-09 16:49:38.308  3083  3083 D ExynosCameraParameters: [CAM_ID(0)][ParametersBack]-DEBUG(setParameters):newJpegThumbnailW X newJpegThumbnailH: 496 X 374
11-09 16:49:38.308  3083  3083 D ExynosCameraParameters: [CAM_ID(0)][ParametersBack]-DEBUG(setParameters):newJpegThumbnailQuality 100
11-09 16:49:38.308  3083  3083 D ExynosCameraParameters: [CAM_ID(0)][ParametersBack]-DEBUG(setParameters):newZoom 0
11-09 16:49:38.308  3083  3083 D ExynosCameraParameters: [CAM_ID(0)][ParametersBack]-DEBUG(setParameters):set orientation:0
11-09 16:49:38.308  3083  3083 D ExynosCameraParameters: [CAM_ID(0)][ParametersBack]-DEBUG(setParameters):newExposureCompensation 0
11-09 16:49:38.308  3083  3083 D ExynosCameraParameters: [CAM_ID(0)][ParametersBack]-DEBUG(setParameters):newExposureTime : 0
11-09 16:49:38.308  3083  3083 D ExynosCameraParameters: DEBUG(setParameters):strNewMeteringMode center
11-09 16:49:38.308  3083  3083 I ExynosCameraParameters: INFO(checkMeteringMode): Metering Area is changed (0 -> 2)
11-09 16:49:38.308  3083  3083 D ExynosCameraParameters: [CAM_ID(0)][ParametersBack]-DEBUG(setParameters):m_antiBanding 50hz
11-09 16:49:38.308  3083  3083 D ExynosCameraParameters: [CAM_ID(0)][ParametersBack]-DEBUG(setParameters):strNewAntibanding 50hz
11-09 16:49:38.308  3083  3083 D ExynosCameraParameters: [CAM_ID(0)][ParametersBack]-DEBUG(setParameters):strNewSceneMode auto
11-09 16:49:38.308  3083  3083 D ExynosCameraParameters: [CAM_ID(0)][ParametersBack]-DEBUG(setParameters):strNewFocusMode auto
11-09 16:49:38.308  3083  3083 D ExynosCameraParameters: [CAM_ID(0)][ParametersBack]-DEBUG(setParameters):strNewFlashMode off
11-09 16:49:38.308  3083  3083 D ExynosCameraParameters: [CAM_ID(0)][ParametersBack]-DEBUG(setParameters):newWhiteBalance auto
11-09 16:49:38.308  3083  3083 D ExynosCameraParameters: [CAM_ID(0)][ParametersBack]-DEBUG(setParameters):newFocusAreas (0,0,0,0,0), numFocusAreas(1)
11-09 16:49:38.308  3083  3083 D ExynosCameraUtils: (bracketsStr2Ints):(0,0,0,0,0) - validFocusedAreas(1)
11-09 16:49:38.308  3083  3083 D ExynosCameraParameters: [CAM_ID(0)][ParametersBack]-DEBUG(setParameters):strNewEffectMode none
11-09 16:49:38.308  3083  3083 D ExynosCameraParameters: [CAM_ID(0)][ParametersBack]-DEBUG(setParameters):newBrightness 0
11-09 16:49:38.308  3083  3083 D ExynosCameraParameters: [CAM_ID(0)][ParametersBack]-DEBUG(setParameters):newSaturation 0
11-09 16:49:38.308  3083  3083 D ExynosCameraParameters: [CAM_ID(0)][ParametersBack]-DEBUG(setParameters):newSharpness 0
11-09 16:49:38.308  3083  3083 D ExynosCameraParameters: [CAM_ID(0)][ParametersBack]-DEBUG(setParameters):newHue 0
11-09 16:49:38.308  3083  3083 D ExynosCameraParameters: [CAM_ID(0)][ParametersBack]-DEBUG(setParameters):strNewRTDrc off
11-09 16:49:38.309  3083  3083 D ExynosCameraParameters: [CAM_ID(0)][ParametersBack]-DEBUG(setParameters):strNewPaf off
11-09 16:49:38.309  3083  3083 D ExynosCameraParameters: [CAM_ID(0)][ParametersBack]-DEBUG(setParameters):strNewRTWdr off
11-09 16:49:38.309  3083  3083 D ExynosCameraParameters: [CAM_ID(0)][ParametersBack]-DEBUG(setParameters):strNewISO auto
11-09 16:49:38.309  3083  3083 D ExynosCameraParameters: [CAM_ID(0)][ParametersBack]-DEBUG(setParameters):strNewContrast auto
11-09 16:49:38.309  3083  3083 D ExynosCameraParameters: [CAM_ID(0)][ParametersBack]-DEBUG(setParameters):newHDR 0
11-09 16:49:38.309  3083  3083 D ExynosCameraParameters: [CAM_ID(0)][ParametersBack]-DEBUG(setParameters):newWDR 0
11-09 16:49:38.309  3083  3083 D ExynosCameraParameters: [CAM_ID(0)][ParametersBack]-DEBUG(setParameters):newShotMode 0
11-09 16:49:38.309  3083  3083 D ExynosCameraParameters: [CAM_ID(0)][ParametersBack]-DEBUG(setParameters):newVRMode -1
11-09 16:49:38.309  3083  3083 D ExynosCameraParameters: DEBUG(setParameters): checkImageUniqueId : romReadThreadDone(0)
11-09 16:49:38.309  3083  3083 D ExynosCameraParameters: [CAM_ID(0)][ParametersBack]-DEBUG(setParameters): seriesShotFilePath NULL
11-09 16:49:38.309  3083  3083 D ExynosCameraParameters: [CAM_ID(0)][ParametersBack]-DEBUG(setParameters): dngFilePath NULL
11-09 16:49:38.309  3083  3083 D ExynosCameraParameters: [CAM_ID(0)][ParametersBack]-checkLLV: No value change in LLV mode : 0
11-09 16:49:38.309  3083  3083 D ExynosCameraParameters: DEBUG(setParameters):strNewOIS still
11-09 16:49:38.309  3083  3083 D ExynosCameraParameters: checkOIS set OIS, new OIS Mode = 100
11-09 16:49:38.309  3083  3083 D ExynosCameraParameters: (setOISMode[8720])set OIS Mode = 100
11-09 16:49:38.309  3083  3083 D ExynosCameraParameters: [CAM_ID(0)][ParametersBack]-DEBUG(setParameters[609]):Need restart preview
11-09 16:49:38.309  3083  3083 D ExynosCameraParameters: [CAM_ID(0)][ParametersBack]-DEBUG(m_setRestartPreview):setRestartPreview true
11-09 16:49:38.309  3083  3083 D ExynosCameraParameters: (void android::ExynosCameraParameters::m_getSetfileYuvRange(bool, int *, int *))[11931] : CurrentState (0x   0), currentSetfile(0)
11-09 16:49:38.309  3083  3083 D ExynosCameraParameters: (void android::ExynosCameraParameters::m_getSetfileYuvRange(bool, int *, int *))[11931] : CurrentState (0x   1), currentSetfile(5)
11-09 16:49:38.309  3083  3083 D ExynosCameraParameters: [CAM_ID(0)][ParametersBack]-DEBUG(checkSetfileYuvRange[11454]):m_cameraId(0) : general[setfile(0) YUV range(0)] : reprocesing[setfile(5) YUV range(0)]
11-09 16:49:38.309  3083  3083 D ExynosCameraParameters: [CAM_ID(0)][ParametersBack]-DEBUG(setParameters):newQshot 0
11-09 16:49:38.309  3083  3083 D ExynosCamera: [CAM_ID(0)][]-DEBUG(ExynosCamera):Parameters(CameraId=0 / m_cameraSensorId=10) created
11-09 16:49:38.309  3083  3083 I ExynosCamera: [CAM_ID(0)][]-INFO(m_createIonAllocator[15814]):try(1) to create IonAllocator
11-09 16:49:38.309  3083  3083 D ExynosCamera: [CAM_ID(0)][]-DEBUG(m_createIonAllocator[15820]):m_createIonAllocator success (allocator=0xe9f15ad0)
11-09 16:49:38.309  3083  3083 D ExynosCamera: [CAM_ID(0)][]-DEBUG(m_createBufferManager[15850]):m_createIonAllocator success
11-09 16:49:38.309  3083  3083 D UniPlugin: uni_plugin_load is called!
11-09 16:49:38.309  3083  3083 D UniPlugin: __uni_plugin_load is called!
11-09 16:49:38.309  3083  3083 D UniPlugin: get_plugin_handle is called!
11-09 16:49:38.310  3083  3083 E UniPlugin: get_plugin_handle, Couldn't load the library(libllv_interface.so): dlopen failed: library "libllv_interface.so" not found
11-09 16:49:38.310  3083  3083 E ExynosCamera: [CAM_ID(0)][]-[LLV](ExynosCamera[307]): LLV plugin load failed!!
11-09 16:49:38.310  3083  3083 D UniPlugin: uni_plugin_load is called!
11-09 16:49:38.310  3083  3083 D UniPlugin: __uni_plugin_load is called!
11-09 16:49:38.310  3083  3083 D UniPlugin: get_plugin_handle is called!
11-09 16:49:38.310  3083  3083 E UniPlugin: get_plugin_handle, Couldn't load the library(libsmartfocus_interface.so): dlopen failed: library "libsmartfocus_interface.so" not found
11-09 16:49:38.310  3083  3083 E ExynosCamera: [CAM_ID(0)][]-[OBTR](ExynosCamera[318]): Object Tracking plugin load failed!!
11-09 16:49:38.310  3083  3083 D UniPlugin: uni_plugin_load is called!
11-09 16:49:38.310  3083  3083 D UniPlugin: __uni_plugin_load is called!
11-09 16:49:38.310  3083  3083 D UniPlugin: get_plugin_handle is called!
11-09 16:49:38.310  3083  3083 E UniPlugin: get_plugin_handle, Couldn't load the library(libjpegQtable_interface.so): dlopen failed: library "libjpegQtable_interface.so" not found
11-09 16:49:38.310  3083  3083 E ExynosCamera: [CAM_ID(0)][]-[JQ](ExynosCamera[337]):JpegQtable plugin load failed!!
11-09 16:49:38.310  3083  3083 D UniPlugin: uni_plugin_load is called!
11-09 16:49:38.310  3083  3083 D UniPlugin: __uni_plugin_load is called!
11-09 16:49:38.310  3083  3083 D UniPlugin: get_plugin_handle is called!
11-09 16:49:38.310  3083  3083 E UniPlugin: get_plugin_handle, Couldn't load the library(libblurdetection_interface.so): dlopen failed: library "libblurdetection_interface.so" not found
11-09 16:49:38.310  3083  3083 E ExynosCamera: [CAM_ID(0)][]-[BD](ExynosCamera[344]):BlurDetection plugin load failed!!
11-09 16:49:38.310  3083  3083 D UniPlugin: uni_plugin_load is called!
11-09 16:49:38.311  3083  3083 D UniPlugin: __uni_plugin_load is called!
11-09 16:49:38.311  3083  3083 D UniPlugin: get_plugin_handle is called!
11-09 16:49:38.311  3083  3083 E UniPlugin: get_plugin_handle, Couldn't load the library(liblls_interface.so): dlopen failed: library "liblls_interface.so" not found
11-09 16:49:38.311  3083  3083 E ExynosCamera: [CAM_ID(0)][]-[LDC](ExynosCamera[359]):LLS plugin load failed!!
11-09 16:49:38.311  3083  3083 D ExynosCameraActivitySpecialCapture: DEBUG(resetOISCaptureFcount[626]):
11-09 16:49:38.311  3083  3083 D ExynosCameraFrameManager: DEBUG(ExynosCameraFrameManager): FrameManager CREATE(name(FRAME MANAGER) cameraid(0) mode(2)
11-09 16:49:38.311  3083  3083 D ExynosCameraFrameManager: [CAM_ID(0)][CREATE FRAME WORKER]-DEBUG(CreateWorker): Worker CREATE(name(CREATE FRAME WORKER) cameraid(0) mode(2) margin(200)  
11-09 16:49:38.311  3083  3083 D ExynosCameraFrameManager: [CAM_ID(0)][DELETE FRAME WORKER]-DEBUG(DeleteWorker): Worker CREATE(name(DELETE FRAME WORKER) cameraid(0) mode(2) 
11-09 16:49:38.311  3083  3083 D ExynosCameraParameters: [CAM_ID(0)][ParametersBack]-DEBUG(setDeviceOrientation[11409]):orientation(0), hwRotation(90), fdOrientation(90)
11-09 16:49:38.311  3083  3083 I ExynosCamera: [CAM_ID(0)][]-INFO(m_initFrameFactory[889]): -IN-
11-09 16:49:38.311  3083  3083 D ExynosCameraFrameFactory: [CAM_ID(0)][]-DEBUG(m_setCreate[104]) setCreate old(false) new(false)
11-09 16:49:38.311  3083  3083 D ExynosCameraFrameFactory3aaIspTpu: [CAM_ID(0)][]-DEBUG(m_init[1138]): 
11-09 16:49:38.311  3083  3083 D ExynosCameraFrameFactory: [CAM_ID(0)][]-DEBUG(m_setCreate[104]) setCreate old(false) new(false)
11-09 16:49:38.311  3083  3083 I chatty  : uid=1047(cameraserver) /system/bin/cameraserver identical 1 line
11-09 16:49:38.312  3083  3083 D ExynosCameraFrameFactory: [CAM_ID(0)][]-DEBUG(m_setCreate[104]) setCreate old(false) new(false)
11-09 16:49:38.312  3083  3083 I ExynosCamera: [CAM_ID(0)][]-INFO(m_initFrameFactory[937]): -OUT-
11-09 16:49:38.312  3083  3083 D ExynosCamera: DEBUG:duration time(    1 msec):(m_initFrameFactory)
11-09 16:49:38.312  3083  3083 D SecCameraPreviewFrameScheduler: (SecCameraPreviewFrameScheduler[36])
11-09 16:49:38.312  3083  3083 D SecCameraPreviewFrameScheduler: (m_reset[55] targetFps=30.000000, m_videoSyncPeriod=33333333)
11-09 16:49:38.312  3083  3083 I ExynosCamera3Interface: INFO(HAL_camera_device_open[683]):camera(0) out from new g_cam_device[0]->priv()
11-09 16:49:38.312  3083  3083 I ExynosCamera3Interface: INFO(HAL_camera_device_open[686]):camera(0) unlocked..
11-09 16:49:38.312  3083  3083 I ExynosCamera3Interface: INFO(HAL_camera_device_open[733]):camera(0) out
11-09 16:49:38.312  3083  3083 D ExynosCamera3Interface: DEBUG:duration time(   10 msec):(HAL_camera_device_open)
11-09 16:49:38.312  3083  3083 D ExynosCamera3Interface: DEBUG:duration time(   10 msec):(HAL_open_legacy)
11-09 16:49:38.312  3083  3083 V Camera2Wrapper: camera2_device_open: got vendor camera device 0xE9F2E310
11-09 16:49:38.312  3083  3083 V Camera2Wrapper: camera2_device_close
11-09 16:49:38.312  3083  3083 I ExynosCamera3Interface: INFO(HAL_camera_device_close[748]): in
11-09 16:49:38.312  3083  3083 I ExynosCamera3Interface: INFO(HAL_camera_device_close[754]):camera(0)
11-09 16:49:38.312  3083  3083 D ExynosCamera3Interface: DEBUG(check_camera_state):camera(0) state(3) checking...
11-09 16:49:38.312  3083  3083 D ExynosCamera3Interface: DEBUG(check_camera_state):camera(0) state(1:OPENED->3:CLOSED) is valid
11-09 16:49:38.312  3083  3083 I ExynosCamera3Interface: INFO(HAL_camera_device_close[764]):camera(0) locked..
11-09 16:49:38.312  3083  3083 I ExynosCamera3Interface: INFO(HAL_camera_device_close[767]):camera(0) unlocked..
11-09 16:49:38.312  3083  3083 I ExynosCamera: [CAM_ID(0)][]-INFO(release[1011]): -IN-
11-09 16:49:38.312  3083  3083 I ExynosCamera: [CAM_ID(0)][]-INFO(release[1016]): wait m_fastenAeThread
11-09 16:49:38.312  3083  3083 I ExynosCamera: [CAM_ID(0)][]-INFO(release[1018]): wait m_fastenAeThread end
11-09 16:49:38.312  3083  3083 I ExynosCamera: [CAM_ID(0)][]-INFO(m_stopCompanion[19070]): wait m_companionThread
11-09 16:49:38.327  3099  3099 I tlc_communication: tlc_open() successed;136
11-09 16:49:38.327  3099  3099 I TLC_BAUTH: Check TCI buffer;538
11-09 16:49:38.328  3099  3099 I TLC_BAUTH: Call FP cmd 0x11;327
11-09 16:49:38.328  3099  3099 I tlc_communication: Send Trustlet TCI Message;214
11-09 16:49:38.328  3099  3099 I tlc_communication: mcNotify is completed;224
11-09 16:49:38.329  3099  3099 I tlc_communication: mcWaitNotification is completed;237
11-09 16:49:38.329  3099  3099 I TLC_BAUTH: Check the Trustlet return code is completed;362
11-09 16:49:38.329  3099  3099 I TLC_BAUTH: ion alloc dm;646
11-09 16:49:38.329  3099  3099 I TLC_BAUTH: Call FP cmd 0x12;379
11-09 16:49:38.329  3099  3099 I tlc_communication: Send Trustlet TCI Message;214
11-09 16:49:38.329  3099  3099 I tlc_communication: mcNotify is completed;224
11-09 16:49:38.330  3099  3099 I tlc_communication: mcWaitNotification is completed;237
11-09 16:49:38.330  3099  3099 I TLC_BAUTH: Check the Trustlet return code is completed;406
11-09 16:49:38.330  3099  3099 I TLC_BAUTH: FUNC ID 0x3 is completed;675
11-09 16:49:38.330  3099  3099 D bauth_FPBAuthService: FPBAuthService, 687
11-09 16:49:38.334  3099  3099 D bauth_FPBAuthSensorControl: FPBAuthSensorControl, 346
11-09 16:49:38.334  3099  3099 D bauth_FPBAuthService: FPBAuthService, 699
11-09 16:49:38.334  3099  3099 D bauth_FPBAuthService: FPBAuthService, 1869
11-09 16:49:38.337  3099  3099 D bauth_FPBAuthService: FPBAuthService, 741
11-09 16:49:38.337  3099  3099 D bauth_FPBAuthSensorControl: FPBAuthSensorControl, 552
11-09 16:49:38.337  3099  3099 I TLC_BAUTH: Call FP cmd 0x1;841
11-09 16:49:38.337  3099  3099 I tlc_communication: Send Trustlet TCI Message;214
11-09 16:49:38.337  3099  3099 I tlc_communication: mcNotify is completed;224
11-09 16:49:38.345  3078  3078 V wifiloader: /proc/deferred_initcalls=0
11-09 16:49:38.345  3078  3078 V wifiloader: 
11-09 16:49:38.345  3081  3081 D lhd     : L005350E LhP:: 	00562: (6/6, 100%)  ==>  done
11-09 16:49:38.345  3081  3081 D lhd     : L005350E LhP:: FirmwareDownloader TL stats err=0+0+1+0+0 sent=15994179308012699650
11-09 16:49:38.370  3099  3099 I fingerprint@2.1: type=1400 audit(0.0:185): avc: denied { write } for name="trace_marker" dev="debugfs" ino=2637 scontext=u:r:hal_fingerprint_default:s0 tcontext=u:object_r:debugfs:s0 tclass=file permissive=1
11-09 16:49:38.370  3099  3099 I fingerprint@2.1: type=1400 audit(0.0:186): avc: denied { open } for path="/sys/kernel/debug/tracing/trace_marker" dev="debugfs" ino=2637 scontext=u:r:hal_fingerprint_default:s0 tcontext=u:object_r:debugfs:s0 tclass=file permissive=1
11-09 16:49:38.375  3099  3099 I tlc_communication: mcWaitNotification is completed;237
11-09 16:49:38.375  3099  3099 I TLC_BAUTH: Check the Trustlet return code is completed;898
11-09 16:49:38.375  3099  3099 D bauth_FPBAuthService: check_opcode status = 0, opcode = 7, func_ret_val = 0, function_status = 0, timeout = 0
11-09 16:49:38.375  3099  3099 I TLC_BAUTH: Call FP cmd 0x1;841
11-09 16:49:38.375  3099  3099 I tlc_communication: Send Trustlet TCI Message;214
11-09 16:49:38.375  3099  3099 I tlc_communication: mcNotify is completed;224
11-09 16:49:38.383  3099  3099 I tlc_communication: mcWaitNotification is completed;237
11-09 16:49:38.383  3099  3099 I TLC_BAUTH: Check the Trustlet return code is completed;898
11-09 16:49:38.383  3099  3099 D bauth_FPBAuthService: check_opcode status = 0, opcode = 0, func_ret_val = 0, function_status = 0, timeout = 0
11-09 16:49:38.383  3099  3099 D bauth_FPBAuthSensorControl: FPBAuthSensorControl, 552
11-09 16:49:38.383  3099  3099 D bauth_FPBAuthService: thread id : 3, preenroll_flag : 0
11-09 16:49:38.383  3099  3099 D bauth_FPBAuthService: FPBAuthService, 7208
11-09 16:49:38.383  3099  3099 D bauth_service: BAuthService, 246
11-09 16:49:38.383  3099  3099 D bauth_service: BAuthService, 1678
11-09 16:49:38.383  3099  3099 D bauth_FPBAuthService: FPBAUTH setNotifyCallback
11-09 16:49:38.383  3099  3099 D bauth_FPBAuthService: thread id : 3, preenroll_flag : 0
11-09 16:49:38.383  3099  3099 D bauth_service: BAuthService, 1697
11-09 16:49:38.384  3099  3099 I ServiceManagement: Removing namespace from process name android.hardware.biometrics.fingerprint@2.1-service to fingerprint@2.1.
11-09 16:49:38.415  3019  3019 W zygote  : !bang JNI is deprecated. Switch to @FastNative for void android.media.AudioTrack.native_flush()
11-09 16:49:38.416  3019  3019 W zygote  : !bang JNI is deprecated. Switch to @FastNative for int android.media.AudioTrack.native_write_byte(byte[], int, int, int, boolean)
11-09 16:49:38.416  3019  3019 W zygote  : !bang JNI is deprecated. Switch to @FastNative for int android.media.AudioTrack.native_write_native_bytes(java.lang.Object, int, int, int, boolean)
11-09 16:49:38.416  3019  3019 W zygote  : !bang JNI is deprecated. Switch to @FastNative for int android.media.AudioTrack.native_write_short(short[], int, int, int, boolean)
11-09 16:49:38.416  3019  3019 W zygote  : !bang JNI is deprecated. Switch to @FastNative for int android.media.AudioTrack.native_write_float(float[], int, int, int, boolean)
11-09 16:49:38.441  3019  3019 I SamplingProfilerIntegration: Profiling disabled.
11-09 16:49:38.449  3019  3019 I zygote  : Explicit concurrent copying GC freed 182(8KB) AllocSpace objects, 0(0B) LOS objects, 99% free, 23KB/6MB, paused 81us total 6.994ms
11-09 16:49:38.453  3019  3019 I zygote  : Explicit concurrent copying GC freed 9(32KB) AllocSpace objects, 0(0B) LOS objects, 99% free, 23KB/6MB, paused 43us total 2.974ms
11-09 16:49:38.454  3019  3019 D Zygote32Timing: PostZygoteInitGC took to complete: 12ms
11-09 16:49:38.454  3019  3019 D Zygote32Timing: ZygoteInit took to complete: 13ms
11-09 16:49:38.455  3019  3019 I zygote  : Global filter of size 170 installed
11-09 16:49:38.455  3019  3019 I Zygote  : Accepting command socket connections
11-09 16:49:38.472  3018  3018 W zygote64: !bang JNI is deprecated. Switch to @FastNative for void android.media.AudioTrack.native_flush()
11-09 16:49:38.472  3018  3018 W zygote64: !bang JNI is deprecated. Switch to @FastNative for int android.media.AudioTrack.native_write_byte(byte[], int, int, int, boolean)
11-09 16:49:38.472  3018  3018 W zygote64: !bang JNI is deprecated. Switch to @FastNative for int android.media.AudioTrack.native_write_native_bytes(java.lang.Object, int, int, int, boolean)
11-09 16:49:38.472  3018  3018 W zygote64: !bang JNI is deprecated. Switch to @FastNative for int android.media.AudioTrack.native_write_short(short[], int, int, int, boolean)
11-09 16:49:38.472  3018  3018 W zygote64: !bang JNI is deprecated. Switch to @FastNative for int android.media.AudioTrack.native_write_float(float[], int, int, int, boolean)
11-09 16:49:38.491  3018  3018 I SamplingProfilerIntegration: Profiling disabled.
11-09 16:49:38.492  3018  3018 D Zygote  : begin preload
11-09 16:49:38.493  3018  3018 I Zygote  : Installing ICU cache reference pinning...
11-09 16:49:38.493  3018  3018 I Zygote  : Preloading ICU data...
11-09 16:49:38.531  3018  3018 D Zygote64Timing: BeginIcuCachePinning took to complete: 39ms
11-09 16:49:38.532  3018  3018 I Zygote  : Preloading classes...
11-09 16:49:38.590  4176  4176 I BootAnimation: type=1400 audit(0.0:187): avc: denied { write } for name="trace_marker" dev="debugfs" ino=2637 scontext=u:r:bootanim:s0 tcontext=u:object_r:debugfs:s0 tclass=file permissive=1
11-09 16:49:38.590  4176  4176 I BootAnimation: type=1400 audit(0.0:188): avc: denied { open } for path="/sys/kernel/debug/tracing/trace_marker" dev="debugfs" ino=2637 scontext=u:r:bootanim:s0 tcontext=u:object_r:debugfs:s0 tclass=file permissive=1
11-09 16:49:38.595  4153  4176 I vndksupport: sphal namespace is not configured for this process. Loading /vendor/lib64/egl/libGLES_mali.so from the current namespace instead.
11-09 16:49:38.606  4153  4176 D libEGL  : loaded /vendor/lib64/egl/libGLES_mali.so
11-09 16:49:38.646  4153  4176 D mali_winsys: EGLint new_window_surface(egl_winsys_display*, void*, EGLSurface, EGLConfig, egl_winsys_surface**, egl_color_buffer_format*, EGLBoolean) returns 0x3000,  [1440x2560]-format:2
11-09 16:49:38.749  4153  4176 D BootAnimation: BootAnimationShownTiming start time: 5754ms
11-09 16:49:38.825  3018  3018 E ActivityRecognitionHardware: activity_recognition HAL is deprecated. class_init is effectively a no-op
11-09 16:49:38.849  3018  3018 I zygote64: Thread[1,tid=3018,Native,Thread*=0x7fb2abea00,peer=0x77d01d70,"main"] recursive attempt to load library "/system/lib64/libmedia_jni.so"
11-09 16:49:38.850  3018  3018 D MtpDeviceJNI: register_android_mtp_MtpDevice
11-09 16:49:38.850  3018  3018 I zygote64: Thread[1,tid=3018,Native,Thread*=0x7fb2abea00,peer=0x77d01d70,"main"] recursive attempt to load library "/system/lib64/libmedia_jni.so"
11-09 16:49:38.851  3018  3018 I zygote64: Thread[1,tid=3018,Native,Thread*=0x7fb2abea00,peer=0x77d01d70,"main"] recursive attempt to load library "/system/lib64/libmedia_jni.so"
11-09 16:49:38.870  3018  3018 W main    : type=1400 audit(0.0:189): avc: granted { read } for name="cmdline" dev="proc" ino=4026542768 scontext=u:r:zygote:s0 tcontext=u:object_r:proc:s0 tclass=file
11-09 16:49:38.870  3018  3018 W main    : type=1400 audit(0.0:190): avc: granted { read open } for path="/proc/cmdline" dev="proc" ino=4026542768 scontext=u:r:zygote:s0 tcontext=u:object_r:proc:s0 tclass=file
11-09 16:49:38.870  3018  3018 W main    : type=1400 audit(0.0:191): avc: granted { getattr } for path="/proc/cmdline" dev="proc" ino=4026542768 scontext=u:r:zygote:s0 tcontext=u:object_r:proc:s0 tclass=file
11-09 16:49:38.930  3018  3018 W main    : type=1400 audit(0.0:192): avc: granted { read } for name="cpu" dev="sysfs" ino=36 scontext=u:r:zygote:s0 tcontext=u:object_r:sysfs:s0 tclass=dir
11-09 16:49:38.930  3018  3018 W main    : type=1400 audit(0.0:193): avc: granted { read open } for path="/sys/devices/system/cpu" dev="sysfs" ino=36 scontext=u:r:zygote:s0 tcontext=u:object_r:sysfs:s0 tclass=dir
11-09 16:49:38.993  3018  3018 I System  : Loaded time zone names for "" in 41ms (41ms in ICU)
11-09 16:49:39.004  3018  3018 I System  : Loaded time zone names for "en_US" in 11ms (11ms in ICU)
11-09 16:49:39.017  3018  3018 I System  : Loaded time zone names for "en_AT" in 12ms (11ms in ICU)
11-09 16:49:39.035  3018  3018 I Zygote  : ...preloaded 4570 classes in 503ms.
11-09 16:49:39.035  3018  3018 I zygote64: VMRuntime.preloadDexCaches starting
11-09 16:49:39.098  3083  4159 D ExynosCamera: [CAM_ID(0)][]-DEBUG(m_companionThreadFunc):Companion Node(109) s_input)
11-09 16:49:39.099  3083  4159 D ExynosCamera: [CAM_ID(0)][]-DEBUG(m_companionThreadFunc):duration time(  796 msec)
11-09 16:49:39.099  3083  3083 I ExynosCamera: [CAM_ID(0)][]-INFO(m_stopCompanion[19072]): wait m_companionThread end
11-09 16:49:39.099  3083  3083 D ExynosCameraNode: [CAM_ID(0)][companion]-DEBUG(close[269]): close
11-09 16:49:39.106  3018  3018 I zygote64: VMRuntime.preloadDexCaches strings total=307891 before=2819 after=2819
11-09 16:49:39.106  3018  3018 I zygote64: VMRuntime.preloadDexCaches types total=26239 before=2683 after=3319
11-09 16:49:39.106  3018  3018 I zygote64: VMRuntime.preloadDexCaches fields total=124432 before=2153 after=1211
11-09 16:49:39.106  3018  3018 I zygote64: VMRuntime.preloadDexCaches methods total=220350 before=87696 after=87796
11-09 16:49:39.106  3018  3018 I zygote64: VMRuntime.preloadDexCaches finished
11-09 16:49:39.106  3018  3018 D Zygote64Timing: PreloadClasses took to complete: 575ms
11-09 16:49:39.175  3083  3083 D ExynosCamera: [CAM_ID(0)][]-DEBUG(m_stopCompanion):Companion Node(109) closed
11-09 16:49:39.176  3083  3083 D ExynosCamera: [CAM_ID(0)][]-DEBUG(m_stopCompanion[19091]):duration time(   77 msec)
11-09 16:49:39.176  3083  3083 D ExynosCameraFrameManager: [CAM_ID(0)][FRAME MANAGER]-stop(736): frameManager already stop!!
11-09 16:49:39.176  3083  3083 I ExynosCamera: [CAM_ID(0)][]-INFO(m_deinitFrameFactory[944]): -IN-
11-09 16:49:39.176  3083  3083 D ExynosCamera: [CAM_ID(0)][]-DEBUG(m_deinitFrameFactory[958]): m_frameFactory index(0) and index(1) are same instance, set index(1) = NULL
11-09 16:49:39.176  3083  3083 D ExynosCamera: [CAM_ID(0)][]-DEBUG(m_deinitFrameFactory[958]): m_frameFactory index(0) and index(6) are same instance, set index(6) = NULL
11-09 16:49:39.176  3083  3083 I ExynosCameraFrameFactory: [CAM_ID(0)][ExynosCameraFrameFactory3aaIspTpu]-INFO(destroy[51])
11-09 16:49:39.176  3083  3083 D ExynosCameraFrameFactory: [CAM_ID(0)][ExynosCameraFrameFactory3aaIspTpu]-DEBUG(m_setCreate[104]) setCreate old(false) new(false)
11-09 16:49:39.176  3083  3083 I ExynosCameraFrameFactory: [CAM_ID(0)][ExynosCameraFrameFactory3aaIspTpu]-INFO(destroy[51])
11-09 16:49:39.176  3083  3083 D ExynosCameraFrameFactory: [CAM_ID(0)][ExynosCameraFrameFactory3aaIspTpu]-DEBUG(m_setCreate[104]) setCreate old(false) new(false)
11-09 16:49:39.176  3083  3083 I ExynosCameraFrameFactory: [CAM_ID(0)][ExynosCameraFrameFactory3aaIspTpu]-INFO(destroy[51])
11-09 16:49:39.176  3083  3083 D ExynosCameraFrameFactory: [CAM_ID(0)][ExynosCameraFrameFactory3aaIspTpu]-DEBUG(m_setCreate[104]) setCreate old(false) new(false)
11-09 16:49:39.176  3083  3083 D ExynosCamera: [CAM_ID(0)][]-DEBUG(m_deinitFrameFactory[971]):m_frameFactory[0] destroyed
11-09 16:49:39.176  3083  3083 I ExynosCameraFrameFactory: [CAM_ID(0)][ExynosCameraFrameFactory3aaIspOtf]-INFO(destroy[51])
11-09 16:49:39.176  3083  3083 D ExynosCameraFrameFactory: [CAM_ID(0)][ExynosCameraFrameFactory3aaIspOtf]-DEBUG(m_setCreate[104]) setCreate old(false) new(false)
11-09 16:49:39.176  3083  3083 I ExynosCameraFrameFactory: [CAM_ID(0)][ExynosCameraFrameFactory3aaIspOtf]-INFO(destroy[51])
11-09 16:49:39.176  3083  3083 D ExynosCameraFrameFactory: [CAM_ID(0)][ExynosCameraFrameFactory3aaIspOtf]-DEBUG(m_setCreate[104]) setCreate old(false) new(false)
11-09 16:49:39.176  3083  3083 I ExynosCameraFrameFactory: [CAM_ID(0)][ExynosCameraFrameFactory3aaIspOtf]-INFO(destroy[51])
11-09 16:49:39.176  3083  3083 D ExynosCameraFrameFactory: [CAM_ID(0)][ExynosCameraFrameFactory3aaIspOtf]-DEBUG(m_setCreate[104]) setCreate old(false) new(false)
11-09 16:49:39.176  3083  3083 D ExynosCamera: [CAM_ID(0)][]-DEBUG(m_deinitFrameFactory[971]):m_frameFactory[2] destroyed
11-09 16:49:39.176  3083  3083 I ExynosCameraFrameFactory: [CAM_ID(0)][ExynosCameraFrameFactory3aaIspOtfTpu]-INFO(destroy[51])
11-09 16:49:39.176  3083  3083 D ExynosCameraFrameFactory: [CAM_ID(0)][ExynosCameraFrameFactory3aaIspOtfTpu]-DEBUG(m_setCreate[104]) setCreate old(false) new(false)
11-09 16:49:39.176  3083  3083 I ExynosCameraFrameFactory: [CAM_ID(0)][ExynosCameraFrameFactory3aaIspOtfTpu]-INFO(destroy[51])
11-09 16:49:39.176  3083  3083 D ExynosCameraFrameFactory: [CAM_ID(0)][ExynosCameraFrameFactory3aaIspOtfTpu]-DEBUG(m_setCreate[104]) setCreate old(false) new(false)
11-09 16:49:39.176  3083  3083 I ExynosCameraFrameFactory: [CAM_ID(0)][ExynosCameraFrameFactory3aaIspOtfTpu]-INFO(destroy[51])
11-09 16:49:39.176  3083  3083 D ExynosCameraFrameFactory: [CAM_ID(0)][ExynosCameraFrameFactory3aaIspOtfTpu]-DEBUG(m_setCreate[104]) setCreate old(false) new(false)
11-09 16:49:39.176  3083  3083 D ExynosCamera: [CAM_ID(0)][]-DEBUG(m_deinitFrameFactory[971]):m_frameFactory[3] destroyed
11-09 16:49:39.176  3083  3083 I ExynosCameraFrameFactory: [CAM_ID(0)][FrameFactoryReprocessing]-INFO(destroy[51])
11-09 16:49:39.176  3083  3083 D ExynosCameraFrameFactory: [CAM_ID(0)][FrameFactoryReprocessing]-DEBUG(m_setCreate[104]) setCreate old(false) new(false)
11-09 16:49:39.176  3083  3083 D ExynosCameraFrameFactory: [CAM_ID(0)][FrameFactoryReprocessing]-DEBUG(m_setCreate[104]) setCreate old(false) new(false)
11-09 16:49:39.176  3083  3083 I ExynosCameraFrameFactory: [CAM_ID(0)][FrameFactoryReprocessing]-INFO(destroy[51])
11-09 16:49:39.176  3083  3083 D ExynosCameraFrameFactory: [CAM_ID(0)][FrameFactoryReprocessing]-DEBUG(m_setCreate[104]) setCreate old(false) new(false)
11-09 16:49:39.176  3083  3083 D ExynosCamera: [CAM_ID(0)][]-DEBUG(m_deinitFrameFactory[971]):m_frameFactory[7] destroyed
11-09 16:49:39.176  3083  3083 I ExynosCamera: [CAM_ID(0)][]-INFO(m_deinitFrameFactory[980]): -OUT-
11-09 16:49:39.176  3083  3083 D ExynosCamera: DEBUG:duration time(    0 msec):(m_deinitFrameFactory)
11-09 16:49:39.177  3083  3083 D ExynosCamera: [CAM_ID(0)][]-DEBUG(release):Parameters(Id=0) destroyed
11-09 16:49:39.177  3083  3083 I ExynosCamera: [CAM_ID(0)][]-INFO(m_releaseBuffers[16673]):release buffer
11-09 16:49:39.177  3083  3083 D ExynosCameraBufferManager: [CAM_ID(0)][BAYER_BUF]-DEBUG(deinit[116]):IN..
11-09 16:49:39.177  3083  3083 I ExynosCameraBufferManager: [CAM_ID(0)][BAYER_BUF]-INFO(deinit[119]:OUT.. Buffer is not allocated
11-09 16:49:39.177  3083  3083 D ExynosCameraBufferManager: [CAM_ID(0)][FLITE_BUF]-DEBUG(deinit[116]):IN..
11-09 16:49:39.177  3083  3083 I ExynosCameraBufferManager: [CAM_ID(0)][FLITE_BUF]-INFO(deinit[119]:OUT.. Buffer is not allocated
11-09 16:49:39.177  3083  3083 D ExynosCameraBufferManager: [CAM_ID(0)][3A1_BUF]-DEBUG(deinit[116]):IN..
11-09 16:49:39.177  3083  3083 I ExynosCameraBufferManager: [CAM_ID(0)][3A1_BUF]-INFO(deinit[119]:OUT.. Buffer is not allocated
11-09 16:49:39.177  3083  3083 D ExynosCameraBufferManager: [CAM_ID(0)][ISP_BUF]-DEBUG(deinit[116]):IN..
11-09 16:49:39.177  3083  3083 I ExynosCameraBufferManager: [CAM_ID(0)][ISP_BUF]-INFO(deinit[119]:OUT.. Buffer is not allocated
11-09 16:49:39.177  3083  3083 D ExynosCameraBufferManager: [CAM_ID(0)][HW_DIS_BUF]-DEBUG(deinit[116]):IN..
11-09 16:49:39.177  3083  3083 I ExynosCameraBufferManager: [CAM_ID(0)][HW_DIS_BUF]-INFO(deinit[119]:OUT.. Buffer is not allocated
11-09 16:49:39.177  3083  3083 D ExynosCameraBufferManager: [CAM_ID(0)][ISP_RE_BUF]-DEBUG(deinit[116]):IN..
11-09 16:49:39.177  3083  3083 I ExynosCameraBufferManager: [CAM_ID(0)][ISP_RE_BUF]-INFO(deinit[119]:OUT.. Buffer is not allocated
11-09 16:49:39.177  3083  3083 D ExynosCameraBufferManager: [CAM_ID(0)][SCC_RE_BUF]-DEBUG(deinit[116]):IN..
11-09 16:49:39.177  3083  3083 I ExynosCameraBufferManager: [CAM_ID(0)][SCC_RE_BUF]-INFO(deinit[119]:OUT.. Buffer is not allocated
11-09 16:49:39.177  3083  3083 D ExynosCameraBufferManager: [CAM_ID(0)][SCC_BUF]-DEBUG(deinit[116]):IN..
11-09 16:49:39.177  3083  3083 I ExynosCameraBufferManager: [CAM_ID(0)][SCC_BUF]-INFO(deinit[119]:OUT.. Buffer is not allocated
11-09 16:49:39.177  3083  3083 D ExynosCameraBufferManager: [CAM_ID(0)][GSC_BUF]-DEBUG(deinit[116]):IN..
11-09 16:49:39.177  3083  3083 I ExynosCameraBufferManager: [CAM_ID(0)][GSC_BUF]-INFO(deinit[119]:OUT.. Buffer is not allocated
11-09 16:49:39.177  3083  3083 D ExynosCameraBufferManager: [CAM_ID(0)][POSTPICTURE_GSC_BUF]-DEBUG(deinit[116]):IN..
11-09 16:49:39.177  3083  3083 I ExynosCameraBufferManager: [CAM_ID(0)][POSTPICTURE_GSC_BUF]-INFO(deinit[119]:OUT.. Buffer is not allocated
11-09 16:49:39.177  3083  3083 D ExynosCameraBufferManager: [CAM_ID(0)][THUMBNAIL_GSC_BUF]-DEBUG(deinit[116]):IN..
11-09 16:49:39.177  3083  3083 I ExynosCameraBufferManager: [CAM_ID(0)][THUMBNAIL_GSC_BUF]-INFO(deinit[119]:OUT.. Buffer is not allocated
11-09 16:49:39.177  3083  3083 D ExynosCameraBufferManager: [CAM_ID(0)][JPEG_BUF]-DEBUG(deinit[116]):IN..
11-09 16:49:39.177  3083  3083 I ExynosCameraBufferManager: [CAM_ID(0)][JPEG_BUF]-INFO(deinit[119]:OUT.. Buffer is not allocated
11-09 16:49:39.177  3083  3083 D ExynosCameraBufferManager: [CAM_ID(0)][REC_BUF]-DEBUG(deinit[116]):IN..
11-09 16:49:39.177  3083  3083 I ExynosCameraBufferManager: [CAM_ID(0)][REC_BUF]-INFO(deinit[119]:OUT.. Buffer is not allocated
11-09 16:49:39.177  3083  3083 D ExynosCameraBufferManager: [CAM_ID(0)][PREVIEW_CB_BUF]-DEBUG(deinit[116]):IN..
11-09 16:49:39.177  3083  3083 I ExynosCameraBufferManager: [CAM_ID(0)][PREVIEW_CB_BUF]-INFO(deinit[119]:OUT.. Buffer is not allocated
11-09 16:49:39.177  3083  3083 D ExynosCameraBufferManager: [CAM_ID(0)][HIGH_RESOLUTION_CB_BUF]-DEBUG(deinit[116]):IN..
11-09 16:49:39.177  3083  3083 I ExynosCameraBufferManager: [CAM_ID(0)][HIGH_RESOLUTION_CB_BUF]-INFO(deinit[119]:OUT.. Buffer is not allocated
11-09 16:49:39.177  3083  3083 D ExynosCameraBufferManager: [CAM_ID(0)][VDIS_BUF]-DEBUG(deinit[116]):IN..
11-09 16:49:39.177  3083  3083 I ExynosCameraBufferManager: [CAM_ID(0)][VDIS_BUF]-INFO(deinit[119]:OUT.. Buffer is not allocated
11-09 16:49:39.177  3083  3083 I ExynosCamera: [CAM_ID(0)][]-INFO(m_releaseBuffers[16741]):free buffer done
11-09 16:49:39.177  3083  3083 D ExynosCamera: [CAM_ID(0)][]-DEBUG(release):FrameFactoryQ destroyed
11-09 16:49:39.177  3083  3083 D ExynosCameraBufferManager: [CAM_ID(0)][BAYER_BUF]-DEBUG(deinit[116]):IN..
11-09 16:49:39.177  3083  3083 I ExynosCameraBufferManager: [CAM_ID(0)][BAYER_BUF]-INFO(deinit[119]:OUT.. Buffer is not allocated
11-09 16:49:39.177  3083  3083 D ExynosCameraBufferManager: [CAM_ID(0)][BAYER_BUF]-DEBUG(deinit[116]):IN..
11-09 16:49:39.177  3083  3083 I ExynosCameraBufferManager: [CAM_ID(0)][BAYER_BUF]-INFO(deinit[119]:OUT.. Buffer is not allocated
11-09 16:49:39.177  3083  3083 D ExynosCamera: [CAM_ID(0)][]-DEBUG(release):BufferManager(bayerBufferMgr) destroyed
11-09 16:49:39.177  3083  3083 D ExynosCameraBufferManager: [CAM_ID(0)][FLITE_BUF]-DEBUG(deinit[116]):IN..
11-09 16:49:39.177  3083  3083 I ExynosCameraBufferManager: [CAM_ID(0)][FLITE_BUF]-INFO(deinit[119]:OUT.. Buffer is not allocated
11-09 16:49:39.177  3083  3083 D ExynosCameraBufferManager: [CAM_ID(0)][FLITE_BUF]-DEBUG(deinit[116]):IN..
11-09 16:49:39.178  3083  3083 I ExynosCameraBufferManager: [CAM_ID(0)][FLITE_BUF]-INFO(deinit[119]:OUT.. Buffer is not allocated
11-09 16:49:39.178  3083  3083 D ExynosCamera: [CAM_ID(0)][]-DEBUG(release):BufferManager(m_fliteBufferMgr) destroyed
11-09 16:49:39.178  3083  3083 D ExynosCameraBufferManager: [CAM_ID(0)][3A1_BUF]-DEBUG(deinit[116]):IN..
